== 1. copy-free assembly (old stack) 16:52:11
zc0_cold: 29.64 FPS (interval p50 539.9 ms 
zc0_1: 29.57 FPS (interval p50 541.1 ms 
zc0_2: 29.50 FPS (interval p50 542.3 ms 
zc0_3: 29.47 FPS (interval p50 542.9 ms 
zc1_cold: 29.93 FPS (interval p50 534.6 ms 
zc1_1: 29.86 FPS (interval p50 535.8 ms 
zc1_2: 29.75 FPS (interval p50 537.8 ms 
zc1_3: 29.73 FPS (interval p50 538.2 ms 
pair	frames	psnr_chunk1	lpips_chunk1	psnr_clip	meandiff_clip_255	lpips_clip	psnr_last_chunk	lpips_last_chunk	sharp_chunk1	sharp_chunk1_ref	sharp_clip	sharp_clip_ref	flicker	flicker_ref
zc1_1:zc0_1	157	43.13	0.0020	45.26	1.05	0.0028	57.37	0.0005	907	907	882	883	8.77	8.77
zc0_2:zc0_1	157	148.13	0.0000	148.13	0.00	0.0000	148.13	0.0000	907	907	883	883	8.77	8.77
== 2. Sage register cap, kernel only (cu130 stack, same source, only -maxrregcount differs) 16:54:29
base     card0_10h_170sm    1.923 ms     436 TOPS  reference saved
base     card1_2h           0.567 ms     295 TOPS  reference saved
cap168   card0_10h_170sm    2.831 ms     296 TOPS  bit-identical
cap168   card1_2h           1.076 ms     156 TOPS  bit-identical
cap128   card0_10h_170sm    4.275 ms     196 TOPS  bit-identical
cap128   card1_2h           1.374 ms     122 TOPS  bit-identical
uncapped Sage restored in .venv-cu130
overlay          45G   38G  7.7G  83% /
LEV12 DONE 17:00:15
== 3. fused Sage V prep: bit-identity check 17:01:26
    end, cur_end = kvc.write(kc, k, v, chunk * n_tok, sink, local)
                   ^^^^^^^^^^^^^^^^^^^^^^^^^^^^^^^^^^^^^^^^^^^^^^^
  File "/workspace/repo/lingbot/layers/kv_cache.py", line 73, in write
    kv_cache["k"][:, local_start_index:local_end_index] = k
    ~~~~~~~~~~~~~^^^^^^^^^^^^^^^^^^^^^^^^^^^^^^^^^^^^^^
RuntimeError: The expanded size of the tensor (293) must match the existing size (300) at non-singleton dimension 1.  Target sizes: [1, 293, 10, 128].  Tensor sizes: [300, 10, 128]
== 3. fused Sage V prep: pipeline A/B (10:2, 48 SMs) 17:01:31
p0_cold: 29.97 FPS (interval p50 533.9 ms 
p0_1: 29.93 FPS (interval p50 534.6 ms 
p0_2: 29.90 FPS (interval p50 535.1 ms 
p0_3: 29.77 FPS (interval p50 537.4 ms 
p1_cold: 29.89 FPS (interval p50 535.3 ms 
p1_1: 29.82 FPS (interval p50 536.5 ms 
p1_2: 29.78 FPS (interval p50 537.3 ms 
p1_3: 29.73 FPS (interval p50 538.1 ms 
pair	frames	psnr_chunk1	lpips_chunk1	psnr_clip	meandiff_clip_255	lpips_clip	psnr_last_chunk	lpips_last_chunk	sharp_chunk1	sharp_chunk1_ref	sharp_clip	sharp_clip_ref	flicker	flicker_ref
p1_1:p0_1	157	43.14	0.0019	41.41	3.05	0.0788	18.79	0.7608	907	907	895	882	9.02	8.77
== 4. rebalance: 9:3 heads, card 1 DiT SMs 56 / 64 17:03:31
h93_56_cold: 28.22 FPS (interval p50 567.1 ms 
h93_56_1: 28.14 FPS (interval p50 568.7 ms 
h93_56_2: 28.08 FPS (interval p50 569.8 ms 
h93_56_3: 28.07 FPS (interval p50 569.9 ms 
h93_64_cold: 28.43 FPS (interval p50 562.7 ms 
h93_64_1: 28.39 FPS (interval p50 563.5 ms 
h93_64_2: 28.43 FPS (interval p50 562.8 ms 
h93_64_3: 28.40 FPS (interval p50 563.4 ms 
pair	frames	psnr_chunk1	lpips_chunk1	psnr_clip	meandiff_clip_255	lpips_clip	psnr_last_chunk	lpips_last_chunk	sharp_chunk1	sharp_chunk1_ref	sharp_clip	sharp_clip_ref	flicker	flicker_ref
h93_56_1:b1_1	157	32.76	0.0140	24.97	8.09	0.1545	18.53	0.8925	898	894	898	745	9.01	8.92
h93_64_1:b1_1	157	32.75	0.0141	24.97	8.09	0.1545	18.52	0.8926	898	894	899	745	9.01	8.92
p0_1:b1_1	157	30.87	0.0148	26.48	7.45	0.1002	35.29	0.3407	907	894	882	745	8.77	8.92
overlay          45G   38G  7.5G  84% /
LEV345 DONE 17:05:59
== cu130, same Sage wheel: split-KV off vs 2 vs 3 17:15:46
s1_cold: 28.55 FPS (interval p50 560.4 ms 
s1_1: 28.54 FPS (interval p50 560.5 ms 
s1_2: 28.48 FPS (interval p50 561.9 ms 
s1_3: 28.44 FPS (interval p50 562.6 ms 
s2_cold: 30.15 FPS (interval p50 530.8 ms 
s2_1: 30.07 FPS (interval p50 532.1 ms 
s2_2: 29.98 FPS (interval p50 533.7 ms 
s2_3: 29.94 FPS (interval p50 534.4 ms 
s3_cold: 29.56 FPS (interval p50 541.3 ms 
s3_1: 29.50 FPS (interval p50 542.4 ms 
s3_2: 29.36 FPS (interval p50 544.9 ms 
s3_3: 29.40 FPS (interval p50 544.3 ms 
pair	frames	psnr_chunk1	lpips_chunk1	psnr_clip	meandiff_clip_255	lpips_clip	psnr_last_chunk	lpips_last_chunk	sharp_chunk1	sharp_chunk1_ref	sharp_clip	sharp_clip_ref	flicker	flicker_ref
s2_1:s1_1	157	30.82	0.0192	24.92	7.97	0.1414	31.28	0.6677	898	898	682	909	8.13	8.69
s3_1:s1_1	157	26.93	0.0263	23.34	9.03	0.1519	31.01	0.6732	874	898	698	909	8.44	8.69
s1_1:b1_1	157	30.83	0.0169	25.68	7.28	0.1146	29.29	0.4975	898	894	909	745	8.69	8.92
s2_1:b1_1	157	32.37	0.0146	25.58	7.76	0.1269	29.58	0.5861	898	894	682	745	8.13	8.92
s1_2:s1_1	157	148.13	0.0000	148.13	0.00	0.0000	148.13	0.0000	898	898	909	909	8.69	8.69
overlay          45G   39G  6.9G  85% /
SKV DONE 17:20:32
2.8.0+cu128 12.8
Build cuda_12.8.r12.8/compiler.35583870_0
== card0_10h: q [1,10,6032,128]  k/v [1,10,27144,128]  bf16 HND
S=1: 1.679 ms/call
S=2: 1.743 ms/call   speedup vs S=1 0.963x
== card1_2h: q [1,2,6032,128]  k/v [1,2,27144,128]  bf16 HND
S=1: 0.563 ms/call
S=2: 0.488 ms/call   speedup vs S=1 1.154x
OVERALL PASS
== old stack (torch 2.8 cu128), split-KV wheel: off vs 2 17:24:33
o1_cold: 29.91 FPS (interval p50 534.9 ms 
o1_1: 29.87 FPS (interval p50 535.7 ms 
o1_2: 29.77 FPS (interval p50 537.4 ms 
o1_3: 29.77 FPS (interval p50 537.5 ms 
o2_cold: 29.66 FPS (interval p50 539.5 ms 
o2_1: 29.63 FPS (interval p50 539.9 ms 
o2_2: 29.55 FPS (interval p50 541.4 ms 
o2_3: 29.57 FPS (interval p50 541.1 ms 
pair	frames	psnr_chunk1	lpips_chunk1	psnr_clip	meandiff_clip_255	lpips_clip	psnr_last_chunk	lpips_last_chunk	sharp_chunk1	sharp_chunk1_ref	sharp_clip	sharp_clip_ref	flicker	flicker_ref
o2_1:b1_1	157	27.30	0.0233	23.38	8.59	0.1610	18.54	0.8946	886	894	887	745	9.20	8.92
o1_1:b1_1	157	30.87	0.0148	24.80	8.01	0.1556	18.53	0.8943	907	894	895	745	9.02	8.92
o2_1:o1_1	157	26.17	0.0269	23.55	8.00	0.0821	27.20	0.0465	886	907	887	895	9.20	9.02
overlay          45G   39G  6.5G  86% /
SKV128 DONE 17:26:45
