[worker] starting worker 9e0c02ac5a23 (cold start: load + compile on first run); log /tmp/lingbot-worker-9e0c02ac5a23.log
[2026-10-06 22:20:37,845] INFO: loading weights/lingbot-world-v2-14b-causal-fast/Wan2.1_VAE.pth
[2026-10-06 22:20:38,328] INFO: loading weights/lingbot-world-v2-14b-causal-fast/Wan2.1_VAE.pth
[2026-10-06 22:20:38,910] INFO: Fused decoder on cuda:1 (compile=max-autotune-no-cudagraphs)
[2026-10-06 22:20:38,910] INFO: Loading WanModelFast from weights/lingbot-world-v2-1.3b-causal-fast
[2026-10-06 22:20:38,910] INFO: config.json not found in weights/lingbot-world-v2-1.3b-causal-fast; building WanModelFast from the task config and loading safetensors weights.
[2026-10-06 22:20:40,308] INFO: FP8 rowwise enabled on 420 of 420 Linear layers
[2026-10-06 22:20:40,308] INFO: Inductor: multi_kernel=1, coordinate_descent_tuning, realize_reads_threshold=8
[2026-10-06 22:20:41,232] INFO: torch.compile enabled (mode=1)
[worker] pipeline built in 4 s (kept for later runs)
[2026-10-06 22:20:41,391] INFO: Generating video ...
  0%|          | 0/10 [00:00<?, ?it/s]AUTOTUNE convolution(1x16x3x58x104, 384x16x3x3x3)
strides: [289536, 1, 96512, 1664, 16], [432, 1, 144, 48, 16]
dtypes: torch.float16, torch.float16
  triton_convolution3d_6 0.0246 ms 100.0% ALLOW_TF32=True, BLOCK_K=16, BLOCK_M=256, BLOCK_N=64, GROUPS=1, KERNEL_D=3, KERNEL_H=3, KERNEL_W=3, PADDING_D=0, PADDING_H=1, PADDING_W=1, STRIDE_D=1, STRIDE_H=1, STRIDE_W=1, UNROLL=False, num_stages=2, num_warps=8
  triton_convolution3d_3 0.0265 ms 92.9% ALLOW_TF32=True, BLOCK_K=16, BLOCK_M=128, BLOCK_N=128, GROUPS=1, KERNEL_D=3, KERNEL_H=3, KERNEL_W=3, PADDING_D=0, PADDING_H=1, PADDING_W=1, STRIDE_D=1, STRIDE_H=1, STRIDE_W=1, UNROLL=False, num_stages=2, num_warps=8
  triton_convolution3d_4 0.0266 ms 92.3% ALLOW_TF32=True, BLOCK_K=16, BLOCK_M=64, BLOCK_N=64, GROUPS=1, KERNEL_D=3, KERNEL_H=3, KERNEL_W=3, PADDING_D=0, PADDING_H=1, PADDING_W=1, STRIDE_D=1, STRIDE_H=1, STRIDE_W=1, UNROLL=False, num_stages=2, num_warps=4
  triton_convolution3d_1 0.0285 ms 86.2% ALLOW_TF32=True, BLOCK_K=16, BLOCK_M=256, BLOCK_N=64, GROUPS=1, KERNEL_D=3, KERNEL_H=3, KERNEL_W=3, PADDING_D=0, PADDING_H=1, PADDING_W=1, STRIDE_D=1, STRIDE_H=1, STRIDE_W=1, UNROLL=False, num_stages=2, num_warps=4
  triton_convolution3d_5 0.0287 ms 85.7% ALLOW_TF32=True, BLOCK_K=16, BLOCK_M=64, BLOCK_N=256, GROUPS=1, KERNEL_D=3, KERNEL_H=3, KERNEL_W=3, PADDING_D=0, PADDING_H=1, PADDING_W=1, STRIDE_D=1, STRIDE_H=1, STRIDE_W=1, UNROLL=False, num_stages=2, num_warps=8
  triton_convolution3d_0 0.0303 ms 81.1% ALLOW_TF32=True, BLOCK_K=16, BLOCK_M=64, BLOCK_N=256, GROUPS=1, KERNEL_D=3, KERNEL_H=3, KERNEL_W=3, PADDING_D=0, PADDING_H=1, PADDING_W=1, STRIDE_D=1, STRIDE_H=1, STRIDE_W=1, UNROLL=False, num_stages=2, num_warps=4
  triton_convolution3d_2 0.0323 ms 76.2% ALLOW_TF32=True, BLOCK_K=16, BLOCK_M=1024, BLOCK_N=16, GROUPS=1, KERNEL_D=3, KERNEL_H=3, KERNEL_W=3, PADDING_D=0, PADDING_H=1, PADDING_W=1, STRIDE_D=1, STRIDE_H=1, STRIDE_W=1, UNROLL=False, num_stages=1, num_warps=8
  convolution 0.0573 ms 42.9% 
SingleProcess AUTOTUNE benchmarking takes 0.1703 seconds and 0.0011 seconds precompiling for 8 choices
AUTOTUNE convolution(1x384x3x58x104, 384x384x3x3x3)
strides: [6948864, 1, 2316288, 39936, 384], [10368, 1, 3456, 1152, 384]
dtypes: torch.float16, torch.float16
  convolution 0.3174 ms 100.0% 
  triton_convolution3d_11 0.3174 ms 100.0% ALLOW_TF32=True, BLOCK_K=32, BLOCK_M=64, BLOCK_N=64, GROUPS=1, KERNEL_D=3, KERNEL_H=3, KERNEL_W=3, PADDING_D=0, PADDING_H=1, PADDING_W=1, STRIDE_D=1, STRIDE_H=1, STRIDE_W=1, UNROLL=False, num_stages=2, num_warps=4
  triton_convolution3d_10 0.3890 ms 81.6% ALLOW_TF32=True, BLOCK_K=32, BLOCK_M=128, BLOCK_N=128, GROUPS=1, KERNEL_D=3, KERNEL_H=3, KERNEL_W=3, PADDING_D=0, PADDING_H=1, PADDING_W=1, STRIDE_D=1, STRIDE_H=1, STRIDE_W=1, UNROLL=False, num_stages=2, num_warps=8
  triton_convolution3d_13 0.4219 ms 75.2% ALLOW_TF32=True, BLOCK_K=32, BLOCK_M=256, BLOCK_N=64, GROUPS=1, KERNEL_D=3, KERNEL_H=3, KERNEL_W=3, PADDING_D=0, PADDING_H=1, PADDING_W=1, STRIDE_D=1, STRIDE_H=1, STRIDE_W=1, UNROLL=False, num_stages=2, num_warps=8
  triton_convolution3d_12 0.5509 ms 57.6% ALLOW_TF32=True, BLOCK_K=32, BLOCK_M=64, BLOCK_N=256, GROUPS=1, KERNEL_D=3, KERNEL_H=3, KERNEL_W=3, PADDING_D=0, PADDING_H=1, PADDING_W=1, STRIDE_D=1, STRIDE_H=1, STRIDE_W=1, UNROLL=False, num_stages=2, num_warps=8
  triton_convolution3d_7 0.5786 ms 54.9% ALLOW_TF32=True, BLOCK_K=16, BLOCK_M=64, BLOCK_N=256, GROUPS=1, KERNEL_D=3, KERNEL_H=3, KERNEL_W=3, PADDING_D=0, PADDING_H=1, PADDING_W=1, STRIDE_D=1, STRIDE_H=1, STRIDE_W=1, UNROLL=False, num_stages=2, num_warps=4
  triton_convolution3d_8 0.5837 ms 54.4% ALLOW_TF32=True, BLOCK_K=16, BLOCK_M=256, BLOCK_N=64, GROUPS=1, KERNEL_D=3, KERNEL_H=3, KERNEL_W=3, PADDING_D=0, PADDING_H=1, PADDING_W=1, STRIDE_D=1, STRIDE_H=1, STRIDE_W=1, UNROLL=False, num_stages=2, num_warps=4
  triton_convolution3d_9 0.9124 ms 34.8% ALLOW_TF32=True, BLOCK_K=16, BLOCK_M=1024, BLOCK_N=16, GROUPS=1, KERNEL_D=3, KERNEL_H=3, KERNEL_W=3, PADDING_D=0, PADDING_H=1, PADDING_W=1, STRIDE_D=1, STRIDE_H=1, STRIDE_W=1, UNROLL=False, num_stages=1, num_warps=8
SingleProcess AUTOTUNE benchmarking takes 0.3256 seconds and 0.0006 seconds precompiling for 8 choices
AUTOTUNE addmm(6032x1152, 6032x384, 384x1152)
strides: [0, 1], [384, 1], [1, 384]
dtypes: torch.float16, torch.float16, torch.float16
  triton_mm_30 0.0317 ms 100.0% ACC_TYPE='tl.float32', ALLOW_TF32=False, BLOCK_K=32, BLOCK_M=64, BLOCK_N=128, EVEN_K=True, GROUP_M=8, USE_FAST_ACCUM=False, num_stages=3, num_warps=4
  triton_mm_34 0.0317 ms 100.0% ACC_TYPE='tl.float32', ALLOW_TF32=False, BLOCK_K=32, BLOCK_M=128, BLOCK_N=64, EVEN_K=True, GROUP_M=8, USE_FAST_ACCUM=False, num_stages=3, num_warps=4
  triton_mm_32 0.0326 ms 97.4% ACC_TYPE='tl.float32', ALLOW_TF32=False, BLOCK_K=64, BLOCK_M=64, BLOCK_N=128, EVEN_K=True, GROUP_M=8, USE_FAST_ACCUM=False, num_stages=3, num_warps=4
  triton_mm_28 0.0327 ms 97.0% ACC_TYPE='tl.float32', ALLOW_TF32=False, BLOCK_K=64, BLOCK_M=64, BLOCK_N=64, EVEN_K=True, GROUP_M=8, USE_FAST_ACCUM=False, num_stages=3, num_warps=8
  triton_mm_27 0.0328 ms 96.9% ACC_TYPE='tl.float32', ALLOW_TF32=False, BLOCK_K=32, BLOCK_M=64, BLOCK_N=64, EVEN_K=True, GROUP_M=8, USE_FAST_ACCUM=False, num_stages=2, num_warps=4
  triton_mm_31 0.0328 ms 96.9% ACC_TYPE='tl.float32', ALLOW_TF32=False, BLOCK_K=32, BLOCK_M=64, BLOCK_N=128, EVEN_K=True, GROUP_M=8, USE_FAST_ACCUM=False, num_stages=4, num_warps=8
  triton_mm_35 0.0328 ms 96.9% ACC_TYPE='tl.float32', ALLOW_TF32=False, BLOCK_K=32, BLOCK_M=128, BLOCK_N=64, EVEN_K=True, GROUP_M=8, USE_FAST_ACCUM=False, num_stages=4, num_warps=8
  triton_mm_37 0.0344 ms 92.4% ACC_TYPE='tl.float32', ALLOW_TF32=False, BLOCK_K=32, BLOCK_M=128, BLOCK_N=128, EVEN_K=True, GROUP_M=8, USE_FAST_ACCUM=False, num_stages=3, num_warps=4
  triton_mm_38 0.0389 ms 81.6% ACC_TYPE='tl.float32', ALLOW_TF32=False, BLOCK_K=64, BLOCK_M=128, BLOCK_N=128, EVEN_K=True, GROUP_M=8, USE_FAST_ACCUM=False, num_stages=3, num_warps=4
  triton_mm_23 0.0430 ms 73.8% ACC_TYPE='tl.float32', ALLOW_TF32=False, BLOCK_K=32, BLOCK_M=32, BLOCK_N=64, EVEN_K=True, GROUP_M=8, USE_FAST_ACCUM=False, num_stages=5, num_warps=8
SingleProcess AUTOTUNE benchmarking takes 0.3584 seconds and 0.0010 seconds precompiling for 21 choices
AUTOTUNE addmm(6032x384, 6032x384, 384x384)
strides: [0, 1], [384, 1], [1, 384]
dtypes: torch.float16, torch.float16, torch.float16
  triton_mm_54 0.0143 ms 100.0% ACC_TYPE='tl.float32', ALLOW_TF32=False, BLOCK_K=32, BLOCK_M=128, BLOCK_N=64, EVEN_K=True, GROUP_M=8, USE_FAST_ACCUM=False, num_stages=4, num_warps=8
  triton_mm_50 0.0143 ms 99.6% ACC_TYPE='tl.float32', ALLOW_TF32=False, BLOCK_K=32, BLOCK_M=64, BLOCK_N=128, EVEN_K=True, GROUP_M=8, USE_FAST_ACCUM=False, num_stages=4, num_warps=8
  triton_mm_51 0.0143 ms 99.6% ACC_TYPE='tl.float32', ALLOW_TF32=False, BLOCK_K=64, BLOCK_M=64, BLOCK_N=128, EVEN_K=True, GROUP_M=8, USE_FAST_ACCUM=False, num_stages=3, num_warps=4
  triton_mm_53 0.0143 ms 99.6% ACC_TYPE='tl.float32', ALLOW_TF32=False, BLOCK_K=32, BLOCK_M=128, BLOCK_N=64, EVEN_K=True, GROUP_M=8, USE_FAST_ACCUM=False, num_stages=3, num_warps=4
  triton_mm_47 0.0160 ms 89.4% ACC_TYPE='tl.float32', ALLOW_TF32=False, BLOCK_K=64, BLOCK_M=64, BLOCK_N=64, EVEN_K=True, GROUP_M=8, USE_FAST_ACCUM=False, num_stages=3, num_warps=8
  triton_mm_49 0.0160 ms 89.2% ACC_TYPE='tl.float32', ALLOW_TF32=False, BLOCK_K=32, BLOCK_M=64, BLOCK_N=128, EVEN_K=True, GROUP_M=8, USE_FAST_ACCUM=False, num_stages=3, num_warps=4
  triton_mm_56 0.0163 ms 87.8% ACC_TYPE='tl.float32', ALLOW_TF32=False, BLOCK_K=32, BLOCK_M=128, BLOCK_N=128, EVEN_K=True, GROUP_M=8, USE_FAST_ACCUM=False, num_stages=3, num_warps=4
  triton_mm_57 0.0164 ms 87.3% ACC_TYPE='tl.float32', ALLOW_TF32=False, BLOCK_K=64, BLOCK_M=128, BLOCK_N=128, EVEN_K=True, GROUP_M=8, USE_FAST_ACCUM=False, num_stages=3, num_warps=4
  triton_mm_42 0.0183 ms 78.1% ACC_TYPE='tl.float32', ALLOW_TF32=False, BLOCK_K=32, BLOCK_M=32, BLOCK_N=64, EVEN_K=True, GROUP_M=8, USE_FAST_ACCUM=False, num_stages=5, num_warps=8
  triton_mm_43 0.0184 ms 77.4% ACC_TYPE='tl.float32', ALLOW_TF32=False, BLOCK_K=32, BLOCK_M=64, BLOCK_N=32, EVEN_K=True, GROUP_M=8, USE_FAST_ACCUM=False, num_stages=5, num_warps=8
SingleProcess AUTOTUNE benchmarking takes 0.3074 seconds and 0.0010 seconds precompiling for 21 choices
AUTOTUNE convolution(1x384x58x104, 768x384x2x2)
strides: [0, 1, 39936, 384], [1536, 1, 768, 384]
dtypes: torch.float16, torch.float16
  triton_convolution2d_119 0.0840 ms 100.0% ALLOW_TF32=True, BLOCK_K=32, BLOCK_M=64, BLOCK_N=64, GROUPS=1, KERNEL_H=2, KERNEL_W=2, PADDING_H=1, PADDING_W=1, STRIDE_H=1, STRIDE_W=1, UNROLL=False, num_stages=2, num_warps=4
  triton_convolution2d_118 0.0940 ms 89.3% ALLOW_TF32=True, BLOCK_K=32, BLOCK_M=128, BLOCK_N=128, GROUPS=1, KERNEL_H=2, KERNEL_W=2, PADDING_H=1, PADDING_W=1, STRIDE_H=1, STRIDE_W=1, UNROLL=False, num_stages=2, num_warps=8
  triton_convolution2d_120 0.0940 ms 89.3% ALLOW_TF32=True, BLOCK_K=32, BLOCK_M=64, BLOCK_N=256, GROUPS=1, KERNEL_H=2, KERNEL_W=2, PADDING_H=1, PADDING_W=1, STRIDE_H=1, STRIDE_W=1, UNROLL=False, num_stages=2, num_warps=8
  triton_convolution2d_121 0.0942 ms 89.1% ALLOW_TF32=True, BLOCK_K=32, BLOCK_M=256, BLOCK_N=64, GROUPS=1, KERNEL_H=2, KERNEL_W=2, PADDING_H=1, PADDING_W=1, STRIDE_H=1, STRIDE_W=1, UNROLL=False, num_stages=2, num_warps=8
  triton_convolution2d_116 0.1055 ms 79.6% ALLOW_TF32=True, BLOCK_K=16, BLOCK_M=256, BLOCK_N=64, GROUPS=1, KERNEL_H=2, KERNEL_W=2, PADDING_H=1, PADDING_W=1, STRIDE_H=1, STRIDE_W=1, UNROLL=False, num_stages=2, num_warps=4
  convolution 0.1065 ms 78.9% 
  triton_convolution2d_115 0.1188 ms 70.7% ALLOW_TF32=True, BLOCK_K=16, BLOCK_M=64, BLOCK_N=256, GROUPS=1, KERNEL_H=2, KERNEL_W=2, PADDING_H=1, PADDING_W=1, STRIDE_H=1, STRIDE_W=1, UNROLL=False, num_stages=2, num_warps=4
  triton_convolution2d_117 0.2877 ms 29.2% ALLOW_TF32=True, BLOCK_K=16, BLOCK_M=1024, BLOCK_N=16, GROUPS=1, KERNEL_H=2, KERNEL_W=2, PADDING_H=1, PADDING_W=1, STRIDE_H=1, STRIDE_W=1, UNROLL=False, num_stages=1, num_warps=8
SingleProcess AUTOTUNE benchmarking takes 0.2189 seconds and 0.0005 seconds precompiling for 8 choices
AUTOTUNE convolution(1x192x3x116x208, 384x192x3x3x3)
strides: [13897728, 1, 4632576, 39936, 192], [5184, 1, 1728, 576, 192]
dtypes: torch.float16, torch.float16
  triton_convolution3d_125 0.5714 ms 100.0% ALLOW_TF32=True, BLOCK_K=32, BLOCK_M=128, BLOCK_N=128, GROUPS=1, KERNEL_D=3, KERNEL_H=3, KERNEL_W=3, PADDING_D=0, PADDING_H=1, PADDING_W=1, STRIDE_D=1, STRIDE_H=1, STRIDE_W=1, UNROLL=False, num_stages=2, num_warps=8
  triton_convolution3d_128 0.5734 ms 99.6% ALLOW_TF32=True, BLOCK_K=32, BLOCK_M=256, BLOCK_N=64, GROUPS=1, KERNEL_D=3, KERNEL_H=3, KERNEL_W=3, PADDING_D=0, PADDING_H=1, PADDING_W=1, STRIDE_D=1, STRIDE_H=1, STRIDE_W=1, UNROLL=False, num_stages=2, num_warps=8
  convolution 0.5816 ms 98.2% 
  triton_convolution3d_126 0.6267 ms 91.2% ALLOW_TF32=True, BLOCK_K=32, BLOCK_M=64, BLOCK_N=64, GROUPS=1, KERNEL_D=3, KERNEL_H=3, KERNEL_W=3, PADDING_D=0, PADDING_H=1, PADDING_W=1, STRIDE_D=1, STRIDE_H=1, STRIDE_W=1, UNROLL=False, num_stages=2, num_warps=4
  triton_convolution3d_127 0.6810 ms 83.9% ALLOW_TF32=True, BLOCK_K=32, BLOCK_M=64, BLOCK_N=256, GROUPS=1, KERNEL_D=3, KERNEL_H=3, KERNEL_W=3, PADDING_D=0, PADDING_H=1, PADDING_W=1, STRIDE_D=1, STRIDE_H=1, STRIDE_W=1, UNROLL=False, num_stages=2, num_warps=8
  triton_convolution3d_123 0.6840 ms 83.5% ALLOW_TF32=True, BLOCK_K=16, BLOCK_M=256, BLOCK_N=64, GROUPS=1, KERNEL_D=3, KERNEL_H=3, KERNEL_W=3, PADDING_D=0, PADDING_H=1, PADDING_W=1, STRIDE_D=1, STRIDE_H=1, STRIDE_W=1, UNROLL=False, num_stages=2, num_warps=4
  triton_convolution3d_122 0.9871 ms 57.9% ALLOW_TF32=True, BLOCK_K=16, BLOCK_M=64, BLOCK_N=256, GROUPS=1, KERNEL_D=3, KERNEL_H=3, KERNEL_W=3, PADDING_D=0, PADDING_H=1, PADDING_W=1, STRIDE_D=1, STRIDE_H=1, STRIDE_W=1, UNROLL=False, num_stages=2, num_warps=4
  triton_convolution3d_124 1.8811 ms 30.4% ALLOW_TF32=True, BLOCK_K=16, BLOCK_M=1024, BLOCK_N=16, GROUPS=1, KERNEL_D=3, KERNEL_H=3, KERNEL_W=3, PADDING_D=0, PADDING_H=1, PADDING_W=1, STRIDE_D=1, STRIDE_H=1, STRIDE_W=1, UNROLL=False, num_stages=1, num_warps=8
SingleProcess AUTOTUNE benchmarking takes 0.3322 seconds and 0.0006 seconds precompiling for 8 choices
AUTOTUNE convolution(1x384x3x116x208, 384x384x3x3x3)
strides: [27795456, 1, 9265152, 79872, 384], [10368, 1, 3456, 1152, 384]
dtypes: torch.float16, torch.float16
  triton_convolution3d_132 1.0947 ms 100.0% ALLOW_TF32=True, BLOCK_K=32, BLOCK_M=128, BLOCK_N=128, GROUPS=1, KERNEL_D=3, KERNEL_H=3, KERNEL_W=3, PADDING_D=0, PADDING_H=1, PADDING_W=1, STRIDE_D=1, STRIDE_H=1, STRIDE_W=1, UNROLL=False, num_stages=2, num_warps=8
  convolution 1.1234 ms 97.4% 
  triton_convolution3d_133 1.1611 ms 94.3% ALLOW_TF32=True, BLOCK_K=32, BLOCK_M=64, BLOCK_N=64, GROUPS=1, KERNEL_D=3, KERNEL_H=3, KERNEL_W=3, PADDING_D=0, PADDING_H=1, PADDING_W=1, STRIDE_D=1, STRIDE_H=1, STRIDE_W=1, UNROLL=False, num_stages=2, num_warps=4
  triton_convolution3d_135 1.1715 ms 93.4% ALLOW_TF32=True, BLOCK_K=32, BLOCK_M=256, BLOCK_N=64, GROUPS=1, KERNEL_D=3, KERNEL_H=3, KERNEL_W=3, PADDING_D=0, PADDING_H=1, PADDING_W=1, STRIDE_D=1, STRIDE_H=1, STRIDE_W=1, UNROLL=False, num_stages=2, num_warps=8
  triton_convolution3d_130 1.3609 ms 80.4% ALLOW_TF32=True, BLOCK_K=16, BLOCK_M=256, BLOCK_N=64, GROUPS=1, KERNEL_D=3, KERNEL_H=3, KERNEL_W=3, PADDING_D=0, PADDING_H=1, PADDING_W=1, STRIDE_D=1, STRIDE_H=1, STRIDE_W=1, UNROLL=False, num_stages=2, num_warps=4
  triton_convolution3d_134 1.3670 ms 80.1% ALLOW_TF32=True, BLOCK_K=32, BLOCK_M=64, BLOCK_N=256, GROUPS=1, KERNEL_D=3, KERNEL_H=3, KERNEL_W=3, PADDING_D=0, PADDING_H=1, PADDING_W=1, STRIDE_D=1, STRIDE_H=1, STRIDE_W=1, UNROLL=False, num_stages=2, num_warps=8
  triton_convolution3d_129 1.8033 ms 60.7% ALLOW_TF32=True, BLOCK_K=16, BLOCK_M=64, BLOCK_N=256, GROUPS=1, KERNEL_D=3, KERNEL_H=3, KERNEL_W=3, PADDING_D=0, PADDING_H=1, PADDING_W=1, STRIDE_D=1, STRIDE_H=1, STRIDE_W=1, UNROLL=False, num_stages=2, num_warps=4
  triton_convolution3d_131 3.7110 ms 29.5% ALLOW_TF32=True, BLOCK_K=16, BLOCK_M=1024, BLOCK_N=16, GROUPS=1, KERNEL_D=3, KERNEL_H=3, KERNEL_W=3, PADDING_D=0, PADDING_H=1, PADDING_W=1, STRIDE_D=1, STRIDE_H=1, STRIDE_W=1, UNROLL=False, num_stages=1, num_warps=8
SingleProcess AUTOTUNE benchmarking takes 0.3612 seconds and 0.0006 seconds precompiling for 8 choices
AUTOTUNE convolution(1x192x1x116x208, 384x192x1x1x1)
strides: [4632576, 24128, 24128, 208, 1], [192, 1, 1, 1, 1]
dtypes: torch.float16, torch.float16
  triton_convolution3d_139 0.0297 ms 100.0% ALLOW_TF32=True, BLOCK_K=32, BLOCK_M=128, BLOCK_N=128, GROUPS=1, KERNEL_D=1, KERNEL_H=1, KERNEL_W=1, PADDING_D=0, PADDING_H=0, PADDING_W=0, STRIDE_D=1, STRIDE_H=1, STRIDE_W=1, UNROLL=True, num_stages=2, num_warps=8
  triton_convolution3d_142 0.0304 ms 97.7% ALLOW_TF32=True, BLOCK_K=32, BLOCK_M=256, BLOCK_N=64, GROUPS=1, KERNEL_D=1, KERNEL_H=1, KERNEL_W=1, PADDING_D=0, PADDING_H=0, PADDING_W=0, STRIDE_D=1, STRIDE_H=1, STRIDE_W=1, UNROLL=True, num_stages=2, num_warps=8
  convolution 0.0324 ms 91.4% 
  triton_convolution3d_140 0.0328 ms 90.5% ALLOW_TF32=True, BLOCK_K=32, BLOCK_M=64, BLOCK_N=64, GROUPS=1, KERNEL_D=1, KERNEL_H=1, KERNEL_W=1, PADDING_D=0, PADDING_H=0, PADDING_W=0, STRIDE_D=1, STRIDE_H=1, STRIDE_W=1, UNROLL=True, num_stages=2, num_warps=4
  triton_convolution3d_141 0.0347 ms 85.5% ALLOW_TF32=True, BLOCK_K=32, BLOCK_M=64, BLOCK_N=256, GROUPS=1, KERNEL_D=1, KERNEL_H=1, KERNEL_W=1, PADDING_D=0, PADDING_H=0, PADDING_W=0, STRIDE_D=1, STRIDE_H=1, STRIDE_W=1, UNROLL=True, num_stages=2, num_warps=8
  triton_convolution3d_137 0.0348 ms 85.2% ALLOW_TF32=True, BLOCK_K=16, BLOCK_M=256, BLOCK_N=64, GROUPS=1, KERNEL_D=1, KERNEL_H=1, KERNEL_W=1, PADDING_D=0, PADDING_H=0, PADDING_W=0, STRIDE_D=1, STRIDE_H=1, STRIDE_W=1, UNROLL=True, num_stages=2, num_warps=4
  triton_convolution3d_136 0.0410 ms 72.4% ALLOW_TF32=True, BLOCK_K=16, BLOCK_M=64, BLOCK_N=256, GROUPS=1, KERNEL_D=1, KERNEL_H=1, KERNEL_W=1, PADDING_D=0, PADDING_H=0, PADDING_W=0, STRIDE_D=1, STRIDE_H=1, STRIDE_W=1, UNROLL=True, num_stages=2, num_warps=4
  triton_convolution3d_138 0.0512 ms 57.9% ALLOW_TF32=True, BLOCK_K=16, BLOCK_M=1024, BLOCK_N=16, GROUPS=1, KERNEL_D=1, KERNEL_H=1, KERNEL_W=1, PADDING_D=0, PADDING_H=0, PADDING_W=0, STRIDE_D=1, STRIDE_H=1, STRIDE_W=1, UNROLL=True, num_stages=1, num_warps=8
  conv1x1_via_mm inf ms 0.0% 
SingleProcess AUTOTUNE benchmarking takes 0.1519 seconds and 0.0006 seconds precompiling for 9 choices
AUTOTUNE convolution(1x384x116x208, 768x384x2x2)
strides: [0, 1, 79872, 384], [1536, 1, 768, 384]
dtypes: torch.float16, torch.float16
  triton_convolution2d_174 0.2990 ms 100.0% ALLOW_TF32=True, BLOCK_K=32, BLOCK_M=128, BLOCK_N=128, GROUPS=1, KERNEL_H=2, KERNEL_W=2, PADDING_H=1, PADDING_W=1, STRIDE_H=1, STRIDE_W=1, UNROLL=False, num_stages=2, num_warps=8
  triton_convolution2d_176 0.3010 ms 99.3% ALLOW_TF32=True, BLOCK_K=32, BLOCK_M=64, BLOCK_N=256, GROUPS=1, KERNEL_H=2, KERNEL_W=2, PADDING_H=1, PADDING_W=1, STRIDE_H=1, STRIDE_W=1, UNROLL=False, num_stages=2, num_warps=8
  triton_convolution2d_177 0.3092 ms 96.7% ALLOW_TF32=True, BLOCK_K=32, BLOCK_M=256, BLOCK_N=64, GROUPS=1, KERNEL_H=2, KERNEL_W=2, PADDING_H=1, PADDING_W=1, STRIDE_H=1, STRIDE_W=1, UNROLL=False, num_stages=2, num_warps=8
  triton_convolution2d_175 0.3379 ms 88.5% ALLOW_TF32=True, BLOCK_K=32, BLOCK_M=64, BLOCK_N=64, GROUPS=1, KERNEL_H=2, KERNEL_W=2, PADDING_H=1, PADDING_W=1, STRIDE_H=1, STRIDE_W=1, UNROLL=False, num_stages=2, num_warps=4
  convolution 0.3584 ms 83.4% 
  triton_convolution2d_172 0.3953 ms 75.6% ALLOW_TF32=True, BLOCK_K=16, BLOCK_M=256, BLOCK_N=64, GROUPS=1, KERNEL_H=2, KERNEL_W=2, PADDING_H=1, PADDING_W=1, STRIDE_H=1, STRIDE_W=1, UNROLL=False, num_stages=2, num_warps=4
  triton_convolution2d_171 0.4649 ms 64.3% ALLOW_TF32=True, BLOCK_K=16, BLOCK_M=64, BLOCK_N=256, GROUPS=1, KERNEL_H=2, KERNEL_W=2, PADDING_H=1, PADDING_W=1, STRIDE_H=1, STRIDE_W=1, UNROLL=False, num_stages=2, num_warps=4
  triton_convolution2d_173 1.0711 ms 27.9% ALLOW_TF32=True, BLOCK_K=16, BLOCK_M=1024, BLOCK_N=16, GROUPS=1, KERNEL_H=2, KERNEL_W=2, PADDING_H=1, PADDING_W=1, STRIDE_H=1, STRIDE_W=1, UNROLL=False, num_stages=1, num_warps=8
SingleProcess AUTOTUNE benchmarking takes 0.3246 seconds and 0.0006 seconds precompiling for 8 choices
AUTOTUNE convolution(1x192x3x232x416, 192x192x3x3x3)
strides: [55590912, 1, 18530304, 79872, 192], [5184, 1, 1728, 576, 192]
dtypes: torch.float16, torch.float16
  triton_convolution3d_184 0.9953 ms 100.0% ALLOW_TF32=True, BLOCK_K=32, BLOCK_M=256, BLOCK_N=64, GROUPS=1, KERNEL_D=3, KERNEL_H=3, KERNEL_W=3, PADDING_D=0, PADDING_H=1, PADDING_W=1, STRIDE_D=1, STRIDE_H=1, STRIDE_W=1, UNROLL=False, num_stages=2, num_warps=8
  convolution 1.1117 ms 89.5% 
  triton_convolution3d_181 1.1663 ms 85.3% ALLOW_TF32=True, BLOCK_K=32, BLOCK_M=128, BLOCK_N=128, GROUPS=1, KERNEL_D=3, KERNEL_H=3, KERNEL_W=3, PADDING_D=0, PADDING_H=1, PADDING_W=1, STRIDE_D=1, STRIDE_H=1, STRIDE_W=1, UNROLL=False, num_stages=2, num_warps=8
  triton_convolution3d_183 1.1735 ms 84.8% ALLOW_TF32=True, BLOCK_K=32, BLOCK_M=64, BLOCK_N=256, GROUPS=1, KERNEL_D=3, KERNEL_H=3, KERNEL_W=3, PADDING_D=0, PADDING_H=1, PADDING_W=1, STRIDE_D=1, STRIDE_H=1, STRIDE_W=1, UNROLL=False, num_stages=2, num_warps=8
  triton_convolution3d_182 1.2053 ms 82.6% ALLOW_TF32=True, BLOCK_K=32, BLOCK_M=64, BLOCK_N=64, GROUPS=1, KERNEL_D=3, KERNEL_H=3, KERNEL_W=3, PADDING_D=0, PADDING_H=1, PADDING_W=1, STRIDE_D=1, STRIDE_H=1, STRIDE_W=1, UNROLL=False, num_stages=2, num_warps=4
  triton_convolution3d_179 1.3834 ms 71.9% ALLOW_TF32=True, BLOCK_K=16, BLOCK_M=256, BLOCK_N=64, GROUPS=1, KERNEL_D=3, KERNEL_H=3, KERNEL_W=3, PADDING_D=0, PADDING_H=1, PADDING_W=1, STRIDE_D=1, STRIDE_H=1, STRIDE_W=1, UNROLL=False, num_stages=2, num_warps=4
  triton_convolution3d_178 1.5585 ms 63.9% ALLOW_TF32=True, BLOCK_K=16, BLOCK_M=64, BLOCK_N=256, GROUPS=1, KERNEL_D=3, KERNEL_H=3, KERNEL_W=3, PADDING_D=0, PADDING_H=1, PADDING_W=1, STRIDE_D=1, STRIDE_H=1, STRIDE_W=1, UNROLL=False, num_stages=2, num_warps=4
  triton_convolution3d_180 3.6332 ms 27.4% ALLOW_TF32=True, BLOCK_K=16, BLOCK_M=1024, BLOCK_N=16, GROUPS=1, KERNEL_D=3, KERNEL_H=3, KERNEL_W=3, PADDING_D=0, PADDING_H=1, PADDING_W=1, STRIDE_D=1, STRIDE_H=1, STRIDE_W=1, UNROLL=False, num_stages=1, num_warps=8
SingleProcess AUTOTUNE benchmarking takes 0.3550 seconds and 0.0006 seconds precompiling for 8 choices
AUTOTUNE convolution(1x192x232x416, 384x192x2x2)
strides: [0, 1, 79872, 192], [768, 1, 384, 192]
dtypes: torch.float16, torch.float16
  triton_convolution2d_223 0.2820 ms 100.0% ALLOW_TF32=True, BLOCK_K=32, BLOCK_M=128, BLOCK_N=128, GROUPS=1, KERNEL_H=2, KERNEL_W=2, PADDING_H=1, PADDING_W=1, STRIDE_H=1, STRIDE_W=1, UNROLL=False, num_stages=2, num_warps=8
  triton_convolution2d_226 0.3011 ms 93.7% ALLOW_TF32=True, BLOCK_K=32, BLOCK_M=256, BLOCK_N=64, GROUPS=1, KERNEL_H=2, KERNEL_W=2, PADDING_H=1, PADDING_W=1, STRIDE_H=1, STRIDE_W=1, UNROLL=False, num_stages=2, num_warps=8
  triton_convolution2d_224 0.3419 ms 82.5% ALLOW_TF32=True, BLOCK_K=32, BLOCK_M=64, BLOCK_N=64, GROUPS=1, KERNEL_H=2, KERNEL_W=2, PADDING_H=1, PADDING_W=1, STRIDE_H=1, STRIDE_W=1, UNROLL=False, num_stages=2, num_warps=4
  convolution 0.3481 ms 81.0% 
  triton_convolution2d_225 0.3615 ms 78.0% ALLOW_TF32=True, BLOCK_K=32, BLOCK_M=64, BLOCK_N=256, GROUPS=1, KERNEL_H=2, KERNEL_W=2, PADDING_H=1, PADDING_W=1, STRIDE_H=1, STRIDE_W=1, UNROLL=False, num_stages=2, num_warps=8
  triton_convolution2d_221 0.3901 ms 72.3% ALLOW_TF32=True, BLOCK_K=16, BLOCK_M=256, BLOCK_N=64, GROUPS=1, KERNEL_H=2, KERNEL_W=2, PADDING_H=1, PADDING_W=1, STRIDE_H=1, STRIDE_W=1, UNROLL=False, num_stages=2, num_warps=4
  triton_convolution2d_220 0.4608 ms 61.2% ALLOW_TF32=True, BLOCK_K=16, BLOCK_M=64, BLOCK_N=256, GROUPS=1, KERNEL_H=2, KERNEL_W=2, PADDING_H=1, PADDING_W=1, STRIDE_H=1, STRIDE_W=1, UNROLL=False, num_stages=2, num_warps=4
  triton_convolution2d_222 1.0813 ms 26.1% ALLOW_TF32=True, BLOCK_K=16, BLOCK_M=1024, BLOCK_N=16, GROUPS=1, KERNEL_H=2, KERNEL_W=2, PADDING_H=1, PADDING_W=1, STRIDE_H=1, STRIDE_W=1, UNROLL=False, num_stages=1, num_warps=8
SingleProcess AUTOTUNE benchmarking takes 0.3259 seconds and 0.0005 seconds precompiling for 8 choices
AUTOTUNE convolution(1x96x3x464x832, 96x96x3x3x3)
strides: [111181824, 1, 37060608, 79872, 96], [2592, 1, 864, 288, 96]
dtypes: torch.float16, torch.float16
  convolution 1.1356 ms 100.0% 
  triton_convolution3d_230 1.1694 ms 97.1% ALLOW_TF32=True, BLOCK_K=32, BLOCK_M=128, BLOCK_N=128, GROUPS=1, KERNEL_D=3, KERNEL_H=3, KERNEL_W=3, PADDING_D=0, PADDING_H=1, PADDING_W=1, STRIDE_D=1, STRIDE_H=1, STRIDE_W=1, UNROLL=False, num_stages=2, num_warps=8
  triton_convolution3d_232 1.2012 ms 94.5% ALLOW_TF32=True, BLOCK_K=32, BLOCK_M=64, BLOCK_N=128, GROUPS=1, KERNEL_D=3, KERNEL_H=3, KERNEL_W=3, PADDING_D=0, PADDING_H=1, PADDING_W=1, STRIDE_D=1, STRIDE_H=1, STRIDE_W=1, UNROLL=False, num_stages=2, num_warps=8
  triton_convolution3d_233 1.2544 ms 90.5% ALLOW_TF32=True, BLOCK_K=32, BLOCK_M=256, BLOCK_N=64, GROUPS=1, KERNEL_D=3, KERNEL_H=3, KERNEL_W=3, PADDING_D=0, PADDING_H=1, PADDING_W=1, STRIDE_D=1, STRIDE_H=1, STRIDE_W=1, UNROLL=False, num_stages=2, num_warps=8
  triton_convolution3d_231 1.3486 ms 84.2% ALLOW_TF32=True, BLOCK_K=32, BLOCK_M=64, BLOCK_N=64, GROUPS=1, KERNEL_D=3, KERNEL_H=3, KERNEL_W=3, PADDING_D=0, PADDING_H=1, PADDING_W=1, STRIDE_D=1, STRIDE_H=1, STRIDE_W=1, UNROLL=False, num_stages=2, num_warps=4
  triton_convolution3d_228 1.5647 ms 72.6% ALLOW_TF32=True, BLOCK_K=16, BLOCK_M=256, BLOCK_N=64, GROUPS=1, KERNEL_D=3, KERNEL_H=3, KERNEL_W=3, PADDING_D=0, PADDING_H=1, PADDING_W=1, STRIDE_D=1, STRIDE_H=1, STRIDE_W=1, UNROLL=False, num_stages=2, num_warps=4
  triton_convolution3d_227 1.7428 ms 65.2% ALLOW_TF32=True, BLOCK_K=16, BLOCK_M=64, BLOCK_N=128, GROUPS=1, KERNEL_D=3, KERNEL_H=3, KERNEL_W=3, PADDING_D=0, PADDING_H=1, PADDING_W=1, STRIDE_D=1, STRIDE_H=1, STRIDE_W=1, UNROLL=False, num_stages=2, num_warps=4
  triton_convolution3d_229 3.5697 ms 31.8% ALLOW_TF32=True, BLOCK_K=16, BLOCK_M=1024, BLOCK_N=16, GROUPS=1, KERNEL_D=3, KERNEL_H=3, KERNEL_W=3, PADDING_D=0, PADDING_H=1, PADDING_W=1, STRIDE_D=1, STRIDE_H=1, STRIDE_W=1, UNROLL=False, num_stages=1, num_warps=8
SingleProcess AUTOTUNE benchmarking takes 0.3590 seconds and 0.0006 seconds precompiling for 8 choices
AUTOTUNE convolution(1x96x3x464x832, 3x96x3x3x3)
strides: [111181824, 1, 37060608, 79872, 96], [2592, 1, 864, 288, 96]
dtypes: torch.float16, torch.float16
  triton_convolution3d_273 0.3257 ms 100.0% ALLOW_TF32=True, BLOCK_K=32, BLOCK_M=64, BLOCK_N=16, GROUPS=1, KERNEL_D=3, KERNEL_H=3, KERNEL_W=3, PADDING_D=0, PADDING_H=1, PADDING_W=1, STRIDE_D=1, STRIDE_H=1, STRIDE_W=1, UNROLL=False, num_stages=2, num_warps=4
  convolution 0.3260 ms 99.9% 
  triton_convolution3d_272 0.3297 ms 98.8% ALLOW_TF32=True, BLOCK_K=32, BLOCK_M=128, BLOCK_N=16, GROUPS=1, KERNEL_D=3, KERNEL_H=3, KERNEL_W=3, PADDING_D=0, PADDING_H=1, PADDING_W=1, STRIDE_D=1, STRIDE_H=1, STRIDE_W=1, UNROLL=False, num_stages=2, num_warps=8
  triton_convolution3d_274 0.3318 ms 98.2% ALLOW_TF32=True, BLOCK_K=32, BLOCK_M=256, BLOCK_N=16, GROUPS=1, KERNEL_D=3, KERNEL_H=3, KERNEL_W=3, PADDING_D=0, PADDING_H=1, PADDING_W=1, STRIDE_D=1, STRIDE_H=1, STRIDE_W=1, UNROLL=False, num_stages=2, num_warps=8
  triton_convolution3d_269 0.6062 ms 53.7% ALLOW_TF32=True, BLOCK_K=16, BLOCK_M=64, BLOCK_N=16, GROUPS=1, KERNEL_D=3, KERNEL_H=3, KERNEL_W=3, PADDING_D=0, PADDING_H=1, PADDING_W=1, STRIDE_D=1, STRIDE_H=1, STRIDE_W=1, UNROLL=False, num_stages=2, num_warps=4
  triton_convolution3d_270 0.6451 ms 50.5% ALLOW_TF32=True, BLOCK_K=16, BLOCK_M=256, BLOCK_N=16, GROUPS=1, KERNEL_D=3, KERNEL_H=3, KERNEL_W=3, PADDING_D=0, PADDING_H=1, PADDING_W=1, STRIDE_D=1, STRIDE_H=1, STRIDE_W=1, UNROLL=False, num_stages=2, num_warps=4
  triton_convolution3d_271 0.7107 ms 45.8% ALLOW_TF32=True, BLOCK_K=16, BLOCK_M=1024, BLOCK_N=16, GROUPS=1, KERNEL_D=3, KERNEL_H=3, KERNEL_W=3, PADDING_D=0, PADDING_H=1, PADDING_W=1, STRIDE_D=1, STRIDE_H=1, STRIDE_W=1, UNROLL=False, num_stages=1, num_warps=8
SingleProcess AUTOTUNE benchmarking takes 0.2775 seconds and 0.0005 seconds precompiling for 7 choices
AUTOTUNE convolution(1x384x3x58x104, 768x384x3x1x1)
strides: [6948864, 1, 2316288, 39936, 384], [1152, 1, 384, 384, 384]
dtypes: torch.float16, torch.float16
  triton_convolution3d_395 0.0655 ms 100.0% ALLOW_TF32=True, BLOCK_K=32, BLOCK_M=64, BLOCK_N=256, GROUPS=1, KERNEL_D=3, KERNEL_H=1, KERNEL_W=1, PADDING_D=0, PADDING_H=0, PADDING_W=0, STRIDE_D=1, STRIDE_H=1, STRIDE_W=1, UNROLL=False, num_stages=2, num_warps=8
  triton_convolution3d_393 0.0665 ms 98.5% ALLOW_TF32=True, BLOCK_K=32, BLOCK_M=128, BLOCK_N=128, GROUPS=1, KERNEL_D=3, KERNEL_H=1, KERNEL_W=1, PADDING_D=0, PADDING_H=0, PADDING_W=0, STRIDE_D=1, STRIDE_H=1, STRIDE_W=1, UNROLL=False, num_stages=2, num_warps=8
  triton_convolution3d_396 0.0696 ms 94.1% ALLOW_TF32=True, BLOCK_K=32, BLOCK_M=256, BLOCK_N=64, GROUPS=1, KERNEL_D=3, KERNEL_H=1, KERNEL_W=1, PADDING_D=0, PADDING_H=0, PADDING_W=0, STRIDE_D=1, STRIDE_H=1, STRIDE_W=1, UNROLL=False, num_stages=2, num_warps=8
  convolution 0.0758 ms 86.4% 
  triton_convolution3d_391 0.0758 ms 86.4% ALLOW_TF32=True, BLOCK_K=16, BLOCK_M=256, BLOCK_N=64, GROUPS=1, KERNEL_D=3, KERNEL_H=1, KERNEL_W=1, PADDING_D=0, PADDING_H=0, PADDING_W=0, STRIDE_D=1, STRIDE_H=1, STRIDE_W=1, UNROLL=False, num_stages=2, num_warps=4
  triton_convolution3d_394 0.0799 ms 82.0% ALLOW_TF32=True, BLOCK_K=32, BLOCK_M=64, BLOCK_N=64, GROUPS=1, KERNEL_D=3, KERNEL_H=1, KERNEL_W=1, PADDING_D=0, PADDING_H=0, PADDING_W=0, STRIDE_D=1, STRIDE_H=1, STRIDE_W=1, UNROLL=False, num_stages=2, num_warps=4
  triton_convolution3d_390 0.0860 ms 76.2% ALLOW_TF32=True, BLOCK_K=16, BLOCK_M=64, BLOCK_N=256, GROUPS=1, KERNEL_D=3, KERNEL_H=1, KERNEL_W=1, PADDING_D=0, PADDING_H=0, PADDING_W=0, STRIDE_D=1, STRIDE_H=1, STRIDE_W=1, UNROLL=False, num_stages=2, num_warps=4
  triton_convolution3d_392 0.2171 ms 30.2% ALLOW_TF32=True, BLOCK_K=16, BLOCK_M=1024, BLOCK_N=16, GROUPS=1, KERNEL_D=3, KERNEL_H=1, KERNEL_W=1, PADDING_D=0, PADDING_H=0, PADDING_W=0, STRIDE_D=1, STRIDE_H=1, STRIDE_W=1, UNROLL=False, num_stages=1, num_warps=8
SingleProcess AUTOTUNE benchmarking takes 0.1985 seconds and 0.0005 seconds precompiling for 8 choices
AUTOTUNE convolution(2x384x58x104, 768x384x2x2)
strides: [2316288, 1, 39936, 384], [1536, 1, 768, 384]
dtypes: torch.float16, torch.float16
  triton_convolution2d_400 0.1679 ms 100.0% ALLOW_TF32=True, BLOCK_K=32, BLOCK_M=128, BLOCK_N=128, GROUPS=1, KERNEL_H=2, KERNEL_W=2, PADDING_H=1, PADDING_W=1, STRIDE_H=1, STRIDE_W=1, UNROLL=False, num_stages=2, num_warps=8
  triton_convolution2d_403 0.1761 ms 95.3% ALLOW_TF32=True, BLOCK_K=32, BLOCK_M=256, BLOCK_N=64, GROUPS=1, KERNEL_H=2, KERNEL_W=2, PADDING_H=1, PADDING_W=1, STRIDE_H=1, STRIDE_W=1, UNROLL=False, num_stages=2, num_warps=8
  triton_convolution2d_402 0.1772 ms 94.8% ALLOW_TF32=True, BLOCK_K=32, BLOCK_M=64, BLOCK_N=256, GROUPS=1, KERNEL_H=2, KERNEL_W=2, PADDING_H=1, PADDING_W=1, STRIDE_H=1, STRIDE_W=1, UNROLL=False, num_stages=2, num_warps=8
  convolution 0.1864 ms 90.1% 
  triton_convolution2d_401 0.1874 ms 89.6% ALLOW_TF32=True, BLOCK_K=32, BLOCK_M=64, BLOCK_N=64, GROUPS=1, KERNEL_H=2, KERNEL_W=2, PADDING_H=1, PADDING_W=1, STRIDE_H=1, STRIDE_W=1, UNROLL=False, num_stages=2, num_warps=4
  triton_convolution2d_398 0.2090 ms 80.4% ALLOW_TF32=True, BLOCK_K=16, BLOCK_M=256, BLOCK_N=64, GROUPS=1, KERNEL_H=2, KERNEL_W=2, PADDING_H=1, PADDING_W=1, STRIDE_H=1, STRIDE_W=1, UNROLL=False, num_stages=2, num_warps=4
  triton_convolution2d_397 0.2458 ms 68.3% ALLOW_TF32=True, BLOCK_K=16, BLOCK_M=64, BLOCK_N=256, GROUPS=1, KERNEL_H=2, KERNEL_W=2, PADDING_H=1, PADDING_W=1, STRIDE_H=1, STRIDE_W=1, UNROLL=False, num_stages=2, num_warps=4
  triton_convolution2d_399 0.5530 ms 30.4% ALLOW_TF32=True, BLOCK_K=16, BLOCK_M=1024, BLOCK_N=16, GROUPS=1, KERNEL_H=2, KERNEL_W=2, PADDING_H=1, PADDING_W=1, STRIDE_H=1, STRIDE_W=1, UNROLL=False, num_stages=1, num_warps=8
SingleProcess AUTOTUNE benchmarking takes 0.2868 seconds and 0.0006 seconds precompiling for 8 choices
AUTOTUNE convolution(1x192x4x116x208, 384x192x3x3x3)
strides: [18530304, 1, 4632576, 39936, 192], [5184, 1, 1728, 576, 192]
dtypes: torch.float16, torch.float16
  triton_convolution3d_407 0.9605 ms 100.0% ALLOW_TF32=True, BLOCK_K=32, BLOCK_M=128, BLOCK_N=128, GROUPS=1, KERNEL_D=3, KERNEL_H=3, KERNEL_W=3, PADDING_D=0, PADDING_H=1, PADDING_W=1, STRIDE_D=1, STRIDE_H=1, STRIDE_W=1, UNROLL=False, num_stages=2, num_warps=8
  triton_convolution3d_410 1.0291 ms 93.3% ALLOW_TF32=True, BLOCK_K=32, BLOCK_M=256, BLOCK_N=64, GROUPS=1, KERNEL_D=3, KERNEL_H=3, KERNEL_W=3, PADDING_D=0, PADDING_H=1, PADDING_W=1, STRIDE_D=1, STRIDE_H=1, STRIDE_W=1, UNROLL=False, num_stages=2, num_warps=8
  convolution 1.1081 ms 86.7% 
  triton_convolution3d_408 1.1530 ms 83.3% ALLOW_TF32=True, BLOCK_K=32, BLOCK_M=64, BLOCK_N=64, GROUPS=1, KERNEL_D=3, KERNEL_H=3, KERNEL_W=3, PADDING_D=0, PADDING_H=1, PADDING_W=1, STRIDE_D=1, STRIDE_H=1, STRIDE_W=1, UNROLL=False, num_stages=2, num_warps=4
  triton_convolution3d_409 1.1919 ms 80.6% ALLOW_TF32=True, BLOCK_K=32, BLOCK_M=64, BLOCK_N=256, GROUPS=1, KERNEL_D=3, KERNEL_H=3, KERNEL_W=3, PADDING_D=0, PADDING_H=1, PADDING_W=1, STRIDE_D=1, STRIDE_H=1, STRIDE_W=1, UNROLL=False, num_stages=2, num_warps=8
  triton_convolution3d_405 1.3312 ms 72.2% ALLOW_TF32=True, BLOCK_K=16, BLOCK_M=256, BLOCK_N=64, GROUPS=1, KERNEL_D=3, KERNEL_H=3, KERNEL_W=3, PADDING_D=0, PADDING_H=1, PADDING_W=1, STRIDE_D=1, STRIDE_H=1, STRIDE_W=1, UNROLL=False, num_stages=2, num_warps=4
  triton_convolution3d_404 1.6722 ms 57.4% ALLOW_TF32=True, BLOCK_K=16, BLOCK_M=64, BLOCK_N=256, GROUPS=1, KERNEL_D=3, KERNEL_H=3, KERNEL_W=3, PADDING_D=0, PADDING_H=1, PADDING_W=1, STRIDE_D=1, STRIDE_H=1, STRIDE_W=1, UNROLL=False, num_stages=2, num_warps=4
  triton_convolution3d_406 3.5420 ms 27.1% ALLOW_TF32=True, BLOCK_K=16, BLOCK_M=1024, BLOCK_N=16, GROUPS=1, KERNEL_D=3, KERNEL_H=3, KERNEL_W=3, PADDING_D=0, PADDING_H=1, PADDING_W=1, STRIDE_D=1, STRIDE_H=1, STRIDE_W=1, UNROLL=False, num_stages=1, num_warps=8
SingleProcess AUTOTUNE benchmarking takes 0.3582 seconds and 0.0006 seconds precompiling for 8 choices
AUTOTUNE convolution(1x384x4x116x208, 384x384x3x3x3)
strides: [37060608, 1, 9265152, 79872, 384], [10368, 1, 3456, 1152, 384]
dtypes: torch.float16, torch.float16
  triton_convolution3d_414 1.9056 ms 100.0% ALLOW_TF32=True, BLOCK_K=32, BLOCK_M=128, BLOCK_N=128, GROUPS=1, KERNEL_D=3, KERNEL_H=3, KERNEL_W=3, PADDING_D=0, PADDING_H=1, PADDING_W=1, STRIDE_D=1, STRIDE_H=1, STRIDE_W=1, UNROLL=False, num_stages=2, num_warps=8
  triton_convolution3d_417 2.0593 ms 92.5% ALLOW_TF32=True, BLOCK_K=32, BLOCK_M=256, BLOCK_N=64, GROUPS=1, KERNEL_D=3, KERNEL_H=3, KERNEL_W=3, PADDING_D=0, PADDING_H=1, PADDING_W=1, STRIDE_D=1, STRIDE_H=1, STRIDE_W=1, UNROLL=False, num_stages=2, num_warps=8
  triton_convolution3d_415 2.1494 ms 88.7% ALLOW_TF32=True, BLOCK_K=32, BLOCK_M=64, BLOCK_N=64, GROUPS=1, KERNEL_D=3, KERNEL_H=3, KERNEL_W=3, PADDING_D=0, PADDING_H=1, PADDING_W=1, STRIDE_D=1, STRIDE_H=1, STRIDE_W=1, UNROLL=False, num_stages=2, num_warps=4
  convolution 2.2497 ms 84.7% 
  triton_convolution3d_416 2.3501 ms 81.1% ALLOW_TF32=True, BLOCK_K=32, BLOCK_M=64, BLOCK_N=256, GROUPS=1, KERNEL_D=3, KERNEL_H=3, KERNEL_W=3, PADDING_D=0, PADDING_H=1, PADDING_W=1, STRIDE_D=1, STRIDE_H=1, STRIDE_W=1, UNROLL=False, num_stages=2, num_warps=8
  triton_convolution3d_412 2.6245 ms 72.6% ALLOW_TF32=True, BLOCK_K=16, BLOCK_M=256, BLOCK_N=64, GROUPS=1, KERNEL_D=3, KERNEL_H=3, KERNEL_W=3, PADDING_D=0, PADDING_H=1, PADDING_W=1, STRIDE_D=1, STRIDE_H=1, STRIDE_W=1, UNROLL=False, num_stages=2, num_warps=4
  triton_convolution3d_411 3.1693 ms 60.1% ALLOW_TF32=True, BLOCK_K=16, BLOCK_M=64, BLOCK_N=256, GROUPS=1, KERNEL_D=3, KERNEL_H=3, KERNEL_W=3, PADDING_D=0, PADDING_H=1, PADDING_W=1, STRIDE_D=1, STRIDE_H=1, STRIDE_W=1, UNROLL=False, num_stages=2, num_warps=4
  triton_convolution3d_413 7.0400 ms 27.1% ALLOW_TF32=True, BLOCK_K=16, BLOCK_M=1024, BLOCK_N=16, GROUPS=1, KERNEL_D=3, KERNEL_H=3, KERNEL_W=3, PADDING_D=0, PADDING_H=1, PADDING_W=1, STRIDE_D=1, STRIDE_H=1, STRIDE_W=1, UNROLL=False, num_stages=1, num_warps=8
SingleProcess AUTOTUNE benchmarking takes 0.4176 seconds and 0.0006 seconds precompiling for 8 choices
AUTOTUNE convolution(1x192x2x116x208, 384x192x1x1x1)
strides: [9265152, 48256, 24128, 208, 1], [192, 1, 1, 1, 1]
dtypes: torch.float16, torch.float16
  triton_convolution3d_421 0.0512 ms 100.0% ALLOW_TF32=True, BLOCK_K=32, BLOCK_M=128, BLOCK_N=128, GROUPS=1, KERNEL_D=1, KERNEL_H=1, KERNEL_W=1, PADDING_D=0, PADDING_H=0, PADDING_W=0, STRIDE_D=1, STRIDE_H=1, STRIDE_W=1, UNROLL=True, num_stages=2, num_warps=8
  triton_convolution3d_424 0.0531 ms 96.4% ALLOW_TF32=True, BLOCK_K=32, BLOCK_M=256, BLOCK_N=64, GROUPS=1, KERNEL_D=1, KERNEL_H=1, KERNEL_W=1, PADDING_D=0, PADDING_H=0, PADDING_W=0, STRIDE_D=1, STRIDE_H=1, STRIDE_W=1, UNROLL=True, num_stages=2, num_warps=8
  triton_convolution3d_422 0.0551 ms 92.8% ALLOW_TF32=True, BLOCK_K=32, BLOCK_M=64, BLOCK_N=64, GROUPS=1, KERNEL_D=1, KERNEL_H=1, KERNEL_W=1, PADDING_D=0, PADDING_H=0, PADDING_W=0, STRIDE_D=1, STRIDE_H=1, STRIDE_W=1, UNROLL=True, num_stages=2, num_warps=4
  triton_convolution3d_419 0.0573 ms 89.2% ALLOW_TF32=True, BLOCK_K=16, BLOCK_M=256, BLOCK_N=64, GROUPS=1, KERNEL_D=1, KERNEL_H=1, KERNEL_W=1, PADDING_D=0, PADDING_H=0, PADDING_W=0, STRIDE_D=1, STRIDE_H=1, STRIDE_W=1, UNROLL=True, num_stages=2, num_warps=4
  convolution 0.0590 ms 86.7% 
  triton_convolution3d_423 0.0635 ms 80.6% ALLOW_TF32=True, BLOCK_K=32, BLOCK_M=64, BLOCK_N=256, GROUPS=1, KERNEL_D=1, KERNEL_H=1, KERNEL_W=1, PADDING_D=0, PADDING_H=0, PADDING_W=0, STRIDE_D=1, STRIDE_H=1, STRIDE_W=1, UNROLL=True, num_stages=2, num_warps=8
  triton_convolution3d_418 0.0732 ms 69.9% ALLOW_TF32=True, BLOCK_K=16, BLOCK_M=64, BLOCK_N=256, GROUPS=1, KERNEL_D=1, KERNEL_H=1, KERNEL_W=1, PADDING_D=0, PADDING_H=0, PADDING_W=0, STRIDE_D=1, STRIDE_H=1, STRIDE_W=1, UNROLL=True, num_stages=2, num_warps=4
  triton_convolution3d_420 0.0942 ms 54.3% ALLOW_TF32=True, BLOCK_K=16, BLOCK_M=1024, BLOCK_N=16, GROUPS=1, KERNEL_D=1, KERNEL_H=1, KERNEL_W=1, PADDING_D=0, PADDING_H=0, PADDING_W=0, STRIDE_D=1, STRIDE_H=1, STRIDE_W=1, UNROLL=True, num_stages=1, num_warps=8
  conv1x1_via_mm inf ms 0.0% 
SingleProcess AUTOTUNE benchmarking takes 0.1743 seconds and 0.0006 seconds precompiling for 9 choices
AUTOTUNE convolution(1x384x4x116x208, 768x384x3x1x1)
strides: [37060608, 1, 9265152, 79872, 384], [1152, 1, 384, 384, 384]
dtypes: torch.float16, torch.float16
  triton_convolution3d_458 0.4239 ms 100.0% ALLOW_TF32=True, BLOCK_K=32, BLOCK_M=64, BLOCK_N=256, GROUPS=1, KERNEL_D=3, KERNEL_H=1, KERNEL_W=1, PADDING_D=0, PADDING_H=0, PADDING_W=0, STRIDE_D=1, STRIDE_H=1, STRIDE_W=1, UNROLL=False, num_stages=2, num_warps=8
  triton_convolution3d_456 0.4321 ms 98.1% ALLOW_TF32=True, BLOCK_K=32, BLOCK_M=128, BLOCK_N=128, GROUPS=1, KERNEL_D=3, KERNEL_H=1, KERNEL_W=1, PADDING_D=0, PADDING_H=0, PADDING_W=0, STRIDE_D=1, STRIDE_H=1, STRIDE_W=1, UNROLL=False, num_stages=2, num_warps=8
  triton_convolution3d_459 0.4444 ms 95.4% ALLOW_TF32=True, BLOCK_K=32, BLOCK_M=256, BLOCK_N=64, GROUPS=1, KERNEL_D=3, KERNEL_H=1, KERNEL_W=1, PADDING_D=0, PADDING_H=0, PADDING_W=0, STRIDE_D=1, STRIDE_H=1, STRIDE_W=1, UNROLL=False, num_stages=2, num_warps=8
  triton_convolution3d_457 0.5038 ms 84.1% ALLOW_TF32=True, BLOCK_K=32, BLOCK_M=64, BLOCK_N=64, GROUPS=1, KERNEL_D=3, KERNEL_H=1, KERNEL_W=1, PADDING_D=0, PADDING_H=0, PADDING_W=0, STRIDE_D=1, STRIDE_H=1, STRIDE_W=1, UNROLL=False, num_stages=2, num_warps=4
  convolution 0.5140 ms 82.5% 
  triton_convolution3d_453 0.5734 ms 73.9% ALLOW_TF32=True, BLOCK_K=16, BLOCK_M=64, BLOCK_N=256, GROUPS=1, KERNEL_D=3, KERNEL_H=1, KERNEL_W=1, PADDING_D=0, PADDING_H=0, PADDING_W=0, STRIDE_D=1, STRIDE_H=1, STRIDE_W=1, UNROLL=False, num_stages=2, num_warps=4
  triton_convolution3d_454 0.6042 ms 70.2% ALLOW_TF32=True, BLOCK_K=16, BLOCK_M=256, BLOCK_N=64, GROUPS=1, KERNEL_D=3, KERNEL_H=1, KERNEL_W=1, PADDING_D=0, PADDING_H=0, PADDING_W=0, STRIDE_D=1, STRIDE_H=1, STRIDE_W=1, UNROLL=False, num_stages=2, num_warps=4
  triton_convolution3d_455 1.6067 ms 26.4% ALLOW_TF32=True, BLOCK_K=16, BLOCK_M=1024, BLOCK_N=16, GROUPS=1, KERNEL_D=3, KERNEL_H=1, KERNEL_W=1, PADDING_D=0, PADDING_H=0, PADDING_W=0, STRIDE_D=1, STRIDE_H=1, STRIDE_W=1, UNROLL=False, num_stages=1, num_warps=8
SingleProcess AUTOTUNE benchmarking takes 0.3252 seconds and 0.0005 seconds precompiling for 8 choices
AUTOTUNE convolution(4x384x116x208, 768x384x2x2)
strides: [9265152, 1, 79872, 384], [1536, 1, 768, 384]
dtypes: torch.float16, torch.float16
  triton_convolution2d_463 1.0367 ms 100.0% ALLOW_TF32=True, BLOCK_K=32, BLOCK_M=128, BLOCK_N=128, GROUPS=1, KERNEL_H=2, KERNEL_W=2, PADDING_H=1, PADDING_W=1, STRIDE_H=1, STRIDE_W=1, UNROLL=False, num_stages=2, num_warps=8
  triton_convolution2d_465 1.0593 ms 97.9% ALLOW_TF32=True, BLOCK_K=32, BLOCK_M=64, BLOCK_N=256, GROUPS=1, KERNEL_H=2, KERNEL_W=2, PADDING_H=1, PADDING_W=1, STRIDE_H=1, STRIDE_W=1, UNROLL=False, num_stages=2, num_warps=8
  triton_convolution2d_466 1.2329 ms 84.1% ALLOW_TF32=True, BLOCK_K=32, BLOCK_M=256, BLOCK_N=64, GROUPS=1, KERNEL_H=2, KERNEL_W=2, PADDING_H=1, PADDING_W=1, STRIDE_H=1, STRIDE_W=1, UNROLL=False, num_stages=2, num_warps=8
  triton_convolution2d_464 1.2831 ms 80.8% ALLOW_TF32=True, BLOCK_K=32, BLOCK_M=64, BLOCK_N=64, GROUPS=1, KERNEL_H=2, KERNEL_W=2, PADDING_H=1, PADDING_W=1, STRIDE_H=1, STRIDE_W=1, UNROLL=False, num_stages=2, num_warps=4
  convolution 1.3942 ms 74.4% 
  triton_convolution2d_460 1.4674 ms 70.7% ALLOW_TF32=True, BLOCK_K=16, BLOCK_M=64, BLOCK_N=256, GROUPS=1, KERNEL_H=2, KERNEL_W=2, PADDING_H=1, PADDING_W=1, STRIDE_H=1, STRIDE_W=1, UNROLL=False, num_stages=2, num_warps=4
  triton_convolution2d_461 1.5176 ms 68.3% ALLOW_TF32=True, BLOCK_K=16, BLOCK_M=256, BLOCK_N=64, GROUPS=1, KERNEL_H=2, KERNEL_W=2, PADDING_H=1, PADDING_W=1, STRIDE_H=1, STRIDE_W=1, UNROLL=False, num_stages=2, num_warps=4
  triton_convolution2d_462 4.2721 ms 24.3% ALLOW_TF32=True, BLOCK_K=16, BLOCK_M=1024, BLOCK_N=16, GROUPS=1, KERNEL_H=2, KERNEL_W=2, PADDING_H=1, PADDING_W=1, STRIDE_H=1, STRIDE_W=1, UNROLL=False, num_stages=1, num_warps=8
SingleProcess AUTOTUNE benchmarking takes 0.3604 seconds and 0.0006 seconds precompiling for 8 choices
AUTOTUNE convolution(1x192x6x232x416, 192x192x3x3x3)
strides: [111181824, 1, 18530304, 79872, 192], [5184, 1, 1728, 576, 192]
dtypes: torch.float16, torch.float16
  triton_convolution3d_473 3.7100 ms 100.0% ALLOW_TF32=True, BLOCK_K=32, BLOCK_M=256, BLOCK_N=64, GROUPS=1, KERNEL_D=3, KERNEL_H=3, KERNEL_W=3, PADDING_D=0, PADDING_H=1, PADDING_W=1, STRIDE_D=1, STRIDE_H=1, STRIDE_W=1, UNROLL=False, num_stages=2, num_warps=8
  triton_convolution3d_471 4.0489 ms 91.6% ALLOW_TF32=True, BLOCK_K=32, BLOCK_M=64, BLOCK_N=64, GROUPS=1, KERNEL_D=3, KERNEL_H=3, KERNEL_W=3, PADDING_D=0, PADDING_H=1, PADDING_W=1, STRIDE_D=1, STRIDE_H=1, STRIDE_W=1, UNROLL=False, num_stages=2, num_warps=4
  convolution 4.4401 ms 83.6% 
  triton_convolution3d_468 4.6029 ms 80.6% ALLOW_TF32=True, BLOCK_K=16, BLOCK_M=256, BLOCK_N=64, GROUPS=1, KERNEL_D=3, KERNEL_H=3, KERNEL_W=3, PADDING_D=0, PADDING_H=1, PADDING_W=1, STRIDE_D=1, STRIDE_H=1, STRIDE_W=1, UNROLL=False, num_stages=2, num_warps=4
  triton_convolution3d_472 4.6510 ms 79.8% ALLOW_TF32=True, BLOCK_K=32, BLOCK_M=64, BLOCK_N=256, GROUPS=1, KERNEL_D=3, KERNEL_H=3, KERNEL_W=3, PADDING_D=0, PADDING_H=1, PADDING_W=1, STRIDE_D=1, STRIDE_H=1, STRIDE_W=1, UNROLL=False, num_stages=2, num_warps=8
  triton_convolution3d_470 4.6612 ms 79.6% ALLOW_TF32=True, BLOCK_K=32, BLOCK_M=128, BLOCK_N=128, GROUPS=1, KERNEL_D=3, KERNEL_H=3, KERNEL_W=3, PADDING_D=0, PADDING_H=1, PADDING_W=1, STRIDE_D=1, STRIDE_H=1, STRIDE_W=1, UNROLL=False, num_stages=2, num_warps=8
  triton_convolution3d_467 5.4026 ms 68.7% ALLOW_TF32=True, BLOCK_K=16, BLOCK_M=64, BLOCK_N=256, GROUPS=1, KERNEL_D=3, KERNEL_H=3, KERNEL_W=3, PADDING_D=0, PADDING_H=1, PADDING_W=1, STRIDE_D=1, STRIDE_H=1, STRIDE_W=1, UNROLL=False, num_stages=2, num_warps=4
  triton_convolution3d_469 13.9305 ms 26.6% ALLOW_TF32=True, BLOCK_K=16, BLOCK_M=1024, BLOCK_N=16, GROUPS=1, KERNEL_D=3, KERNEL_H=3, KERNEL_W=3, PADDING_D=0, PADDING_H=1, PADDING_W=1, STRIDE_D=1, STRIDE_H=1, STRIDE_W=1, UNROLL=False, num_stages=1, num_warps=8
SingleProcess AUTOTUNE benchmarking takes 0.5371 seconds and 0.0006 seconds precompiling for 8 choices
AUTOTUNE convolution(4x192x232x416, 384x192x2x2)
strides: [18530304, 1, 79872, 192], [768, 1, 384, 192]
dtypes: torch.float16, torch.float16
  triton_convolution2d_512 1.0691 ms 100.0% ALLOW_TF32=True, BLOCK_K=32, BLOCK_M=128, BLOCK_N=128, GROUPS=1, KERNEL_H=2, KERNEL_W=2, PADDING_H=1, PADDING_W=1, STRIDE_H=1, STRIDE_W=1, UNROLL=False, num_stages=2, num_warps=8
  triton_convolution2d_515 1.1674 ms 91.6% ALLOW_TF32=True, BLOCK_K=32, BLOCK_M=256, BLOCK_N=64, GROUPS=1, KERNEL_H=2, KERNEL_W=2, PADDING_H=1, PADDING_W=1, STRIDE_H=1, STRIDE_W=1, UNROLL=False, num_stages=2, num_warps=8
  convolution 1.3855 ms 77.2% 
  triton_convolution2d_513 1.3875 ms 77.0% ALLOW_TF32=True, BLOCK_K=32, BLOCK_M=64, BLOCK_N=64, GROUPS=1, KERNEL_H=2, KERNEL_W=2, PADDING_H=1, PADDING_W=1, STRIDE_H=1, STRIDE_W=1, UNROLL=False, num_stages=2, num_warps=4
  triton_convolution2d_514 1.4019 ms 76.3% ALLOW_TF32=True, BLOCK_K=32, BLOCK_M=64, BLOCK_N=256, GROUPS=1, KERNEL_H=2, KERNEL_W=2, PADDING_H=1, PADDING_W=1, STRIDE_H=1, STRIDE_W=1, UNROLL=False, num_stages=2, num_warps=8
  triton_convolution2d_510 1.5124 ms 70.7% ALLOW_TF32=True, BLOCK_K=16, BLOCK_M=256, BLOCK_N=64, GROUPS=1, KERNEL_H=2, KERNEL_W=2, PADDING_H=1, PADDING_W=1, STRIDE_H=1, STRIDE_W=1, UNROLL=False, num_stages=2, num_warps=4
  triton_convolution2d_509 1.6087 ms 66.5% ALLOW_TF32=True, BLOCK_K=16, BLOCK_M=64, BLOCK_N=256, GROUPS=1, KERNEL_H=2, KERNEL_W=2, PADDING_H=1, PADDING_W=1, STRIDE_H=1, STRIDE_W=1, UNROLL=False, num_stages=2, num_warps=4
  triton_convolution2d_511 5.7805 ms 18.5% ALLOW_TF32=True, BLOCK_K=16, BLOCK_M=1024, BLOCK_N=16, GROUPS=1, KERNEL_H=2, KERNEL_W=2, PADDING_H=1, PADDING_W=1, STRIDE_H=1, STRIDE_W=1, UNROLL=False, num_stages=1, num_warps=8
SingleProcess AUTOTUNE benchmarking takes 0.3781 seconds and 0.0005 seconds precompiling for 8 choices
AUTOTUNE convolution(1x96x6x464x832, 96x96x3x3x3)
strides: [222363648, 1, 37060608, 79872, 96], [2592, 1, 864, 288, 96]
dtypes: torch.float16, torch.float16
  convolution 4.4605 ms 100.0% 
  triton_convolution3d_519 4.6070 ms 96.8% ALLOW_TF32=True, BLOCK_K=32, BLOCK_M=128, BLOCK_N=128, GROUPS=1, KERNEL_D=3, KERNEL_H=3, KERNEL_W=3, PADDING_D=0, PADDING_H=1, PADDING_W=1, STRIDE_D=1, STRIDE_H=1, STRIDE_W=1, UNROLL=False, num_stages=2, num_warps=8
  triton_convolution3d_521 4.7268 ms 94.4% ALLOW_TF32=True, BLOCK_K=32, BLOCK_M=64, BLOCK_N=128, GROUPS=1, KERNEL_D=3, KERNEL_H=3, KERNEL_W=3, PADDING_D=0, PADDING_H=1, PADDING_W=1, STRIDE_D=1, STRIDE_H=1, STRIDE_W=1, UNROLL=False, num_stages=2, num_warps=8
  triton_convolution3d_522 4.9029 ms 91.0% ALLOW_TF32=True, BLOCK_K=32, BLOCK_M=256, BLOCK_N=64, GROUPS=1, KERNEL_D=3, KERNEL_H=3, KERNEL_W=3, PADDING_D=0, PADDING_H=1, PADDING_W=1, STRIDE_D=1, STRIDE_H=1, STRIDE_W=1, UNROLL=False, num_stages=2, num_warps=8
  triton_convolution3d_520 5.1220 ms 87.1% ALLOW_TF32=True, BLOCK_K=32, BLOCK_M=64, BLOCK_N=64, GROUPS=1, KERNEL_D=3, KERNEL_H=3, KERNEL_W=3, PADDING_D=0, PADDING_H=1, PADDING_W=1, STRIDE_D=1, STRIDE_H=1, STRIDE_W=1, UNROLL=False, num_stages=2, num_warps=4
  triton_convolution3d_517 5.8399 ms 76.4% ALLOW_TF32=True, BLOCK_K=16, BLOCK_M=256, BLOCK_N=64, GROUPS=1, KERNEL_D=3, KERNEL_H=3, KERNEL_W=3, PADDING_D=0, PADDING_H=1, PADDING_W=1, STRIDE_D=1, STRIDE_H=1, STRIDE_W=1, UNROLL=False, num_stages=2, num_warps=4
  triton_convolution3d_516 6.2802 ms 71.0% ALLOW_TF32=True, BLOCK_K=16, BLOCK_M=64, BLOCK_N=128, GROUPS=1, KERNEL_D=3, KERNEL_H=3, KERNEL_W=3, PADDING_D=0, PADDING_H=1, PADDING_W=1, STRIDE_D=1, STRIDE_H=1, STRIDE_W=1, UNROLL=False, num_stages=2, num_warps=4
  triton_convolution3d_518 13.9356 ms 32.0% ALLOW_TF32=True, BLOCK_K=16, BLOCK_M=1024, BLOCK_N=16, GROUPS=1, KERNEL_D=3, KERNEL_H=3, KERNEL_W=3, PADDING_D=0, PADDING_H=1, PADDING_W=1, STRIDE_D=1, STRIDE_H=1, STRIDE_W=1, UNROLL=False, num_stages=1, num_warps=8
SingleProcess AUTOTUNE benchmarking takes 0.5606 seconds and 0.0006 seconds precompiling for 8 choices
AUTOTUNE convolution(1x96x6x464x832, 3x96x3x3x3)
strides: [222363648, 1, 37060608, 79872, 96], [2592, 1, 864, 288, 96]
dtypes: torch.float16, torch.float16
  triton_convolution3d_562 1.2083 ms 100.0% ALLOW_TF32=True, BLOCK_K=32, BLOCK_M=64, BLOCK_N=16, GROUPS=1, KERNEL_D=3, KERNEL_H=3, KERNEL_W=3, PADDING_D=0, PADDING_H=1, PADDING_W=1, STRIDE_D=1, STRIDE_H=1, STRIDE_W=1, UNROLL=False, num_stages=2, num_warps=4
  triton_convolution3d_563 1.2083 ms 100.0% ALLOW_TF32=True, BLOCK_K=32, BLOCK_M=256, BLOCK_N=16, GROUPS=1, KERNEL_D=3, KERNEL_H=3, KERNEL_W=3, PADDING_D=0, PADDING_H=1, PADDING_W=1, STRIDE_D=1, STRIDE_H=1, STRIDE_W=1, UNROLL=False, num_stages=2, num_warps=8
  convolution 1.2140 ms 99.5% 
  triton_convolution3d_561 1.2514 ms 96.6% ALLOW_TF32=True, BLOCK_K=32, BLOCK_M=128, BLOCK_N=16, GROUPS=1, KERNEL_D=3, KERNEL_H=3, KERNEL_W=3, PADDING_D=0, PADDING_H=1, PADDING_W=1, STRIDE_D=1, STRIDE_H=1, STRIDE_W=1, UNROLL=False, num_stages=2, num_warps=8
  triton_convolution3d_558 2.2825 ms 52.9% ALLOW_TF32=True, BLOCK_K=16, BLOCK_M=64, BLOCK_N=16, GROUPS=1, KERNEL_D=3, KERNEL_H=3, KERNEL_W=3, PADDING_D=0, PADDING_H=1, PADDING_W=1, STRIDE_D=1, STRIDE_H=1, STRIDE_W=1, UNROLL=False, num_stages=2, num_warps=4
  triton_convolution3d_559 2.3009 ms 52.5% ALLOW_TF32=True, BLOCK_K=16, BLOCK_M=256, BLOCK_N=16, GROUPS=1, KERNEL_D=3, KERNEL_H=3, KERNEL_W=3, PADDING_D=0, PADDING_H=1, PADDING_W=1, STRIDE_D=1, STRIDE_H=1, STRIDE_W=1, UNROLL=False, num_stages=2, num_warps=4
  triton_convolution3d_560 2.3562 ms 51.3% ALLOW_TF32=True, BLOCK_K=16, BLOCK_M=1024, BLOCK_N=16, GROUPS=1, KERNEL_D=3, KERNEL_H=3, KERNEL_W=3, PADDING_D=0, PADDING_H=1, PADDING_W=1, STRIDE_D=1, STRIDE_H=1, STRIDE_W=1, UNROLL=False, num_stages=1, num_warps=8
SingleProcess AUTOTUNE benchmarking takes 0.3138 seconds and 0.0005 seconds precompiling for 7 choices
 10%|#         | 1/10 [02:44<24:36, 164.06s/it] 20%|##        | 2/10 [02:51<09:33, 71.65s/it]  30%|###       | 3/10 [02:51<04:34, 39.16s/it] 40%|####      | 4/10 [02:52<02:23, 23.93s/it] 50%|#####     | 5/10 [03:02<01:35, 19.11s/it] 60%|######    | 6/10 [03:03<00:51, 12.82s/it] 70%|#######   | 7/10 [03:03<00:26,  8.84s/it] 80%|########  | 8/10 [03:04<00:12,  6.23s/it] 90%|######### | 9/10 [03:05<00:04,  4.48s/it]100%|##########| 10/10 [03:05<00:00,  3.29s/it]100%|##########| 10/10 [03:05<00:00, 18.58s/it]
[2026-10-06 22:23:54,904] INFO: Saving generated video to /workspace/runs/s0/b1_cold.mp4
BENCH_E2E trial 1: 25.32 FPS (interval p50 631.9 ms, p95 632.2, p99 632.2; 5 steady chunks), first frame 171564 ms
BENCH_E2E preset=fast gpus=2 832x464, 1 rollout: 25.32 FPS, 9.77 MPPS, interval p95 632.2 ms, first frame 171564 ms (cold: includes compile)
[worker] run took 195.9 s

