[worker] starting worker 7856bd72a975 (cold start: load + compile on first run); log /tmp/lingbot-worker-7856bd72a975.log
[2026-10-06 15:50:13,591] INFO: loading weights/lingbot-world-v2-14b-causal-fast/Wan2.1_VAE.pth
[2026-10-06 15:50:13,989] INFO: loading weights/lingbot-world-v2-14b-causal-fast/Wan2.1_VAE.pth
[2026-10-06 15:50:14,503] INFO: Fused decoder on cuda:1 (compile=max-autotune-no-cudagraphs)
[2026-10-06 15:50:14,503] INFO: Loading WanModelFast from weights/lingbot-world-v2-1.3b-causal-fast
[2026-10-06 15:50:14,503] INFO: config.json not found in weights/lingbot-world-v2-1.3b-causal-fast; building WanModelFast from the task config and loading safetensors weights.
[2026-10-06 15:50:15,783] INFO: FP8 rowwise enabled on 420 of 420 Linear layers
[2026-10-06 15:50:15,783] INFO: Inductor: multi_kernel=1, coordinate_descent_tuning, realize_reads_threshold=8
[2026-10-06 15:50:16,282] INFO: torch.compile enabled (mode=1)
[worker] pipeline built in 3 s (kept for later runs)
[2026-10-06 15:50:16,439] INFO: Generating video ...
  0%|          | 0/10 [00:00<?, ?it/s]  0%|          | 0/10 [00:07<?, ?it/s]
Traceback (most recent call last):
  File "/workspace/repo/lingbot/worker.py", line 261, in serve
    (_warm_run if runs else _cold_run)(G, args, pipe, cfg)
  File "/workspace/repo/lingbot/worker.py", line 192, in _cold_run
    G.run_generation(args, pipe, cfg)
  File "/workspace/repo/lingbot/generate.py", line 236, in run_generation
    video = pipe.generate(args.prompt, img, action_path=args.action_path, chunk_size=args.chunk_size,
            ^^^^^^^^^^^^^^^^^^^^^^^^^^^^^^^^^^^^^^^^^^^^^^^^^^^^^^^^^^^^^^^^^^^^^^^^^^^^^^^^^^^^^^^^^
  File "/workspace/repo/lingbot/pipelines/lingbot_world.py", line 512, in generate
    noise_pred = self.model(x=[current_latent.to(self.device)] * batch_size, t=sched['t'][timestep_idx],
                 ^^^^^^^^^^^^^^^^^^^^^^^^^^^^^^^^^^^^^^^^^^^^^^^^^^^^^^^^^^^^^^^^^^^^^^^^^^^^^^^^^^^^^^^
  File "/workspace/repo/.venv-cu130/lib/python3.12/site-packages/torch/_dynamo/eval_frame.py", line 563, in __call__
    return super().__call__(*args, **kwargs)
           ^^^^^^^^^^^^^^^^^^^^^^^^^^^^^^^^^
  File "/workspace/repo/.venv-cu130/lib/python3.12/site-packages/torch/nn/modules/module.py", line 1783, in _wrapped_call_impl
    return self._call_impl(*args, **kwargs)
           ^^^^^^^^^^^^^^^^^^^^^^^^^^^^^^^^
  File "/workspace/repo/.venv-cu130/lib/python3.12/site-packages/torch/nn/modules/module.py", line 1794, in _call_impl
    return forward_call(*args, **kwargs)
           ^^^^^^^^^^^^^^^^^^^^^^^^^^^^^
  File "/workspace/repo/.venv-cu130/lib/python3.12/site-packages/torch/_dynamo/eval_frame.py", line 1278, in compile_wrapper
    raise e.remove_dynamo_frames() from None  # see TORCHDYNAMO_VERBOSE=1
    ^^^^^^^^^^^^^^^^^^^^^^^^^^^^^^^^^^^^^^^^
  File "/workspace/repo/.venv-cu130/lib/python3.12/site-packages/torch/_dynamo/output_graph.py", line 3260, in _call_user_compiler
    raise BackendCompilerFailed(
  File "/workspace/repo/.venv-cu130/lib/python3.12/site-packages/torch/_dynamo/output_graph.py", line 3232, in _call_user_compiler
    compiled_fn = compiler_fn(gm, example_inputs)
                  ^^^^^^^^^^^^^^^^^^^^^^^^^^^^^^^
  File "/workspace/repo/.venv-cu130/lib/python3.12/site-packages/torch/_dynamo/repro/after_dynamo.py", line 163, in __call__
    compiled_gm = compiler_fn(gm, example_inputs)
                  ^^^^^^^^^^^^^^^^^^^^^^^^^^^^^^^
  File "/workspace/repo/.venv-cu130/lib/python3.12/site-packages/torch/__init__.py", line 2905, in __call__
    return compile_fx(
           ^^^^^^^^^^^
  File "/workspace/repo/.venv-cu130/lib/python3.12/site-packages/torch/_inductor/compile_fx.py", line 3020, in compile_fx
    return _maybe_wrap_and_compile_fx_main(
           ^^^^^^^^^^^^^^^^^^^^^^^^^^^^^^^^
  File "/workspace/repo/.venv-cu130/lib/python3.12/site-packages/torch/_inductor/compile_fx.py", line 3104, in _maybe_wrap_and_compile_fx_main
    return _compile_fx_main(
           ^^^^^^^^^^^^^^^^^
  File "/workspace/repo/.venv-cu130/lib/python3.12/site-packages/torch/_inductor/compile_fx.py", line 3309, in _compile_fx_main
    return dynamo_common.aot_autograd(
           ^^^^^^^^^^^^^^^^^^^^^^^^^^^
  File "/workspace/repo/.venv-cu130/lib/python3.12/site-packages/torch/_dynamo/backends/common.py", line 150, in __call__
    cg = aot_module_simplified(
         ^^^^^^^^^^^^^^^^^^^^^^
  File "/workspace/repo/.venv-cu130/lib/python3.12/site-packages/torch/_functorch/aot_autograd.py", line 1250, in aot_module_simplified
    compiled_fn, _ = aot_stage2_compile(
                     ^^^^^^^^^^^^^^^^^^^
  File "/workspace/repo/.venv-cu130/lib/python3.12/site-packages/torch/_functorch/_aot_autograd/graph_compile.py", line 365, in aot_stage2_compile
    return aot_stage2_inference(
           ^^^^^^^^^^^^^^^^^^^^^
  File "/workspace/repo/.venv-cu130/lib/python3.12/site-packages/torch/_functorch/_aot_autograd/graph_compile.py", line 489, in aot_stage2_inference
    compiled_fw = _aot_stage2b_inference_compile(
                  ^^^^^^^^^^^^^^^^^^^^^^^^^^^^^^^
  File "/workspace/repo/.venv-cu130/lib/python3.12/site-packages/torch/_functorch/_aot_autograd/graph_compile.py", line 416, in _aot_stage2b_inference_compile
    return _aot_stage2b_compile_forward_or_inference(
           ^^^^^^^^^^^^^^^^^^^^^^^^^^^^^^^^^^^^^^^^^^
  File "/workspace/repo/.venv-cu130/lib/python3.12/site-packages/torch/_functorch/_aot_autograd/graph_compile.py", line 2843, in _aot_stage2b_compile_forward_or_inference
    compiled_fw_func = compiler(fw_module, adjusted_flat_args)
                       ^^^^^^^^^^^^^^^^^^^^^^^^^^^^^^^^^^^^^^^
  File "/workspace/repo/.venv-cu130/lib/python3.12/site-packages/torch/_functorch/_aot_autograd/schemas.py", line 1504, in __call__
    output_code = self.compiler_fn(gm, example_inputs)
                  ^^^^^^^^^^^^^^^^^^^^^^^^^^^^^^^^^^^^
  File "/workspace/repo/.venv-cu130/lib/python3.12/site-packages/torch/_inductor/compile_fx.py", line 3166, in fw_compiler_base
    return compile_fx_forward(
           ^^^^^^^^^^^^^^^^^^^
  File "/workspace/repo/.venv-cu130/lib/python3.12/site-packages/torch/_inductor/compile_fx.py", line 2753, in compile_fx_forward
    result = inner_compile(
             ^^^^^^^^^^^^^^
  File "/workspace/repo/.venv-cu130/lib/python3.12/site-packages/torch/_inductor/compile_fx.py", line 919, in compile_fx_inner
    compiled_graph = wrap_compiler_debug(
                     ^^^^^^^^^^^^^^^^^^^^
  File "/workspace/repo/.venv-cu130/lib/python3.12/site-packages/torch/_dynamo/repro/after_aot.py", line 325, in debug_wrapper
    inner_compiled_fn = compiler_fn(gm, example_inputs)
                        ^^^^^^^^^^^^^^^^^^^^^^^^^^^^^^^
  File "/workspace/repo/.venv-cu130/lib/python3.12/site-packages/torch/_inductor/compile_fx.py", line 1077, in _compile_fx_inner
    mb_compiled_graph, cache_info = FxGraphCache.load_with_key(
                                    ^^^^^^^^^^^^^^^^^^^^^^^^^^^
  File "/workspace/repo/.venv-cu130/lib/python3.12/site-packages/torch/_inductor/codecache.py", line 2434, in load_with_key
    compiled_graph, cache_info = FxGraphCache._lookup_graph(
                                 ^^^^^^^^^^^^^^^^^^^^^^^^^^^
  File "/workspace/repo/.venv-cu130/lib/python3.12/site-packages/torch/_inductor/codecache.py", line 2262, in _lookup_graph
    return FxGraphCache.cache_hit_post_compile(graph, cache_info, constants)
           ^^^^^^^^^^^^^^^^^^^^^^^^^^^^^^^^^^^^^^^^^^^^^^^^^^^^^^^^^^^^^^^^^
  File "/workspace/repo/.venv-cu130/lib/python3.12/site-packages/torch/_inductor/codecache.py", line 2121, in cache_hit_post_compile
    artifact_path = graph.after_deserialization(constants)
                    ^^^^^^^^^^^^^^^^^^^^^^^^^^^^^^^^^^^^^^
  File "/workspace/repo/.venv-cu130/lib/python3.12/site-packages/torch/_inductor/output_code.py", line 1042, in after_deserialization
    code_cache = PyCodeCache.load_by_key_path(
                 ^^^^^^^^^^^^^^^^^^^^^^^^^^^^^
  File "/workspace/repo/.venv-cu130/lib/python3.12/site-packages/torch/_inductor/codecache.py", line 4820, in load_by_key_path
    mod = _reload_python_module(key, path, set_sys_modules=set_sys_modules)
          ^^^^^^^^^^^^^^^^^^^^^^^^^^^^^^^^^^^^^^^^^^^^^^^^^^^^^^^^^^^^^^^^^
  File "/workspace/repo/.venv-cu130/lib/python3.12/site-packages/torch/_inductor/runtime/compile_tasks.py", line 37, in _reload_python_module
    exec(code, mod.__dict__, mod.__dict__)
  File "/workspace/repo/.inductor_cache_cu130/ke/ckea73fvugcyvnwzeue3nwudxst6q5lrdiu76ri2ma2flyeix2xl.py", line 299, in <module>
    multi_kernel_0 = async_compile.multi_kernel('multi_kernel_0', [
                     ^^^^^^^^^^^^^^^^^^^^^^^^^^^^^^^^^^^^^^^^^^^^^^
  File "/workspace/repo/.venv-cu130/lib/python3.12/site-packages/torch/_inductor/async_compile.py", line 601, in multi_kernel
    return MultiKernelCall(*args, **kwargs)
           ^^^^^^^^^^^^^^^^^^^^^^^^^^^^^^^^
  File "/workspace/repo/.venv-cu130/lib/python3.12/site-packages/torch/_inductor/codegen/multi_kernel.py", line 334, in __init__
    self.load_cache()
  File "/workspace/repo/.venv-cu130/lib/python3.12/site-packages/torch/_inductor/codegen/multi_kernel.py", line 353, in load_cache
    path = self.cache_file_path()
           ^^^^^^^^^^^^^^^^^^^^^^
  File "/workspace/repo/.venv-cu130/lib/python3.12/site-packages/torch/_inductor/codegen/multi_kernel.py", line 342, in cache_file_path
    f"{k.fn.cache_key}{k.size_hints!r}{k.triton_meta!r}"
       ^^^^^^^^^^^^^^
  File "/workspace/repo/.venv-cu130/lib/python3.12/site-packages/triton/runtime/jit.py", line 518, in cache_key
    with self._hash_lock:
torch._dynamo.exc.BackendCompilerFailed: backend='inductor' raised:
TypeError: 'NoneType' object does not support the context manager protocol

Set TORCHDYNAMO_VERBOSE=1 for the internal stack trace (please do this especially if you're reporting a bug to PyTorch). For even more developer context, set TORCH_LOGS="+dynamo"


