[worker] starting worker 732f4d9fa139 (cold start: load + compile on first run); log /tmp/lingbot-worker-732f4d9fa139.log
[2026-10-06 15:19:49,511] INFO: loading weights/lingbot-world-v2-14b-causal-fast/Wan2.1_VAE.pth
[2026-10-06 15:19:49,925] INFO: loading weights/lingbot-world-v2-14b-causal-fast/Wan2.1_VAE.pth
[2026-10-06 15:19:50,447] INFO: Fused decoder on cuda:1 (compile=max-autotune-no-cudagraphs)
[2026-10-06 15:19:50,447] INFO: Loading WanModelFast from weights/lingbot-world-v2-1.3b-causal-fast
[2026-10-06 15:19:50,447] INFO: config.json not found in weights/lingbot-world-v2-1.3b-causal-fast; building WanModelFast from the task config and loading safetensors weights.
[2026-10-06 15:19:51,703] INFO: FP8 rowwise enabled on 420 of 420 Linear layers
[2026-10-06 15:19:51,703] INFO: Inductor: multi_kernel=1, coordinate_descent_tuning, realize_reads_threshold=8
[2026-10-06 15:19:52,528] INFO: torch.compile enabled (mode=1)
[worker] pipeline built in 3 s (kept for later runs)
[2026-10-06 15:19:52,683] INFO: Generating video ...
  0%|          | 0/10 [00:00<?, ?it/s]AUTOTUNE convolution(1x16x3x58x104, 384x16x3x3x3)
strides: [289536, 1, 96512, 1664, 16], [432, 1, 144, 48, 16]
dtypes: torch.float16, torch.float16
  triton_convolution3d_6 0.0243 ms 100.0% ALLOW_TF32=True, BLOCK_K=16, BLOCK_M=256, BLOCK_N=64, GROUPS=1, KERNEL_D=3, KERNEL_H=3, KERNEL_W=3, PADDING_D=0, PADDING_H=1, PADDING_W=1, STRIDE_D=1, STRIDE_H=1, STRIDE_W=1, UNROLL=False, num_stages=2, num_warps=8
  triton_convolution3d_3 0.0250 ms 97.2% ALLOW_TF32=True, BLOCK_K=16, BLOCK_M=128, BLOCK_N=128, GROUPS=1, KERNEL_D=3, KERNEL_H=3, KERNEL_W=3, PADDING_D=0, PADDING_H=1, PADDING_W=1, STRIDE_D=1, STRIDE_H=1, STRIDE_W=1, UNROLL=False, num_stages=2, num_warps=8
  triton_convolution3d_4 0.0271 ms 89.6% ALLOW_TF32=True, BLOCK_K=16, BLOCK_M=64, BLOCK_N=64, GROUPS=1, KERNEL_D=3, KERNEL_H=3, KERNEL_W=3, PADDING_D=0, PADDING_H=1, PADDING_W=1, STRIDE_D=1, STRIDE_H=1, STRIDE_W=1, UNROLL=False, num_stages=2, num_warps=4
  triton_convolution3d_1 0.0281 ms 86.2% ALLOW_TF32=True, BLOCK_K=16, BLOCK_M=256, BLOCK_N=64, GROUPS=1, KERNEL_D=3, KERNEL_H=3, KERNEL_W=3, PADDING_D=0, PADDING_H=1, PADDING_W=1, STRIDE_D=1, STRIDE_H=1, STRIDE_W=1, UNROLL=False, num_stages=2, num_warps=4
  triton_convolution3d_5 0.0283 ms 85.6% ALLOW_TF32=True, BLOCK_K=16, BLOCK_M=64, BLOCK_N=256, GROUPS=1, KERNEL_D=3, KERNEL_H=3, KERNEL_W=3, PADDING_D=0, PADDING_H=1, PADDING_W=1, STRIDE_D=1, STRIDE_H=1, STRIDE_W=1, UNROLL=False, num_stages=2, num_warps=8
  triton_convolution3d_0 0.0302 ms 80.4% ALLOW_TF32=True, BLOCK_K=16, BLOCK_M=64, BLOCK_N=256, GROUPS=1, KERNEL_D=3, KERNEL_H=3, KERNEL_W=3, PADDING_D=0, PADDING_H=1, PADDING_W=1, STRIDE_D=1, STRIDE_H=1, STRIDE_W=1, UNROLL=False, num_stages=2, num_warps=4
  triton_convolution3d_2 0.0323 ms 75.2% ALLOW_TF32=True, BLOCK_K=16, BLOCK_M=1024, BLOCK_N=16, GROUPS=1, KERNEL_D=3, KERNEL_H=3, KERNEL_W=3, PADDING_D=0, PADDING_H=1, PADDING_W=1, STRIDE_D=1, STRIDE_H=1, STRIDE_W=1, UNROLL=False, num_stages=1, num_warps=8
  convolution 0.0553 ms 43.9% 
SingleProcess AUTOTUNE benchmarking takes 0.1578 seconds and 0.0007 seconds precompiling for 8 choices
AUTOTUNE convolution(1x384x3x58x104, 384x384x3x3x3)
strides: [6948864, 1, 2316288, 39936, 384], [10368, 1, 3456, 1152, 384]
dtypes: torch.float16, torch.float16
  triton_convolution3d_11 0.3130 ms 100.0% ALLOW_TF32=True, BLOCK_K=32, BLOCK_M=64, BLOCK_N=64, GROUPS=1, KERNEL_D=3, KERNEL_H=3, KERNEL_W=3, PADDING_D=0, PADDING_H=1, PADDING_W=1, STRIDE_D=1, STRIDE_H=1, STRIDE_W=1, UNROLL=False, num_stages=2, num_warps=4
  convolution 0.3149 ms 99.4% 
  triton_convolution3d_10 0.3788 ms 82.6% ALLOW_TF32=True, BLOCK_K=32, BLOCK_M=128, BLOCK_N=128, GROUPS=1, KERNEL_D=3, KERNEL_H=3, KERNEL_W=3, PADDING_D=0, PADDING_H=1, PADDING_W=1, STRIDE_D=1, STRIDE_H=1, STRIDE_W=1, UNROLL=False, num_stages=2, num_warps=8
  triton_convolution3d_13 0.4117 ms 76.0% ALLOW_TF32=True, BLOCK_K=32, BLOCK_M=256, BLOCK_N=64, GROUPS=1, KERNEL_D=3, KERNEL_H=3, KERNEL_W=3, PADDING_D=0, PADDING_H=1, PADDING_W=1, STRIDE_D=1, STRIDE_H=1, STRIDE_W=1, UNROLL=False, num_stages=2, num_warps=8
  triton_convolution3d_12 0.5409 ms 57.9% ALLOW_TF32=True, BLOCK_K=32, BLOCK_M=64, BLOCK_N=256, GROUPS=1, KERNEL_D=3, KERNEL_H=3, KERNEL_W=3, PADDING_D=0, PADDING_H=1, PADDING_W=1, STRIDE_D=1, STRIDE_H=1, STRIDE_W=1, UNROLL=False, num_stages=2, num_warps=8
  triton_convolution3d_7 0.5591 ms 56.0% ALLOW_TF32=True, BLOCK_K=16, BLOCK_M=64, BLOCK_N=256, GROUPS=1, KERNEL_D=3, KERNEL_H=3, KERNEL_W=3, PADDING_D=0, PADDING_H=1, PADDING_W=1, STRIDE_D=1, STRIDE_H=1, STRIDE_W=1, UNROLL=False, num_stages=2, num_warps=4
  triton_convolution3d_8 0.5690 ms 55.0% ALLOW_TF32=True, BLOCK_K=16, BLOCK_M=256, BLOCK_N=64, GROUPS=1, KERNEL_D=3, KERNEL_H=3, KERNEL_W=3, PADDING_D=0, PADDING_H=1, PADDING_W=1, STRIDE_D=1, STRIDE_H=1, STRIDE_W=1, UNROLL=False, num_stages=2, num_warps=4
  triton_convolution3d_9 0.8787 ms 35.6% ALLOW_TF32=True, BLOCK_K=16, BLOCK_M=1024, BLOCK_N=16, GROUPS=1, KERNEL_D=3, KERNEL_H=3, KERNEL_W=3, PADDING_D=0, PADDING_H=1, PADDING_W=1, STRIDE_D=1, STRIDE_H=1, STRIDE_W=1, UNROLL=False, num_stages=1, num_warps=8
SingleProcess AUTOTUNE benchmarking takes 0.3210 seconds and 0.0006 seconds precompiling for 8 choices
AUTOTUNE addmm(6032x1152, 6032x384, 384x1152)
strides: [0, 1], [384, 1], [1, 384]
dtypes: torch.float16, torch.float16, torch.float16
  triton_mm_34 0.0318 ms 100.0% ACC_TYPE='tl.float32', ALLOW_TF32=False, BLOCK_K=32, BLOCK_M=128, BLOCK_N=64, EVEN_K=True, GROUP_M=8, USE_FAST_ACCUM=False, num_stages=3, num_warps=4
  triton_mm_30 0.0318 ms 99.9% ACC_TYPE='tl.float32', ALLOW_TF32=False, BLOCK_K=32, BLOCK_M=64, BLOCK_N=128, EVEN_K=True, GROUP_M=8, USE_FAST_ACCUM=False, num_stages=3, num_warps=4
  triton_mm_32 0.0323 ms 98.6% ACC_TYPE='tl.float32', ALLOW_TF32=False, BLOCK_K=64, BLOCK_M=64, BLOCK_N=128, EVEN_K=True, GROUP_M=8, USE_FAST_ACCUM=False, num_stages=3, num_warps=4
  triton_mm_27 0.0323 ms 98.5% ACC_TYPE='tl.float32', ALLOW_TF32=False, BLOCK_K=32, BLOCK_M=64, BLOCK_N=64, EVEN_K=True, GROUP_M=8, USE_FAST_ACCUM=False, num_stages=2, num_warps=4
  triton_mm_31 0.0323 ms 98.5% ACC_TYPE='tl.float32', ALLOW_TF32=False, BLOCK_K=32, BLOCK_M=64, BLOCK_N=128, EVEN_K=True, GROUP_M=8, USE_FAST_ACCUM=False, num_stages=4, num_warps=8
  triton_mm_28 0.0324 ms 98.3% ACC_TYPE='tl.float32', ALLOW_TF32=False, BLOCK_K=64, BLOCK_M=64, BLOCK_N=64, EVEN_K=True, GROUP_M=8, USE_FAST_ACCUM=False, num_stages=3, num_warps=8
  triton_mm_35 0.0324 ms 98.1% ACC_TYPE='tl.float32', ALLOW_TF32=False, BLOCK_K=32, BLOCK_M=128, BLOCK_N=64, EVEN_K=True, GROUP_M=8, USE_FAST_ACCUM=False, num_stages=4, num_warps=8
  triton_mm_37 0.0343 ms 92.7% ACC_TYPE='tl.float32', ALLOW_TF32=False, BLOCK_K=32, BLOCK_M=128, BLOCK_N=128, EVEN_K=True, GROUP_M=8, USE_FAST_ACCUM=False, num_stages=3, num_warps=4
  triton_mm_38 0.0384 ms 82.8% ACC_TYPE='tl.float32', ALLOW_TF32=False, BLOCK_K=64, BLOCK_M=128, BLOCK_N=128, EVEN_K=True, GROUP_M=8, USE_FAST_ACCUM=False, num_stages=3, num_warps=4
  triton_mm_23 0.0420 ms 75.7% ACC_TYPE='tl.float32', ALLOW_TF32=False, BLOCK_K=32, BLOCK_M=32, BLOCK_N=64, EVEN_K=True, GROUP_M=8, USE_FAST_ACCUM=False, num_stages=5, num_warps=8
SingleProcess AUTOTUNE benchmarking takes 0.3486 seconds and 0.0010 seconds precompiling for 21 choices
AUTOTUNE addmm(6032x384, 6032x384, 384x384)
strides: [0, 1], [384, 1], [1, 384]
dtypes: torch.float16, torch.float16, torch.float16
  triton_mm_54 0.0140 ms 100.0% ACC_TYPE='tl.float32', ALLOW_TF32=False, BLOCK_K=32, BLOCK_M=128, BLOCK_N=64, EVEN_K=True, GROUP_M=8, USE_FAST_ACCUM=False, num_stages=4, num_warps=8
  triton_mm_53 0.0144 ms 97.1% ACC_TYPE='tl.float32', ALLOW_TF32=False, BLOCK_K=32, BLOCK_M=128, BLOCK_N=64, EVEN_K=True, GROUP_M=8, USE_FAST_ACCUM=False, num_stages=3, num_warps=4
  triton_mm_51 0.0145 ms 96.9% ACC_TYPE='tl.float32', ALLOW_TF32=False, BLOCK_K=64, BLOCK_M=64, BLOCK_N=128, EVEN_K=True, GROUP_M=8, USE_FAST_ACCUM=False, num_stages=3, num_warps=4
  triton_mm_50 0.0159 ms 88.1% ACC_TYPE='tl.float32', ALLOW_TF32=False, BLOCK_K=32, BLOCK_M=64, BLOCK_N=128, EVEN_K=True, GROUP_M=8, USE_FAST_ACCUM=False, num_stages=4, num_warps=8
  triton_mm_57 0.0159 ms 88.1% ACC_TYPE='tl.float32', ALLOW_TF32=False, BLOCK_K=64, BLOCK_M=128, BLOCK_N=128, EVEN_K=True, GROUP_M=8, USE_FAST_ACCUM=False, num_stages=3, num_warps=4
  triton_mm_47 0.0159 ms 88.0% ACC_TYPE='tl.float32', ALLOW_TF32=False, BLOCK_K=64, BLOCK_M=64, BLOCK_N=64, EVEN_K=True, GROUP_M=8, USE_FAST_ACCUM=False, num_stages=3, num_warps=8
  triton_mm_56 0.0159 ms 88.0% ACC_TYPE='tl.float32', ALLOW_TF32=False, BLOCK_K=32, BLOCK_M=128, BLOCK_N=128, EVEN_K=True, GROUP_M=8, USE_FAST_ACCUM=False, num_stages=3, num_warps=4
  triton_mm_49 0.0160 ms 87.6% ACC_TYPE='tl.float32', ALLOW_TF32=False, BLOCK_K=32, BLOCK_M=64, BLOCK_N=128, EVEN_K=True, GROUP_M=8, USE_FAST_ACCUM=False, num_stages=3, num_warps=4
  triton_mm_46 0.0179 ms 78.2% ACC_TYPE='tl.float32', ALLOW_TF32=False, BLOCK_K=32, BLOCK_M=64, BLOCK_N=64, EVEN_K=True, GROUP_M=8, USE_FAST_ACCUM=False, num_stages=2, num_warps=4
  triton_mm_42 0.0180 ms 77.7% ACC_TYPE='tl.float32', ALLOW_TF32=False, BLOCK_K=32, BLOCK_M=32, BLOCK_N=64, EVEN_K=True, GROUP_M=8, USE_FAST_ACCUM=False, num_stages=5, num_warps=8
SingleProcess AUTOTUNE benchmarking takes 0.3000 seconds and 0.0010 seconds precompiling for 21 choices
AUTOTUNE convolution(1x384x58x104, 768x384x2x2)
strides: [0, 1, 39936, 384], [1536, 1, 768, 384]
dtypes: torch.float16, torch.float16
  triton_convolution2d_119 0.0835 ms 100.0% ALLOW_TF32=True, BLOCK_K=32, BLOCK_M=64, BLOCK_N=64, GROUPS=1, KERNEL_H=2, KERNEL_W=2, PADDING_H=1, PADDING_W=1, STRIDE_H=1, STRIDE_W=1, UNROLL=False, num_stages=2, num_warps=4
  triton_convolution2d_120 0.0916 ms 91.1% ALLOW_TF32=True, BLOCK_K=32, BLOCK_M=64, BLOCK_N=256, GROUPS=1, KERNEL_H=2, KERNEL_W=2, PADDING_H=1, PADDING_W=1, STRIDE_H=1, STRIDE_W=1, UNROLL=False, num_stages=2, num_warps=8
  triton_convolution2d_118 0.0918 ms 90.9% ALLOW_TF32=True, BLOCK_K=32, BLOCK_M=128, BLOCK_N=128, GROUPS=1, KERNEL_H=2, KERNEL_W=2, PADDING_H=1, PADDING_W=1, STRIDE_H=1, STRIDE_W=1, UNROLL=False, num_stages=2, num_warps=8
  triton_convolution2d_121 0.0937 ms 89.1% ALLOW_TF32=True, BLOCK_K=32, BLOCK_M=256, BLOCK_N=64, GROUPS=1, KERNEL_H=2, KERNEL_W=2, PADDING_H=1, PADDING_W=1, STRIDE_H=1, STRIDE_W=1, UNROLL=False, num_stages=2, num_warps=8
  convolution 0.1020 ms 81.9% 
  triton_convolution2d_116 0.1039 ms 80.3% ALLOW_TF32=True, BLOCK_K=16, BLOCK_M=256, BLOCK_N=64, GROUPS=1, KERNEL_H=2, KERNEL_W=2, PADDING_H=1, PADDING_W=1, STRIDE_H=1, STRIDE_W=1, UNROLL=False, num_stages=2, num_warps=4
  triton_convolution2d_115 0.1126 ms 74.1% ALLOW_TF32=True, BLOCK_K=16, BLOCK_M=64, BLOCK_N=256, GROUPS=1, KERNEL_H=2, KERNEL_W=2, PADDING_H=1, PADDING_W=1, STRIDE_H=1, STRIDE_W=1, UNROLL=False, num_stages=2, num_warps=4
  triton_convolution2d_117 0.2785 ms 30.0% ALLOW_TF32=True, BLOCK_K=16, BLOCK_M=1024, BLOCK_N=16, GROUPS=1, KERNEL_H=2, KERNEL_W=2, PADDING_H=1, PADDING_W=1, STRIDE_H=1, STRIDE_W=1, UNROLL=False, num_stages=1, num_warps=8
SingleProcess AUTOTUNE benchmarking takes 0.2134 seconds and 0.0005 seconds precompiling for 8 choices
AUTOTUNE convolution(1x192x3x116x208, 384x192x3x3x3)
strides: [13897728, 1, 4632576, 39936, 192], [5184, 1, 1728, 576, 192]
dtypes: torch.float16, torch.float16
  triton_convolution3d_125 0.5600 ms 100.0% ALLOW_TF32=True, BLOCK_K=32, BLOCK_M=128, BLOCK_N=128, GROUPS=1, KERNEL_D=3, KERNEL_H=3, KERNEL_W=3, PADDING_D=0, PADDING_H=1, PADDING_W=1, STRIDE_D=1, STRIDE_H=1, STRIDE_W=1, UNROLL=False, num_stages=2, num_warps=8
  triton_convolution3d_128 0.5642 ms 99.3% ALLOW_TF32=True, BLOCK_K=32, BLOCK_M=256, BLOCK_N=64, GROUPS=1, KERNEL_D=3, KERNEL_H=3, KERNEL_W=3, PADDING_D=0, PADDING_H=1, PADDING_W=1, STRIDE_D=1, STRIDE_H=1, STRIDE_W=1, UNROLL=False, num_stages=2, num_warps=8
  convolution 0.5698 ms 98.3% 
  triton_convolution3d_126 0.6092 ms 91.9% ALLOW_TF32=True, BLOCK_K=32, BLOCK_M=64, BLOCK_N=64, GROUPS=1, KERNEL_D=3, KERNEL_H=3, KERNEL_W=3, PADDING_D=0, PADDING_H=1, PADDING_W=1, STRIDE_D=1, STRIDE_H=1, STRIDE_W=1, UNROLL=False, num_stages=2, num_warps=4
  triton_convolution3d_123 0.6615 ms 84.7% ALLOW_TF32=True, BLOCK_K=16, BLOCK_M=256, BLOCK_N=64, GROUPS=1, KERNEL_D=3, KERNEL_H=3, KERNEL_W=3, PADDING_D=0, PADDING_H=1, PADDING_W=1, STRIDE_D=1, STRIDE_H=1, STRIDE_W=1, UNROLL=False, num_stages=2, num_warps=4
  triton_convolution3d_127 0.6679 ms 83.9% ALLOW_TF32=True, BLOCK_K=32, BLOCK_M=64, BLOCK_N=256, GROUPS=1, KERNEL_D=3, KERNEL_H=3, KERNEL_W=3, PADDING_D=0, PADDING_H=1, PADDING_W=1, STRIDE_D=1, STRIDE_H=1, STRIDE_W=1, UNROLL=False, num_stages=2, num_warps=8
  triton_convolution3d_122 0.9442 ms 59.3% ALLOW_TF32=True, BLOCK_K=16, BLOCK_M=64, BLOCK_N=256, GROUPS=1, KERNEL_D=3, KERNEL_H=3, KERNEL_W=3, PADDING_D=0, PADDING_H=1, PADDING_W=1, STRIDE_D=1, STRIDE_H=1, STRIDE_W=1, UNROLL=False, num_stages=2, num_warps=4
  triton_convolution3d_124 1.8012 ms 31.1% ALLOW_TF32=True, BLOCK_K=16, BLOCK_M=1024, BLOCK_N=16, GROUPS=1, KERNEL_D=3, KERNEL_H=3, KERNEL_W=3, PADDING_D=0, PADDING_H=1, PADDING_W=1, STRIDE_D=1, STRIDE_H=1, STRIDE_W=1, UNROLL=False, num_stages=1, num_warps=8
SingleProcess AUTOTUNE benchmarking takes 0.3275 seconds and 0.0006 seconds precompiling for 8 choices
AUTOTUNE convolution(1x384x3x116x208, 384x384x3x3x3)
strides: [27795456, 1, 9265152, 79872, 384], [10368, 1, 3456, 1152, 384]
dtypes: torch.float16, torch.float16
  triton_convolution3d_132 1.0712 ms 100.0% ALLOW_TF32=True, BLOCK_K=32, BLOCK_M=128, BLOCK_N=128, GROUPS=1, KERNEL_D=3, KERNEL_H=3, KERNEL_W=3, PADDING_D=0, PADDING_H=1, PADDING_W=1, STRIDE_D=1, STRIDE_H=1, STRIDE_W=1, UNROLL=False, num_stages=2, num_warps=8
  triton_convolution3d_135 1.1453 ms 93.5% ALLOW_TF32=True, BLOCK_K=32, BLOCK_M=256, BLOCK_N=64, GROUPS=1, KERNEL_D=3, KERNEL_H=3, KERNEL_W=3, PADDING_D=0, PADDING_H=1, PADDING_W=1, STRIDE_D=1, STRIDE_H=1, STRIDE_W=1, UNROLL=False, num_stages=2, num_warps=8
  convolution 1.1581 ms 92.5% 
  triton_convolution3d_133 1.1796 ms 90.8% ALLOW_TF32=True, BLOCK_K=32, BLOCK_M=64, BLOCK_N=64, GROUPS=1, KERNEL_D=3, KERNEL_H=3, KERNEL_W=3, PADDING_D=0, PADDING_H=1, PADDING_W=1, STRIDE_D=1, STRIDE_H=1, STRIDE_W=1, UNROLL=False, num_stages=2, num_warps=4
  triton_convolution3d_130 1.2820 ms 83.6% ALLOW_TF32=True, BLOCK_K=16, BLOCK_M=256, BLOCK_N=64, GROUPS=1, KERNEL_D=3, KERNEL_H=3, KERNEL_W=3, PADDING_D=0, PADDING_H=1, PADDING_W=1, STRIDE_D=1, STRIDE_H=1, STRIDE_W=1, UNROLL=False, num_stages=2, num_warps=4
  triton_convolution3d_134 1.3444 ms 79.7% ALLOW_TF32=True, BLOCK_K=32, BLOCK_M=64, BLOCK_N=256, GROUPS=1, KERNEL_D=3, KERNEL_H=3, KERNEL_W=3, PADDING_D=0, PADDING_H=1, PADDING_W=1, STRIDE_D=1, STRIDE_H=1, STRIDE_W=1, UNROLL=False, num_stages=2, num_warps=8
  triton_convolution3d_129 1.7132 ms 62.5% ALLOW_TF32=True, BLOCK_K=16, BLOCK_M=64, BLOCK_N=256, GROUPS=1, KERNEL_D=3, KERNEL_H=3, KERNEL_W=3, PADDING_D=0, PADDING_H=1, PADDING_W=1, STRIDE_D=1, STRIDE_H=1, STRIDE_W=1, UNROLL=False, num_stages=2, num_warps=4
  triton_convolution3d_131 3.5799 ms 29.9% ALLOW_TF32=True, BLOCK_K=16, BLOCK_M=1024, BLOCK_N=16, GROUPS=1, KERNEL_D=3, KERNEL_H=3, KERNEL_W=3, PADDING_D=0, PADDING_H=1, PADDING_W=1, STRIDE_D=1, STRIDE_H=1, STRIDE_W=1, UNROLL=False, num_stages=1, num_warps=8
SingleProcess AUTOTUNE benchmarking takes 0.3535 seconds and 0.0006 seconds precompiling for 8 choices
AUTOTUNE convolution(1x192x1x116x208, 384x192x1x1x1)
strides: [4632576, 24128, 24128, 208, 1], [192, 1, 1, 1, 1]
dtypes: torch.float16, torch.float16
  triton_convolution3d_142 0.0294 ms 100.0% ALLOW_TF32=True, BLOCK_K=32, BLOCK_M=256, BLOCK_N=64, GROUPS=1, KERNEL_D=1, KERNEL_H=1, KERNEL_W=1, PADDING_D=0, PADDING_H=0, PADDING_W=0, STRIDE_D=1, STRIDE_H=1, STRIDE_W=1, UNROLL=True, num_stages=2, num_warps=8
  triton_convolution3d_139 0.0302 ms 97.1% ALLOW_TF32=True, BLOCK_K=32, BLOCK_M=128, BLOCK_N=128, GROUPS=1, KERNEL_D=1, KERNEL_H=1, KERNEL_W=1, PADDING_D=0, PADDING_H=0, PADDING_W=0, STRIDE_D=1, STRIDE_H=1, STRIDE_W=1, UNROLL=True, num_stages=2, num_warps=8
  triton_convolution3d_140 0.0323 ms 91.0% ALLOW_TF32=True, BLOCK_K=32, BLOCK_M=64, BLOCK_N=64, GROUPS=1, KERNEL_D=1, KERNEL_H=1, KERNEL_W=1, PADDING_D=0, PADDING_H=0, PADDING_W=0, STRIDE_D=1, STRIDE_H=1, STRIDE_W=1, UNROLL=True, num_stages=2, num_warps=4
  convolution 0.0327 ms 89.7% 
  triton_convolution3d_141 0.0344 ms 85.4% ALLOW_TF32=True, BLOCK_K=32, BLOCK_M=64, BLOCK_N=256, GROUPS=1, KERNEL_D=1, KERNEL_H=1, KERNEL_W=1, PADDING_D=0, PADDING_H=0, PADDING_W=0, STRIDE_D=1, STRIDE_H=1, STRIDE_W=1, UNROLL=True, num_stages=2, num_warps=8
  triton_convolution3d_137 0.0364 ms 80.7% ALLOW_TF32=True, BLOCK_K=16, BLOCK_M=256, BLOCK_N=64, GROUPS=1, KERNEL_D=1, KERNEL_H=1, KERNEL_W=1, PADDING_D=0, PADDING_H=0, PADDING_W=0, STRIDE_D=1, STRIDE_H=1, STRIDE_W=1, UNROLL=True, num_stages=2, num_warps=4
  triton_convolution3d_136 0.0429 ms 68.5% ALLOW_TF32=True, BLOCK_K=16, BLOCK_M=64, BLOCK_N=256, GROUPS=1, KERNEL_D=1, KERNEL_H=1, KERNEL_W=1, PADDING_D=0, PADDING_H=0, PADDING_W=0, STRIDE_D=1, STRIDE_H=1, STRIDE_W=1, UNROLL=True, num_stages=2, num_warps=4
  triton_convolution3d_138 0.0507 ms 57.9% ALLOW_TF32=True, BLOCK_K=16, BLOCK_M=1024, BLOCK_N=16, GROUPS=1, KERNEL_D=1, KERNEL_H=1, KERNEL_W=1, PADDING_D=0, PADDING_H=0, PADDING_W=0, STRIDE_D=1, STRIDE_H=1, STRIDE_W=1, UNROLL=True, num_stages=1, num_warps=8
  conv1x1_via_mm inf ms 0.0% 
SingleProcess AUTOTUNE benchmarking takes 0.1477 seconds and 0.0006 seconds precompiling for 9 choices
AUTOTUNE convolution(1x384x116x208, 768x384x2x2)
strides: [0, 1, 79872, 384], [1536, 1, 768, 384]
dtypes: torch.float16, torch.float16
  triton_convolution2d_174 0.2919 ms 100.0% ALLOW_TF32=True, BLOCK_K=32, BLOCK_M=128, BLOCK_N=128, GROUPS=1, KERNEL_H=2, KERNEL_W=2, PADDING_H=1, PADDING_W=1, STRIDE_H=1, STRIDE_W=1, UNROLL=False, num_stages=2, num_warps=8
  triton_convolution2d_176 0.2977 ms 98.1% ALLOW_TF32=True, BLOCK_K=32, BLOCK_M=64, BLOCK_N=256, GROUPS=1, KERNEL_H=2, KERNEL_W=2, PADDING_H=1, PADDING_W=1, STRIDE_H=1, STRIDE_W=1, UNROLL=False, num_stages=2, num_warps=8
  triton_convolution2d_177 0.3088 ms 94.5% ALLOW_TF32=True, BLOCK_K=32, BLOCK_M=256, BLOCK_N=64, GROUPS=1, KERNEL_H=2, KERNEL_W=2, PADDING_H=1, PADDING_W=1, STRIDE_H=1, STRIDE_W=1, UNROLL=False, num_stages=2, num_warps=8
  triton_convolution2d_175 0.3274 ms 89.2% ALLOW_TF32=True, BLOCK_K=32, BLOCK_M=64, BLOCK_N=64, GROUPS=1, KERNEL_H=2, KERNEL_W=2, PADDING_H=1, PADDING_W=1, STRIDE_H=1, STRIDE_W=1, UNROLL=False, num_stages=2, num_warps=4
  convolution 0.3487 ms 83.7% 
  triton_convolution2d_172 0.3868 ms 75.5% ALLOW_TF32=True, BLOCK_K=16, BLOCK_M=256, BLOCK_N=64, GROUPS=1, KERNEL_H=2, KERNEL_W=2, PADDING_H=1, PADDING_W=1, STRIDE_H=1, STRIDE_W=1, UNROLL=False, num_stages=2, num_warps=4
  triton_convolution2d_171 0.4425 ms 66.0% ALLOW_TF32=True, BLOCK_K=16, BLOCK_M=64, BLOCK_N=256, GROUPS=1, KERNEL_H=2, KERNEL_W=2, PADDING_H=1, PADDING_W=1, STRIDE_H=1, STRIDE_W=1, UNROLL=False, num_stages=2, num_warps=4
  triton_convolution2d_173 1.0322 ms 28.3% ALLOW_TF32=True, BLOCK_K=16, BLOCK_M=1024, BLOCK_N=16, GROUPS=1, KERNEL_H=2, KERNEL_W=2, PADDING_H=1, PADDING_W=1, STRIDE_H=1, STRIDE_W=1, UNROLL=False, num_stages=1, num_warps=8
SingleProcess AUTOTUNE benchmarking takes 0.3220 seconds and 0.0005 seconds precompiling for 8 choices
AUTOTUNE convolution(1x192x3x232x416, 192x192x3x3x3)
strides: [55590912, 1, 18530304, 79872, 192], [5184, 1, 1728, 576, 192]
dtypes: torch.float16, torch.float16
  triton_convolution3d_184 0.9950 ms 100.0% ALLOW_TF32=True, BLOCK_K=32, BLOCK_M=256, BLOCK_N=64, GROUPS=1, KERNEL_D=3, KERNEL_H=3, KERNEL_W=3, PADDING_D=0, PADDING_H=1, PADDING_W=1, STRIDE_D=1, STRIDE_H=1, STRIDE_W=1, UNROLL=False, num_stages=2, num_warps=8
  convolution 1.1018 ms 90.3% 
  triton_convolution3d_181 1.1562 ms 86.1% ALLOW_TF32=True, BLOCK_K=32, BLOCK_M=128, BLOCK_N=128, GROUPS=1, KERNEL_D=3, KERNEL_H=3, KERNEL_W=3, PADDING_D=0, PADDING_H=1, PADDING_W=1, STRIDE_D=1, STRIDE_H=1, STRIDE_W=1, UNROLL=False, num_stages=2, num_warps=8
  triton_convolution3d_183 1.1660 ms 85.3% ALLOW_TF32=True, BLOCK_K=32, BLOCK_M=64, BLOCK_N=256, GROUPS=1, KERNEL_D=3, KERNEL_H=3, KERNEL_W=3, PADDING_D=0, PADDING_H=1, PADDING_W=1, STRIDE_D=1, STRIDE_H=1, STRIDE_W=1, UNROLL=False, num_stages=2, num_warps=8
  triton_convolution3d_182 1.1725 ms 84.9% ALLOW_TF32=True, BLOCK_K=32, BLOCK_M=64, BLOCK_N=64, GROUPS=1, KERNEL_D=3, KERNEL_H=3, KERNEL_W=3, PADDING_D=0, PADDING_H=1, PADDING_W=1, STRIDE_D=1, STRIDE_H=1, STRIDE_W=1, UNROLL=False, num_stages=2, num_warps=4
  triton_convolution3d_179 1.3496 ms 73.7% ALLOW_TF32=True, BLOCK_K=16, BLOCK_M=256, BLOCK_N=64, GROUPS=1, KERNEL_D=3, KERNEL_H=3, KERNEL_W=3, PADDING_D=0, PADDING_H=1, PADDING_W=1, STRIDE_D=1, STRIDE_H=1, STRIDE_W=1, UNROLL=False, num_stages=2, num_warps=4
  triton_convolution3d_178 1.5063 ms 66.1% ALLOW_TF32=True, BLOCK_K=16, BLOCK_M=64, BLOCK_N=256, GROUPS=1, KERNEL_D=3, KERNEL_H=3, KERNEL_W=3, PADDING_D=0, PADDING_H=1, PADDING_W=1, STRIDE_D=1, STRIDE_H=1, STRIDE_W=1, UNROLL=False, num_stages=2, num_warps=4
  triton_convolution3d_180 3.4980 ms 28.4% ALLOW_TF32=True, BLOCK_K=16, BLOCK_M=1024, BLOCK_N=16, GROUPS=1, KERNEL_D=3, KERNEL_H=3, KERNEL_W=3, PADDING_D=0, PADDING_H=1, PADDING_W=1, STRIDE_D=1, STRIDE_H=1, STRIDE_W=1, UNROLL=False, num_stages=1, num_warps=8
SingleProcess AUTOTUNE benchmarking takes 0.3540 seconds and 0.0006 seconds precompiling for 8 choices
AUTOTUNE convolution(1x192x232x416, 384x192x2x2)
strides: [0, 1, 79872, 192], [768, 1, 384, 192]
dtypes: torch.float16, torch.float16
  triton_convolution2d_223 0.2802 ms 100.0% ALLOW_TF32=True, BLOCK_K=32, BLOCK_M=128, BLOCK_N=128, GROUPS=1, KERNEL_H=2, KERNEL_W=2, PADDING_H=1, PADDING_W=1, STRIDE_H=1, STRIDE_W=1, UNROLL=False, num_stages=2, num_warps=8
  triton_convolution2d_226 0.2987 ms 93.8% ALLOW_TF32=True, BLOCK_K=32, BLOCK_M=256, BLOCK_N=64, GROUPS=1, KERNEL_H=2, KERNEL_W=2, PADDING_H=1, PADDING_W=1, STRIDE_H=1, STRIDE_W=1, UNROLL=False, num_stages=2, num_warps=8
  triton_convolution2d_224 0.3356 ms 83.5% ALLOW_TF32=True, BLOCK_K=32, BLOCK_M=64, BLOCK_N=64, GROUPS=1, KERNEL_H=2, KERNEL_W=2, PADDING_H=1, PADDING_W=1, STRIDE_H=1, STRIDE_W=1, UNROLL=False, num_stages=2, num_warps=4
  convolution 0.3440 ms 81.5% 
  triton_convolution2d_225 0.3585 ms 78.2% ALLOW_TF32=True, BLOCK_K=32, BLOCK_M=64, BLOCK_N=256, GROUPS=1, KERNEL_H=2, KERNEL_W=2, PADDING_H=1, PADDING_W=1, STRIDE_H=1, STRIDE_W=1, UNROLL=False, num_stages=2, num_warps=8
  triton_convolution2d_221 0.3827 ms 73.2% ALLOW_TF32=True, BLOCK_K=16, BLOCK_M=256, BLOCK_N=64, GROUPS=1, KERNEL_H=2, KERNEL_W=2, PADDING_H=1, PADDING_W=1, STRIDE_H=1, STRIDE_W=1, UNROLL=False, num_stages=2, num_warps=4
  triton_convolution2d_220 0.4451 ms 63.0% ALLOW_TF32=True, BLOCK_K=16, BLOCK_M=64, BLOCK_N=256, GROUPS=1, KERNEL_H=2, KERNEL_W=2, PADDING_H=1, PADDING_W=1, STRIDE_H=1, STRIDE_W=1, UNROLL=False, num_stages=2, num_warps=4
  triton_convolution2d_222 1.0424 ms 26.9% ALLOW_TF32=True, BLOCK_K=16, BLOCK_M=1024, BLOCK_N=16, GROUPS=1, KERNEL_H=2, KERNEL_W=2, PADDING_H=1, PADDING_W=1, STRIDE_H=1, STRIDE_W=1, UNROLL=False, num_stages=1, num_warps=8
SingleProcess AUTOTUNE benchmarking takes 0.3213 seconds and 0.0005 seconds precompiling for 8 choices
AUTOTUNE convolution(1x96x3x464x832, 96x96x3x3x3)
strides: [111181824, 1, 37060608, 79872, 96], [2592, 1, 864, 288, 96]
dtypes: torch.float16, torch.float16
  convolution 1.1227 ms 100.0% 
  triton_convolution3d_230 1.1609 ms 96.7% ALLOW_TF32=True, BLOCK_K=32, BLOCK_M=128, BLOCK_N=128, GROUPS=1, KERNEL_D=3, KERNEL_H=3, KERNEL_W=3, PADDING_D=0, PADDING_H=1, PADDING_W=1, STRIDE_D=1, STRIDE_H=1, STRIDE_W=1, UNROLL=False, num_stages=2, num_warps=8
  triton_convolution3d_232 1.2149 ms 92.4% ALLOW_TF32=True, BLOCK_K=32, BLOCK_M=64, BLOCK_N=128, GROUPS=1, KERNEL_D=3, KERNEL_H=3, KERNEL_W=3, PADDING_D=0, PADDING_H=1, PADDING_W=1, STRIDE_D=1, STRIDE_H=1, STRIDE_W=1, UNROLL=False, num_stages=2, num_warps=8
  triton_convolution3d_233 1.2418 ms 90.4% ALLOW_TF32=True, BLOCK_K=32, BLOCK_M=256, BLOCK_N=64, GROUPS=1, KERNEL_D=3, KERNEL_H=3, KERNEL_W=3, PADDING_D=0, PADDING_H=1, PADDING_W=1, STRIDE_D=1, STRIDE_H=1, STRIDE_W=1, UNROLL=False, num_stages=2, num_warps=8
  triton_convolution3d_231 1.3468 ms 83.4% ALLOW_TF32=True, BLOCK_K=32, BLOCK_M=64, BLOCK_N=64, GROUPS=1, KERNEL_D=3, KERNEL_H=3, KERNEL_W=3, PADDING_D=0, PADDING_H=1, PADDING_W=1, STRIDE_D=1, STRIDE_H=1, STRIDE_W=1, UNROLL=False, num_stages=2, num_warps=4
  triton_convolution3d_228 1.5193 ms 73.9% ALLOW_TF32=True, BLOCK_K=16, BLOCK_M=256, BLOCK_N=64, GROUPS=1, KERNEL_D=3, KERNEL_H=3, KERNEL_W=3, PADDING_D=0, PADDING_H=1, PADDING_W=1, STRIDE_D=1, STRIDE_H=1, STRIDE_W=1, UNROLL=False, num_stages=2, num_warps=4
  triton_convolution3d_227 1.6466 ms 68.2% ALLOW_TF32=True, BLOCK_K=16, BLOCK_M=64, BLOCK_N=128, GROUPS=1, KERNEL_D=3, KERNEL_H=3, KERNEL_W=3, PADDING_D=0, PADDING_H=1, PADDING_W=1, STRIDE_D=1, STRIDE_H=1, STRIDE_W=1, UNROLL=False, num_stages=2, num_warps=4
  triton_convolution3d_229 3.4426 ms 32.6% ALLOW_TF32=True, BLOCK_K=16, BLOCK_M=1024, BLOCK_N=16, GROUPS=1, KERNEL_D=3, KERNEL_H=3, KERNEL_W=3, PADDING_D=0, PADDING_H=1, PADDING_W=1, STRIDE_D=1, STRIDE_H=1, STRIDE_W=1, UNROLL=False, num_stages=1, num_warps=8
SingleProcess AUTOTUNE benchmarking takes 0.3581 seconds and 0.0006 seconds precompiling for 8 choices
AUTOTUNE convolution(1x96x3x464x832, 3x96x3x3x3)
strides: [111181824, 1, 37060608, 79872, 96], [2592, 1, 864, 288, 96]
dtypes: torch.float16, torch.float16
  triton_convolution3d_273 0.3206 ms 100.0% ALLOW_TF32=True, BLOCK_K=32, BLOCK_M=64, BLOCK_N=16, GROUPS=1, KERNEL_D=3, KERNEL_H=3, KERNEL_W=3, PADDING_D=0, PADDING_H=1, PADDING_W=1, STRIDE_D=1, STRIDE_H=1, STRIDE_W=1, UNROLL=False, num_stages=2, num_warps=4
  triton_convolution3d_272 0.3233 ms 99.2% ALLOW_TF32=True, BLOCK_K=32, BLOCK_M=128, BLOCK_N=16, GROUPS=1, KERNEL_D=3, KERNEL_H=3, KERNEL_W=3, PADDING_D=0, PADDING_H=1, PADDING_W=1, STRIDE_D=1, STRIDE_H=1, STRIDE_W=1, UNROLL=False, num_stages=2, num_warps=8
  convolution 0.3234 ms 99.1% 
  triton_convolution3d_274 0.3253 ms 98.6% ALLOW_TF32=True, BLOCK_K=32, BLOCK_M=256, BLOCK_N=16, GROUPS=1, KERNEL_D=3, KERNEL_H=3, KERNEL_W=3, PADDING_D=0, PADDING_H=1, PADDING_W=1, STRIDE_D=1, STRIDE_H=1, STRIDE_W=1, UNROLL=False, num_stages=2, num_warps=8
  triton_convolution3d_269 0.5813 ms 55.2% ALLOW_TF32=True, BLOCK_K=16, BLOCK_M=64, BLOCK_N=16, GROUPS=1, KERNEL_D=3, KERNEL_H=3, KERNEL_W=3, PADDING_D=0, PADDING_H=1, PADDING_W=1, STRIDE_D=1, STRIDE_H=1, STRIDE_W=1, UNROLL=False, num_stages=2, num_warps=4
  triton_convolution3d_270 0.6083 ms 52.7% ALLOW_TF32=True, BLOCK_K=16, BLOCK_M=256, BLOCK_N=16, GROUPS=1, KERNEL_D=3, KERNEL_H=3, KERNEL_W=3, PADDING_D=0, PADDING_H=1, PADDING_W=1, STRIDE_D=1, STRIDE_H=1, STRIDE_W=1, UNROLL=False, num_stages=2, num_warps=4
  triton_convolution3d_271 0.6888 ms 46.5% ALLOW_TF32=True, BLOCK_K=16, BLOCK_M=1024, BLOCK_N=16, GROUPS=1, KERNEL_D=3, KERNEL_H=3, KERNEL_W=3, PADDING_D=0, PADDING_H=1, PADDING_W=1, STRIDE_D=1, STRIDE_H=1, STRIDE_W=1, UNROLL=False, num_stages=1, num_warps=8
SingleProcess AUTOTUNE benchmarking takes 0.2758 seconds and 0.0005 seconds precompiling for 7 choices
AUTOTUNE convolution(1x384x3x58x104, 768x384x3x1x1)
strides: [6948864, 1, 2316288, 39936, 384], [1152, 1, 384, 384, 384]
dtypes: torch.float16, torch.float16
  triton_convolution3d_395 0.0645 ms 100.0% ALLOW_TF32=True, BLOCK_K=32, BLOCK_M=64, BLOCK_N=256, GROUPS=1, KERNEL_D=3, KERNEL_H=1, KERNEL_W=1, PADDING_D=0, PADDING_H=0, PADDING_W=0, STRIDE_D=1, STRIDE_H=1, STRIDE_W=1, UNROLL=False, num_stages=2, num_warps=8
  triton_convolution3d_393 0.0652 ms 99.0% ALLOW_TF32=True, BLOCK_K=32, BLOCK_M=128, BLOCK_N=128, GROUPS=1, KERNEL_D=3, KERNEL_H=1, KERNEL_W=1, PADDING_D=0, PADDING_H=0, PADDING_W=0, STRIDE_D=1, STRIDE_H=1, STRIDE_W=1, UNROLL=False, num_stages=2, num_warps=8
  triton_convolution3d_396 0.0692 ms 93.3% ALLOW_TF32=True, BLOCK_K=32, BLOCK_M=256, BLOCK_N=64, GROUPS=1, KERNEL_D=3, KERNEL_H=1, KERNEL_W=1, PADDING_D=0, PADDING_H=0, PADDING_W=0, STRIDE_D=1, STRIDE_H=1, STRIDE_W=1, UNROLL=False, num_stages=2, num_warps=8
  triton_convolution3d_394 0.0732 ms 88.1% ALLOW_TF32=True, BLOCK_K=32, BLOCK_M=64, BLOCK_N=64, GROUPS=1, KERNEL_D=3, KERNEL_H=1, KERNEL_W=1, PADDING_D=0, PADDING_H=0, PADDING_W=0, STRIDE_D=1, STRIDE_H=1, STRIDE_W=1, UNROLL=False, num_stages=2, num_warps=4
  convolution 0.0735 ms 87.8% 
  triton_convolution3d_391 0.0753 ms 85.6% ALLOW_TF32=True, BLOCK_K=16, BLOCK_M=256, BLOCK_N=64, GROUPS=1, KERNEL_D=3, KERNEL_H=1, KERNEL_W=1, PADDING_D=0, PADDING_H=0, PADDING_W=0, STRIDE_D=1, STRIDE_H=1, STRIDE_W=1, UNROLL=False, num_stages=2, num_warps=4
  triton_convolution3d_390 0.0839 ms 76.9% ALLOW_TF32=True, BLOCK_K=16, BLOCK_M=64, BLOCK_N=256, GROUPS=1, KERNEL_D=3, KERNEL_H=1, KERNEL_W=1, PADDING_D=0, PADDING_H=0, PADDING_W=0, STRIDE_D=1, STRIDE_H=1, STRIDE_W=1, UNROLL=False, num_stages=2, num_warps=4
  triton_convolution3d_392 0.2106 ms 30.6% ALLOW_TF32=True, BLOCK_K=16, BLOCK_M=1024, BLOCK_N=16, GROUPS=1, KERNEL_D=3, KERNEL_H=1, KERNEL_W=1, PADDING_D=0, PADDING_H=0, PADDING_W=0, STRIDE_D=1, STRIDE_H=1, STRIDE_W=1, UNROLL=False, num_stages=1, num_warps=8
SingleProcess AUTOTUNE benchmarking takes 0.1947 seconds and 0.0005 seconds precompiling for 8 choices
AUTOTUNE convolution(2x384x58x104, 768x384x2x2)
strides: [2316288, 1, 39936, 384], [1536, 1, 768, 384]
dtypes: torch.float16, torch.float16
  triton_convolution2d_400 0.1658 ms 100.0% ALLOW_TF32=True, BLOCK_K=32, BLOCK_M=128, BLOCK_N=128, GROUPS=1, KERNEL_H=2, KERNEL_W=2, PADDING_H=1, PADDING_W=1, STRIDE_H=1, STRIDE_W=1, UNROLL=False, num_stages=2, num_warps=8
  triton_convolution2d_403 0.1738 ms 95.4% ALLOW_TF32=True, BLOCK_K=32, BLOCK_M=256, BLOCK_N=64, GROUPS=1, KERNEL_H=2, KERNEL_W=2, PADDING_H=1, PADDING_W=1, STRIDE_H=1, STRIDE_W=1, UNROLL=False, num_stages=2, num_warps=8
  triton_convolution2d_402 0.1739 ms 95.4% ALLOW_TF32=True, BLOCK_K=32, BLOCK_M=64, BLOCK_N=256, GROUPS=1, KERNEL_H=2, KERNEL_W=2, PADDING_H=1, PADDING_W=1, STRIDE_H=1, STRIDE_W=1, UNROLL=False, num_stages=2, num_warps=8
  triton_convolution2d_401 0.1781 ms 93.1% ALLOW_TF32=True, BLOCK_K=32, BLOCK_M=64, BLOCK_N=64, GROUPS=1, KERNEL_H=2, KERNEL_W=2, PADDING_H=1, PADDING_W=1, STRIDE_H=1, STRIDE_W=1, UNROLL=False, num_stages=2, num_warps=4
  convolution 0.1801 ms 92.1% 
  triton_convolution2d_398 0.2047 ms 81.0% ALLOW_TF32=True, BLOCK_K=16, BLOCK_M=256, BLOCK_N=64, GROUPS=1, KERNEL_H=2, KERNEL_W=2, PADDING_H=1, PADDING_W=1, STRIDE_H=1, STRIDE_W=1, UNROLL=False, num_stages=2, num_warps=4
  triton_convolution2d_397 0.2328 ms 71.2% ALLOW_TF32=True, BLOCK_K=16, BLOCK_M=64, BLOCK_N=256, GROUPS=1, KERNEL_H=2, KERNEL_W=2, PADDING_H=1, PADDING_W=1, STRIDE_H=1, STRIDE_W=1, UNROLL=False, num_stages=2, num_warps=4
  triton_convolution2d_399 0.5335 ms 31.1% ALLOW_TF32=True, BLOCK_K=16, BLOCK_M=1024, BLOCK_N=16, GROUPS=1, KERNEL_H=2, KERNEL_W=2, PADDING_H=1, PADDING_W=1, STRIDE_H=1, STRIDE_W=1, UNROLL=False, num_stages=1, num_warps=8
SingleProcess AUTOTUNE benchmarking takes 0.2797 seconds and 0.0006 seconds precompiling for 8 choices
AUTOTUNE convolution(1x192x4x116x208, 384x192x3x3x3)
strides: [18530304, 1, 4632576, 39936, 192], [5184, 1, 1728, 576, 192]
dtypes: torch.float16, torch.float16
  triton_convolution3d_407 0.9441 ms 100.0% ALLOW_TF32=True, BLOCK_K=32, BLOCK_M=128, BLOCK_N=128, GROUPS=1, KERNEL_D=3, KERNEL_H=3, KERNEL_W=3, PADDING_D=0, PADDING_H=1, PADDING_W=1, STRIDE_D=1, STRIDE_H=1, STRIDE_W=1, UNROLL=False, num_stages=2, num_warps=8
  triton_convolution3d_410 1.0208 ms 92.5% ALLOW_TF32=True, BLOCK_K=32, BLOCK_M=256, BLOCK_N=64, GROUPS=1, KERNEL_D=3, KERNEL_H=3, KERNEL_W=3, PADDING_D=0, PADDING_H=1, PADDING_W=1, STRIDE_D=1, STRIDE_H=1, STRIDE_W=1, UNROLL=False, num_stages=2, num_warps=8
  convolution 1.1018 ms 85.7% 
  triton_convolution3d_408 1.1224 ms 84.1% ALLOW_TF32=True, BLOCK_K=32, BLOCK_M=64, BLOCK_N=64, GROUPS=1, KERNEL_D=3, KERNEL_H=3, KERNEL_W=3, PADDING_D=0, PADDING_H=1, PADDING_W=1, STRIDE_D=1, STRIDE_H=1, STRIDE_W=1, UNROLL=False, num_stages=2, num_warps=4
  triton_convolution3d_409 1.1715 ms 80.6% ALLOW_TF32=True, BLOCK_K=32, BLOCK_M=64, BLOCK_N=256, GROUPS=1, KERNEL_D=3, KERNEL_H=3, KERNEL_W=3, PADDING_D=0, PADDING_H=1, PADDING_W=1, STRIDE_D=1, STRIDE_H=1, STRIDE_W=1, UNROLL=False, num_stages=2, num_warps=8
  triton_convolution3d_405 1.2873 ms 73.3% ALLOW_TF32=True, BLOCK_K=16, BLOCK_M=256, BLOCK_N=64, GROUPS=1, KERNEL_D=3, KERNEL_H=3, KERNEL_W=3, PADDING_D=0, PADDING_H=1, PADDING_W=1, STRIDE_D=1, STRIDE_H=1, STRIDE_W=1, UNROLL=False, num_stages=2, num_warps=4
  triton_convolution3d_404 1.6128 ms 58.5% ALLOW_TF32=True, BLOCK_K=16, BLOCK_M=64, BLOCK_N=256, GROUPS=1, KERNEL_D=3, KERNEL_H=3, KERNEL_W=3, PADDING_D=0, PADDING_H=1, PADDING_W=1, STRIDE_D=1, STRIDE_H=1, STRIDE_W=1, UNROLL=False, num_stages=2, num_warps=4
  triton_convolution3d_406 3.4120 ms 27.7% ALLOW_TF32=True, BLOCK_K=16, BLOCK_M=1024, BLOCK_N=16, GROUPS=1, KERNEL_D=3, KERNEL_H=3, KERNEL_W=3, PADDING_D=0, PADDING_H=1, PADDING_W=1, STRIDE_D=1, STRIDE_H=1, STRIDE_W=1, UNROLL=False, num_stages=1, num_warps=8
SingleProcess AUTOTUNE benchmarking takes 0.3536 seconds and 0.0006 seconds precompiling for 8 choices
AUTOTUNE convolution(1x384x4x116x208, 384x384x3x3x3)
strides: [37060608, 1, 9265152, 79872, 384], [10368, 1, 3456, 1152, 384]
dtypes: torch.float16, torch.float16
  triton_convolution3d_414 1.8728 ms 100.0% ALLOW_TF32=True, BLOCK_K=32, BLOCK_M=128, BLOCK_N=128, GROUPS=1, KERNEL_D=3, KERNEL_H=3, KERNEL_W=3, PADDING_D=0, PADDING_H=1, PADDING_W=1, STRIDE_D=1, STRIDE_H=1, STRIDE_W=1, UNROLL=False, num_stages=2, num_warps=8
  triton_convolution3d_417 2.0387 ms 91.9% ALLOW_TF32=True, BLOCK_K=32, BLOCK_M=256, BLOCK_N=64, GROUPS=1, KERNEL_D=3, KERNEL_H=3, KERNEL_W=3, PADDING_D=0, PADDING_H=1, PADDING_W=1, STRIDE_D=1, STRIDE_H=1, STRIDE_W=1, UNROLL=False, num_stages=2, num_warps=8
  triton_convolution3d_415 2.1064 ms 88.9% ALLOW_TF32=True, BLOCK_K=32, BLOCK_M=64, BLOCK_N=64, GROUPS=1, KERNEL_D=3, KERNEL_H=3, KERNEL_W=3, PADDING_D=0, PADDING_H=1, PADDING_W=1, STRIDE_D=1, STRIDE_H=1, STRIDE_W=1, UNROLL=False, num_stages=2, num_warps=4
  convolution 2.2252 ms 84.2% 
  triton_convolution3d_416 2.3194 ms 80.7% ALLOW_TF32=True, BLOCK_K=32, BLOCK_M=64, BLOCK_N=256, GROUPS=1, KERNEL_D=3, KERNEL_H=3, KERNEL_W=3, PADDING_D=0, PADDING_H=1, PADDING_W=1, STRIDE_D=1, STRIDE_H=1, STRIDE_W=1, UNROLL=False, num_stages=2, num_warps=8
  triton_convolution3d_412 2.5620 ms 73.1% ALLOW_TF32=True, BLOCK_K=16, BLOCK_M=256, BLOCK_N=64, GROUPS=1, KERNEL_D=3, KERNEL_H=3, KERNEL_W=3, PADDING_D=0, PADDING_H=1, PADDING_W=1, STRIDE_D=1, STRIDE_H=1, STRIDE_W=1, UNROLL=False, num_stages=2, num_warps=4
  triton_convolution3d_411 3.1498 ms 59.5% ALLOW_TF32=True, BLOCK_K=16, BLOCK_M=64, BLOCK_N=256, GROUPS=1, KERNEL_D=3, KERNEL_H=3, KERNEL_W=3, PADDING_D=0, PADDING_H=1, PADDING_W=1, STRIDE_D=1, STRIDE_H=1, STRIDE_W=1, UNROLL=False, num_stages=2, num_warps=4
  triton_convolution3d_413 6.7666 ms 27.7% ALLOW_TF32=True, BLOCK_K=16, BLOCK_M=1024, BLOCK_N=16, GROUPS=1, KERNEL_D=3, KERNEL_H=3, KERNEL_W=3, PADDING_D=0, PADDING_H=1, PADDING_W=1, STRIDE_D=1, STRIDE_H=1, STRIDE_W=1, UNROLL=False, num_stages=1, num_warps=8
SingleProcess AUTOTUNE benchmarking takes 0.4086 seconds and 0.0006 seconds precompiling for 8 choices
AUTOTUNE convolution(1x192x2x116x208, 384x192x1x1x1)
strides: [9265152, 48256, 24128, 208, 1], [192, 1, 1, 1, 1]
dtypes: torch.float16, torch.float16
  triton_convolution3d_424 0.0488 ms 100.0% ALLOW_TF32=True, BLOCK_K=32, BLOCK_M=256, BLOCK_N=64, GROUPS=1, KERNEL_D=1, KERNEL_H=1, KERNEL_W=1, PADDING_D=0, PADDING_H=0, PADDING_W=0, STRIDE_D=1, STRIDE_H=1, STRIDE_W=1, UNROLL=True, num_stages=2, num_warps=8
  triton_convolution3d_421 0.0492 ms 99.0% ALLOW_TF32=True, BLOCK_K=32, BLOCK_M=128, BLOCK_N=128, GROUPS=1, KERNEL_D=1, KERNEL_H=1, KERNEL_W=1, PADDING_D=0, PADDING_H=0, PADDING_W=0, STRIDE_D=1, STRIDE_H=1, STRIDE_W=1, UNROLL=True, num_stages=2, num_warps=8
  triton_convolution3d_422 0.0512 ms 95.3% ALLOW_TF32=True, BLOCK_K=32, BLOCK_M=64, BLOCK_N=64, GROUPS=1, KERNEL_D=1, KERNEL_H=1, KERNEL_W=1, PADDING_D=0, PADDING_H=0, PADDING_W=0, STRIDE_D=1, STRIDE_H=1, STRIDE_W=1, UNROLL=True, num_stages=2, num_warps=4
  triton_convolution3d_419 0.0549 ms 88.8% ALLOW_TF32=True, BLOCK_K=16, BLOCK_M=256, BLOCK_N=64, GROUPS=1, KERNEL_D=1, KERNEL_H=1, KERNEL_W=1, PADDING_D=0, PADDING_H=0, PADDING_W=0, STRIDE_D=1, STRIDE_H=1, STRIDE_W=1, UNROLL=True, num_stages=2, num_warps=4
  convolution 0.0589 ms 82.7% 
  triton_convolution3d_423 0.0631 ms 77.3% ALLOW_TF32=True, BLOCK_K=32, BLOCK_M=64, BLOCK_N=256, GROUPS=1, KERNEL_D=1, KERNEL_H=1, KERNEL_W=1, PADDING_D=0, PADDING_H=0, PADDING_W=0, STRIDE_D=1, STRIDE_H=1, STRIDE_W=1, UNROLL=True, num_stages=2, num_warps=8
  triton_convolution3d_418 0.0714 ms 68.3% ALLOW_TF32=True, BLOCK_K=16, BLOCK_M=64, BLOCK_N=256, GROUPS=1, KERNEL_D=1, KERNEL_H=1, KERNEL_W=1, PADDING_D=0, PADDING_H=0, PADDING_W=0, STRIDE_D=1, STRIDE_H=1, STRIDE_W=1, UNROLL=True, num_stages=2, num_warps=4
  triton_convolution3d_420 0.0902 ms 54.1% ALLOW_TF32=True, BLOCK_K=16, BLOCK_M=1024, BLOCK_N=16, GROUPS=1, KERNEL_D=1, KERNEL_H=1, KERNEL_W=1, PADDING_D=0, PADDING_H=0, PADDING_W=0, STRIDE_D=1, STRIDE_H=1, STRIDE_W=1, UNROLL=True, num_stages=1, num_warps=8
  conv1x1_via_mm inf ms 0.0% 
SingleProcess AUTOTUNE benchmarking takes 0.1689 seconds and 0.0006 seconds precompiling for 9 choices
AUTOTUNE convolution(1x384x4x116x208, 768x384x3x1x1)
strides: [37060608, 1, 9265152, 79872, 384], [1152, 1, 384, 384, 384]
dtypes: torch.float16, torch.float16
  triton_convolution3d_458 0.4258 ms 100.0% ALLOW_TF32=True, BLOCK_K=32, BLOCK_M=64, BLOCK_N=256, GROUPS=1, KERNEL_D=3, KERNEL_H=1, KERNEL_W=1, PADDING_D=0, PADDING_H=0, PADDING_W=0, STRIDE_D=1, STRIDE_H=1, STRIDE_W=1, UNROLL=False, num_stages=2, num_warps=8
  triton_convolution3d_456 0.4322 ms 98.5% ALLOW_TF32=True, BLOCK_K=32, BLOCK_M=128, BLOCK_N=128, GROUPS=1, KERNEL_D=3, KERNEL_H=1, KERNEL_W=1, PADDING_D=0, PADDING_H=0, PADDING_W=0, STRIDE_D=1, STRIDE_H=1, STRIDE_W=1, UNROLL=False, num_stages=2, num_warps=8
  triton_convolution3d_459 0.4442 ms 95.9% ALLOW_TF32=True, BLOCK_K=32, BLOCK_M=256, BLOCK_N=64, GROUPS=1, KERNEL_D=3, KERNEL_H=1, KERNEL_W=1, PADDING_D=0, PADDING_H=0, PADDING_W=0, STRIDE_D=1, STRIDE_H=1, STRIDE_W=1, UNROLL=False, num_stages=2, num_warps=8
  triton_convolution3d_457 0.4955 ms 85.9% ALLOW_TF32=True, BLOCK_K=32, BLOCK_M=64, BLOCK_N=64, GROUPS=1, KERNEL_D=3, KERNEL_H=1, KERNEL_W=1, PADDING_D=0, PADDING_H=0, PADDING_W=0, STRIDE_D=1, STRIDE_H=1, STRIDE_W=1, UNROLL=False, num_stages=2, num_warps=4
  convolution 0.5079 ms 83.8% 
  triton_convolution3d_453 0.5604 ms 76.0% ALLOW_TF32=True, BLOCK_K=16, BLOCK_M=64, BLOCK_N=256, GROUPS=1, KERNEL_D=3, KERNEL_H=1, KERNEL_W=1, PADDING_D=0, PADDING_H=0, PADDING_W=0, STRIDE_D=1, STRIDE_H=1, STRIDE_W=1, UNROLL=False, num_stages=2, num_warps=4
  triton_convolution3d_454 0.5940 ms 71.7% ALLOW_TF32=True, BLOCK_K=16, BLOCK_M=256, BLOCK_N=64, GROUPS=1, KERNEL_D=3, KERNEL_H=1, KERNEL_W=1, PADDING_D=0, PADDING_H=0, PADDING_W=0, STRIDE_D=1, STRIDE_H=1, STRIDE_W=1, UNROLL=False, num_stages=2, num_warps=4
  triton_convolution3d_455 1.5514 ms 27.4% ALLOW_TF32=True, BLOCK_K=16, BLOCK_M=1024, BLOCK_N=16, GROUPS=1, KERNEL_D=3, KERNEL_H=1, KERNEL_W=1, PADDING_D=0, PADDING_H=0, PADDING_W=0, STRIDE_D=1, STRIDE_H=1, STRIDE_W=1, UNROLL=False, num_stages=1, num_warps=8
SingleProcess AUTOTUNE benchmarking takes 0.3217 seconds and 0.0005 seconds precompiling for 8 choices
AUTOTUNE convolution(4x384x116x208, 768x384x2x2)
strides: [9265152, 1, 79872, 384], [1536, 1, 768, 384]
dtypes: torch.float16, torch.float16
  triton_convolution2d_463 1.0363 ms 100.0% ALLOW_TF32=True, BLOCK_K=32, BLOCK_M=128, BLOCK_N=128, GROUPS=1, KERNEL_H=2, KERNEL_W=2, PADDING_H=1, PADDING_W=1, STRIDE_H=1, STRIDE_W=1, UNROLL=False, num_stages=2, num_warps=8
  triton_convolution2d_465 1.0653 ms 97.3% ALLOW_TF32=True, BLOCK_K=32, BLOCK_M=64, BLOCK_N=256, GROUPS=1, KERNEL_H=2, KERNEL_W=2, PADDING_H=1, PADDING_W=1, STRIDE_H=1, STRIDE_W=1, UNROLL=False, num_stages=2, num_warps=8
  triton_convolution2d_464 1.2524 ms 82.7% ALLOW_TF32=True, BLOCK_K=32, BLOCK_M=64, BLOCK_N=64, GROUPS=1, KERNEL_H=2, KERNEL_W=2, PADDING_H=1, PADDING_W=1, STRIDE_H=1, STRIDE_W=1, UNROLL=False, num_stages=2, num_warps=4
  triton_convolution2d_466 1.2841 ms 80.7% ALLOW_TF32=True, BLOCK_K=32, BLOCK_M=256, BLOCK_N=64, GROUPS=1, KERNEL_H=2, KERNEL_W=2, PADDING_H=1, PADDING_W=1, STRIDE_H=1, STRIDE_W=1, UNROLL=False, num_stages=2, num_warps=8
  convolution 1.3854 ms 74.8% 
  triton_convolution2d_460 1.4151 ms 73.2% ALLOW_TF32=True, BLOCK_K=16, BLOCK_M=64, BLOCK_N=256, GROUPS=1, KERNEL_H=2, KERNEL_W=2, PADDING_H=1, PADDING_W=1, STRIDE_H=1, STRIDE_W=1, UNROLL=False, num_stages=2, num_warps=4
  triton_convolution2d_461 1.4612 ms 70.9% ALLOW_TF32=True, BLOCK_K=16, BLOCK_M=256, BLOCK_N=64, GROUPS=1, KERNEL_H=2, KERNEL_W=2, PADDING_H=1, PADDING_W=1, STRIDE_H=1, STRIDE_W=1, UNROLL=False, num_stages=2, num_warps=4
  triton_convolution2d_462 4.1113 ms 25.2% ALLOW_TF32=True, BLOCK_K=16, BLOCK_M=1024, BLOCK_N=16, GROUPS=1, KERNEL_H=2, KERNEL_W=2, PADDING_H=1, PADDING_W=1, STRIDE_H=1, STRIDE_W=1, UNROLL=False, num_stages=1, num_warps=8
SingleProcess AUTOTUNE benchmarking takes 0.3593 seconds and 0.0006 seconds precompiling for 8 choices
AUTOTUNE convolution(1x192x6x232x416, 192x192x3x3x3)
strides: [111181824, 1, 18530304, 79872, 192], [5184, 1, 1728, 576, 192]
dtypes: torch.float16, torch.float16
  triton_convolution3d_473 3.7683 ms 100.0% ALLOW_TF32=True, BLOCK_K=32, BLOCK_M=256, BLOCK_N=64, GROUPS=1, KERNEL_D=3, KERNEL_H=3, KERNEL_W=3, PADDING_D=0, PADDING_H=1, PADDING_W=1, STRIDE_D=1, STRIDE_H=1, STRIDE_W=1, UNROLL=False, num_stages=2, num_warps=8
  triton_convolution3d_471 4.1308 ms 91.2% ALLOW_TF32=True, BLOCK_K=32, BLOCK_M=64, BLOCK_N=64, GROUPS=1, KERNEL_D=3, KERNEL_H=3, KERNEL_W=3, PADDING_D=0, PADDING_H=1, PADDING_W=1, STRIDE_D=1, STRIDE_H=1, STRIDE_W=1, UNROLL=False, num_stages=2, num_warps=4
  convolution 4.4114 ms 85.4% 
  triton_convolution3d_468 4.5347 ms 83.1% ALLOW_TF32=True, BLOCK_K=16, BLOCK_M=256, BLOCK_N=64, GROUPS=1, KERNEL_D=3, KERNEL_H=3, KERNEL_W=3, PADDING_D=0, PADDING_H=1, PADDING_W=1, STRIDE_D=1, STRIDE_H=1, STRIDE_W=1, UNROLL=False, num_stages=2, num_warps=4
  triton_convolution3d_472 4.6141 ms 81.7% ALLOW_TF32=True, BLOCK_K=32, BLOCK_M=64, BLOCK_N=256, GROUPS=1, KERNEL_D=3, KERNEL_H=3, KERNEL_W=3, PADDING_D=0, PADDING_H=1, PADDING_W=1, STRIDE_D=1, STRIDE_H=1, STRIDE_W=1, UNROLL=False, num_stages=2, num_warps=8
  triton_convolution3d_470 4.6469 ms 81.1% ALLOW_TF32=True, BLOCK_K=32, BLOCK_M=128, BLOCK_N=128, GROUPS=1, KERNEL_D=3, KERNEL_H=3, KERNEL_W=3, PADDING_D=0, PADDING_H=1, PADDING_W=1, STRIDE_D=1, STRIDE_H=1, STRIDE_W=1, UNROLL=False, num_stages=2, num_warps=8
  triton_convolution3d_467 5.2951 ms 71.2% ALLOW_TF32=True, BLOCK_K=16, BLOCK_M=64, BLOCK_N=256, GROUPS=1, KERNEL_D=3, KERNEL_H=3, KERNEL_W=3, PADDING_D=0, PADDING_H=1, PADDING_W=1, STRIDE_D=1, STRIDE_H=1, STRIDE_W=1, UNROLL=False, num_stages=2, num_warps=4
  triton_convolution3d_469 13.3714 ms 28.2% ALLOW_TF32=True, BLOCK_K=16, BLOCK_M=1024, BLOCK_N=16, GROUPS=1, KERNEL_D=3, KERNEL_H=3, KERNEL_W=3, PADDING_D=0, PADDING_H=1, PADDING_W=1, STRIDE_D=1, STRIDE_H=1, STRIDE_W=1, UNROLL=False, num_stages=1, num_warps=8
SingleProcess AUTOTUNE benchmarking takes 0.5290 seconds and 0.0006 seconds precompiling for 8 choices
AUTOTUNE convolution(4x192x232x416, 384x192x2x2)
strides: [18530304, 1, 79872, 192], [768, 1, 384, 192]
dtypes: torch.float16, torch.float16
  triton_convolution2d_512 1.0803 ms 100.0% ALLOW_TF32=True, BLOCK_K=32, BLOCK_M=128, BLOCK_N=128, GROUPS=1, KERNEL_H=2, KERNEL_W=2, PADDING_H=1, PADDING_W=1, STRIDE_H=1, STRIDE_W=1, UNROLL=False, num_stages=2, num_warps=8
  triton_convolution2d_515 1.1729 ms 92.1% ALLOW_TF32=True, BLOCK_K=32, BLOCK_M=256, BLOCK_N=64, GROUPS=1, KERNEL_H=2, KERNEL_W=2, PADDING_H=1, PADDING_W=1, STRIDE_H=1, STRIDE_W=1, UNROLL=False, num_stages=2, num_warps=8
  triton_convolution2d_513 1.3496 ms 80.0% ALLOW_TF32=True, BLOCK_K=32, BLOCK_M=64, BLOCK_N=64, GROUPS=1, KERNEL_H=2, KERNEL_W=2, PADDING_H=1, PADDING_W=1, STRIDE_H=1, STRIDE_W=1, UNROLL=False, num_stages=2, num_warps=4
  triton_convolution2d_514 1.3941 ms 77.5% ALLOW_TF32=True, BLOCK_K=32, BLOCK_M=64, BLOCK_N=256, GROUPS=1, KERNEL_H=2, KERNEL_W=2, PADDING_H=1, PADDING_W=1, STRIDE_H=1, STRIDE_W=1, UNROLL=False, num_stages=2, num_warps=8
  convolution 1.3947 ms 77.5% 
  triton_convolution2d_510 1.4848 ms 72.8% ALLOW_TF32=True, BLOCK_K=16, BLOCK_M=256, BLOCK_N=64, GROUPS=1, KERNEL_H=2, KERNEL_W=2, PADDING_H=1, PADDING_W=1, STRIDE_H=1, STRIDE_W=1, UNROLL=False, num_stages=2, num_warps=4
  triton_convolution2d_509 1.5822 ms 68.3% ALLOW_TF32=True, BLOCK_K=16, BLOCK_M=64, BLOCK_N=256, GROUPS=1, KERNEL_H=2, KERNEL_W=2, PADDING_H=1, PADDING_W=1, STRIDE_H=1, STRIDE_W=1, UNROLL=False, num_stages=2, num_warps=4
  triton_convolution2d_511 5.7395 ms 18.8% ALLOW_TF32=True, BLOCK_K=16, BLOCK_M=1024, BLOCK_N=16, GROUPS=1, KERNEL_H=2, KERNEL_W=2, PADDING_H=1, PADDING_W=1, STRIDE_H=1, STRIDE_W=1, UNROLL=False, num_stages=1, num_warps=8
SingleProcess AUTOTUNE benchmarking takes 0.3704 seconds and 0.0005 seconds precompiling for 8 choices
AUTOTUNE convolution(1x96x6x464x832, 96x96x3x3x3)
strides: [222363648, 1, 37060608, 79872, 96], [2592, 1, 864, 288, 96]
dtypes: torch.float16, torch.float16
  convolution 4.4974 ms 100.0% 
  triton_convolution3d_519 4.6469 ms 96.8% ALLOW_TF32=True, BLOCK_K=32, BLOCK_M=128, BLOCK_N=128, GROUPS=1, KERNEL_D=3, KERNEL_H=3, KERNEL_W=3, PADDING_D=0, PADDING_H=1, PADDING_W=1, STRIDE_D=1, STRIDE_H=1, STRIDE_W=1, UNROLL=False, num_stages=2, num_warps=8
  triton_convolution3d_521 4.9510 ms 90.8% ALLOW_TF32=True, BLOCK_K=32, BLOCK_M=64, BLOCK_N=128, GROUPS=1, KERNEL_D=3, KERNEL_H=3, KERNEL_W=3, PADDING_D=0, PADDING_H=1, PADDING_W=1, STRIDE_D=1, STRIDE_H=1, STRIDE_W=1, UNROLL=False, num_stages=2, num_warps=8
  triton_convolution3d_522 4.9766 ms 90.4% ALLOW_TF32=True, BLOCK_K=32, BLOCK_M=256, BLOCK_N=64, GROUPS=1, KERNEL_D=3, KERNEL_H=3, KERNEL_W=3, PADDING_D=0, PADDING_H=1, PADDING_W=1, STRIDE_D=1, STRIDE_H=1, STRIDE_W=1, UNROLL=False, num_stages=2, num_warps=8
  triton_convolution3d_520 5.3217 ms 84.5% ALLOW_TF32=True, BLOCK_K=32, BLOCK_M=64, BLOCK_N=64, GROUPS=1, KERNEL_D=3, KERNEL_H=3, KERNEL_W=3, PADDING_D=0, PADDING_H=1, PADDING_W=1, STRIDE_D=1, STRIDE_H=1, STRIDE_W=1, UNROLL=False, num_stages=2, num_warps=4
  triton_convolution3d_517 5.8317 ms 77.1% ALLOW_TF32=True, BLOCK_K=16, BLOCK_M=256, BLOCK_N=64, GROUPS=1, KERNEL_D=3, KERNEL_H=3, KERNEL_W=3, PADDING_D=0, PADDING_H=1, PADDING_W=1, STRIDE_D=1, STRIDE_H=1, STRIDE_W=1, UNROLL=False, num_stages=2, num_warps=4
  triton_convolution3d_516 6.0324 ms 74.6% ALLOW_TF32=True, BLOCK_K=16, BLOCK_M=64, BLOCK_N=128, GROUPS=1, KERNEL_D=3, KERNEL_H=3, KERNEL_W=3, PADDING_D=0, PADDING_H=1, PADDING_W=1, STRIDE_D=1, STRIDE_H=1, STRIDE_W=1, UNROLL=False, num_stages=2, num_warps=4
  triton_convolution3d_518 13.3929 ms 33.6% ALLOW_TF32=True, BLOCK_K=16, BLOCK_M=1024, BLOCK_N=16, GROUPS=1, KERNEL_D=3, KERNEL_H=3, KERNEL_W=3, PADDING_D=0, PADDING_H=1, PADDING_W=1, STRIDE_D=1, STRIDE_H=1, STRIDE_W=1, UNROLL=False, num_stages=1, num_warps=8
SingleProcess AUTOTUNE benchmarking takes 0.5641 seconds and 0.0006 seconds precompiling for 8 choices
AUTOTUNE convolution(1x96x6x464x832, 3x96x3x3x3)
strides: [222363648, 1, 37060608, 79872, 96], [2592, 1, 864, 288, 96]
dtypes: torch.float16, torch.float16
  triton_convolution3d_563 1.1936 ms 100.0% ALLOW_TF32=True, BLOCK_K=32, BLOCK_M=256, BLOCK_N=16, GROUPS=1, KERNEL_D=3, KERNEL_H=3, KERNEL_W=3, PADDING_D=0, PADDING_H=1, PADDING_W=1, STRIDE_D=1, STRIDE_H=1, STRIDE_W=1, UNROLL=False, num_stages=2, num_warps=8
  triton_convolution3d_562 1.2045 ms 99.1% ALLOW_TF32=True, BLOCK_K=32, BLOCK_M=64, BLOCK_N=16, GROUPS=1, KERNEL_D=3, KERNEL_H=3, KERNEL_W=3, PADDING_D=0, PADDING_H=1, PADDING_W=1, STRIDE_D=1, STRIDE_H=1, STRIDE_W=1, UNROLL=False, num_stages=2, num_warps=4
  convolution 1.2198 ms 97.8% 
  triton_convolution3d_561 1.2476 ms 95.7% ALLOW_TF32=True, BLOCK_K=32, BLOCK_M=128, BLOCK_N=16, GROUPS=1, KERNEL_D=3, KERNEL_H=3, KERNEL_W=3, PADDING_D=0, PADDING_H=1, PADDING_W=1, STRIDE_D=1, STRIDE_H=1, STRIDE_W=1, UNROLL=False, num_stages=2, num_warps=8
  triton_convolution3d_558 2.2026 ms 54.2% ALLOW_TF32=True, BLOCK_K=16, BLOCK_M=64, BLOCK_N=16, GROUPS=1, KERNEL_D=3, KERNEL_H=3, KERNEL_W=3, PADDING_D=0, PADDING_H=1, PADDING_W=1, STRIDE_D=1, STRIDE_H=1, STRIDE_W=1, UNROLL=False, num_stages=2, num_warps=4
  triton_convolution3d_559 2.2089 ms 54.0% ALLOW_TF32=True, BLOCK_K=16, BLOCK_M=256, BLOCK_N=16, GROUPS=1, KERNEL_D=3, KERNEL_H=3, KERNEL_W=3, PADDING_D=0, PADDING_H=1, PADDING_W=1, STRIDE_D=1, STRIDE_H=1, STRIDE_W=1, UNROLL=False, num_stages=2, num_warps=4
  triton_convolution3d_560 2.2723 ms 52.5% ALLOW_TF32=True, BLOCK_K=16, BLOCK_M=1024, BLOCK_N=16, GROUPS=1, KERNEL_D=3, KERNEL_H=3, KERNEL_W=3, PADDING_D=0, PADDING_H=1, PADDING_W=1, STRIDE_D=1, STRIDE_H=1, STRIDE_W=1, UNROLL=False, num_stages=1, num_warps=8
SingleProcess AUTOTUNE benchmarking takes 0.3136 seconds and 0.0005 seconds precompiling for 7 choices
 10%|#         | 1/10 [04:18<38:44, 258.31s/it] 20%|##        | 2/10 [04:27<14:52, 111.57s/it] 30%|###       | 3/10 [04:27<07:05, 60.85s/it]  40%|####      | 4/10 [04:28<03:42, 37.05s/it] 50%|#####     | 5/10 [04:37<02:14, 27.00s/it] 60%|######    | 6/10 [04:38<01:12, 18.03s/it] 70%|#######   | 7/10 [04:38<00:37, 12.34s/it] 80%|########  | 8/10 [04:39<00:17,  8.61s/it] 90%|######### | 9/10 [04:39<00:06,  6.12s/it]100%|##########| 10/10 [04:40<00:00,  4.42s/it]100%|##########| 10/10 [04:40<00:00, 28.05s/it]
[2026-10-06 15:24:40,622] INFO: Saving generated video to /workspace/runs/s0/b1_cold.mp4
BENCH_E2E trial 1: 25.36 FPS (interval p50 631.0 ms, p95 632.2, p99 632.4; 5 steady chunks), first frame 265500 ms
BENCH_E2E preset=fast gpus=2 832x464, 1 rollout: 25.36 FPS, 9.79 MPPS, interval p95 632.2 ms, first frame 265500 ms (cold: includes compile)
[worker] run took 289.7 s

