[2026-10-06 00:12:36,992] INFO: Generation job args: Namespace(preset='fast', bench=True, bench_e2e=False, trials=1, warmup=0, task='i2v-1.3B', size='480*832', frame_num=157, chunk_size=4, ckpt_dir='weights/lingbot-world-v2-1.3b-causal-fast', assets_dir='weights/lingbot-world-v2-14b-causal-fast', offload_model=False, t5_cpu=False, decoder_gpu=None, ulysses_size=1, dit_fsdp=False, t5_fsdp=False, save_file='/workspace/runs/a2a8/fast3.mp4', save_dir='output', prompt='A serene lakeside scene with a lone tree standing in calm water, surrounded by distant snow-capped mountains under a bright blue sky with drifting white clouds — gentle ripples reflect the tree and sky, creating a tranquil, meditative atmosphere.', image='examples/03/image.jpg', action_path='examples/03', base_seed=42, sample_shift=5.0, local_attn_size=18, sink_size=6, max_attention_size=None)
[2026-10-06 00:12:37,719] INFO: loading weights/lingbot-world-v2-14b-causal-fast/Wan2.1_VAE.pth
[2026-10-06 00:12:38,951] INFO: Fused decoder (compile=max-autotune-no-cudagraphs)
[2026-10-06 00:12:38,951] INFO: Loading WanModelFast from weights/lingbot-world-v2-1.3b-causal-fast
[2026-10-06 00:12:38,951] INFO: config.json not found in weights/lingbot-world-v2-1.3b-causal-fast; building WanModelFast from the task config and loading safetensors weights.
There are modules in WanModelFast that should be kept in float32: []. Casting directly with `to()` can lead to inconsistent results; set `torch_dtype` in `from_pretrained()` instead to keep these modules in float32.
[2026-10-06 00:12:41,291] INFO: FP8 rowwise enabled on 420 of 420 Linear layers
[2026-10-06 00:12:41,292] INFO: Inductor: multi_kernel=1, coordinate_descent_tuning, realize_reads_threshold=8
[2026-10-06 00:12:42,812] INFO: torch.compile enabled (mode=1)
[2026-10-06 00:12:42,813] INFO: Generating video ...
  0%|          | 0/10 [00:00<?, ?it/s][2026-10-06 00:14:01,549] INFO: BENCH chunk=0 chunk_s=70.126 loop_s=70.126
 10%|█         | 1/10 [01:10<10:31, 70.12s/it][2026-10-06 00:14:15,435] INFO: BENCH chunk=1 chunk_s=13.887 loop_s=84.012
 20%|██        | 2/10 [01:24<04:56, 37.04s/it][2026-10-06 00:14:15,970] INFO: BENCH chunk=2 chunk_s=0.535 loop_s=84.547
 30%|███       | 3/10 [01:24<02:22, 20.37s/it][2026-10-06 00:14:16,584] INFO: BENCH chunk=3 chunk_s=0.614 loop_s=85.161
 40%|████      | 4/10 [01:25<01:15, 12.57s/it][2026-10-06 00:14:22,714] INFO: BENCH chunk=4 chunk_s=6.130 loop_s=91.291
 50%|█████     | 5/10 [01:31<00:51, 10.25s/it][2026-10-06 00:14:23,379] INFO: BENCH chunk=5 chunk_s=0.665 loop_s=91.956
 60%|██████    | 6/10 [01:31<00:27,  6.99s/it][2026-10-06 00:14:24,045] INFO: BENCH chunk=6 chunk_s=0.666 loop_s=92.622
 70%|███████   | 7/10 [01:32<00:14,  4.92s/it][2026-10-06 00:14:24,711] INFO: BENCH chunk=7 chunk_s=0.666 loop_s=93.288
 80%|████████  | 8/10 [01:33<00:07,  3.57s/it][2026-10-06 00:14:25,377] INFO: BENCH chunk=8 chunk_s=0.667 loop_s=93.954
 90%|█████████ | 9/10 [01:33<00:02,  2.66s/it][2026-10-06 00:14:26,045] INFO: BENCH chunk=9 chunk_s=0.667 loop_s=94.621
100%|██████████| 10/10 [01:34<00:00,  2.05s/it]100%|██████████| 10/10 [01:34<00:00,  9.46s/it]
[2026-10-06 00:14:44,522] INFO: BENCH vae_decode_s=3.493
[2026-10-06 00:14:44,523] INFO: Saving generated video to /workspace/runs/a2a8/fast3.mp4
BENCH preset=fast gpus=1 chunks=10 dit_s_per_chunk(first)=70.126 steady_median=0.666 -> denoise-loop FPS 24.0
BENCH vae_decode_s_per_chunk=0.349 -> as-played FPS 15.8 (real time = 16)
BENCH chunk_s=70.126 13.887 0.535 0.614 6.130 0.665 0.666 0.666 0.667 0.667
[2026-10-06 00:14:47,640] INFO: Finished.
