[2026-10-05 23:57:51,886] INFO: Generation job args: Namespace(preset='fast', bench=True, bench_e2e=False, trials=1, warmup=0, task='i2v-1.3B', size='480*832', frame_num=157, chunk_size=4, ckpt_dir='weights/lingbot-world-v2-1.3b-causal-fast', assets_dir='weights/lingbot-world-v2-14b-causal-fast', offload_model=False, t5_cpu=False, decoder_gpu=None, ulysses_size=1, dit_fsdp=False, t5_fsdp=False, save_file='/workspace/runs/a2a8/fast1.mp4', save_dir='output', prompt='A serene lakeside scene with a lone tree standing in calm water, surrounded by distant snow-capped mountains under a bright blue sky with drifting white clouds — gentle ripples reflect the tree and sky, creating a tranquil, meditative atmosphere.', image='examples/03/image.jpg', action_path='examples/03', base_seed=42, sample_shift=5.0, local_attn_size=18, sink_size=6, max_attention_size=None)
[2026-10-05 23:57:52,527] INFO: loading weights/lingbot-world-v2-14b-causal-fast/Wan2.1_VAE.pth
[2026-10-05 23:57:53,739] INFO: Fused decoder (compile=max-autotune-no-cudagraphs)
[2026-10-05 23:57:53,739] INFO: Loading WanModelFast from weights/lingbot-world-v2-1.3b-causal-fast
[2026-10-05 23:57:53,739] INFO: config.json not found in weights/lingbot-world-v2-1.3b-causal-fast; building WanModelFast from the task config and loading safetensors weights.
There are modules in WanModelFast that should be kept in float32: []. Casting directly with `to()` can lead to inconsistent results; set `torch_dtype` in `from_pretrained()` instead to keep these modules in float32.
[2026-10-05 23:57:57,595] INFO: FP8 rowwise enabled on 420 of 420 Linear layers
[2026-10-05 23:57:57,595] INFO: Inductor: multi_kernel=1, coordinate_descent_tuning, realize_reads_threshold=8
[2026-10-05 23:57:59,064] INFO: torch.compile enabled (mode=1)
[2026-10-05 23:57:59,065] INFO: Generating video ...
  0%|          | 0/10 [00:00<?, ?it/s][2026-10-05 23:59:53,871] INFO: BENCH chunk=0 chunk_s=106.397 loop_s=106.397
 10%|█         | 1/10 [01:46<15:57, 106.39s/it][2026-10-06 00:00:05,449] INFO: BENCH chunk=1 chunk_s=11.578 loop_s=117.975
 20%|██        | 2/10 [01:57<06:44, 50.62s/it] [2026-10-06 00:00:05,978] INFO: BENCH chunk=2 chunk_s=0.529 loop_s=118.504
 30%|███       | 3/10 [01:58<03:14, 27.75s/it][2026-10-06 00:00:06,590] INFO: BENCH chunk=3 chunk_s=0.612 loop_s=119.116
 40%|████      | 4/10 [01:59<01:42, 17.03s/it][2026-10-06 00:00:31,297] INFO: BENCH chunk=4 chunk_s=24.706 loop_s=143.823
 50%|█████     | 5/10 [02:23<01:39, 19.80s/it][2026-10-06 00:00:31,960] INFO: BENCH chunk=5 chunk_s=0.663 loop_s=144.485
 60%|██████    | 6/10 [02:24<00:53, 13.29s/it][2026-10-06 00:00:32,622] INFO: BENCH chunk=6 chunk_s=0.663 loop_s=145.148
 70%|███████   | 7/10 [02:25<00:27,  9.16s/it][2026-10-06 00:00:33,286] INFO: BENCH chunk=7 chunk_s=0.663 loop_s=145.811
 80%|████████  | 8/10 [02:25<00:12,  6.46s/it][2026-10-06 00:00:33,950] INFO: BENCH chunk=8 chunk_s=0.664 loop_s=146.476
 90%|█████████ | 9/10 [02:26<00:04,  4.65s/it][2026-10-06 00:00:34,616] INFO: BENCH chunk=9 chunk_s=0.665 loop_s=147.141
100%|██████████| 10/10 [02:27<00:00,  3.42s/it]100%|██████████| 10/10 [02:27<00:00, 14.71s/it]
[2026-10-06 00:01:20,098] INFO: BENCH vae_decode_s=3.475
[2026-10-06 00:01:20,101] INFO: Saving generated video to /workspace/runs/a2a8/fast1.mp4
BENCH preset=fast gpus=1 chunks=10 dit_s_per_chunk(first)=106.397 steady_median=0.663 -> denoise-loop FPS 24.1
BENCH vae_decode_s_per_chunk=0.348 -> as-played FPS 15.8 (real time = 16)
BENCH chunk_s=106.397 11.578 0.529 0.612 24.706 0.663 0.663 0.663 0.664 0.665
[2026-10-06 00:01:23,029] INFO: Finished.
