[2026-10-06 00:04:14,705] INFO: Generation job args: Namespace(preset='fast', bench=True, bench_e2e=False, trials=1, warmup=0, task='i2v-1.3B', size='480*832', frame_num=157, chunk_size=4, ckpt_dir='weights/lingbot-world-v2-1.3b-causal-fast', assets_dir='weights/lingbot-world-v2-14b-causal-fast', offload_model=False, t5_cpu=False, decoder_gpu=None, ulysses_size=1, dit_fsdp=False, t5_fsdp=False, save_file='/workspace/runs/a2a8/qk2.mp4', save_dir='output', prompt='A serene lakeside scene with a lone tree standing in calm water, surrounded by distant snow-capped mountains under a bright blue sky with drifting white clouds — gentle ripples reflect the tree and sky, creating a tranquil, meditative atmosphere.', image='examples/03/image.jpg', action_path='examples/03', base_seed=42, sample_shift=5.0, local_attn_size=18, sink_size=6, max_attention_size=None)
[2026-10-06 00:04:15,276] INFO: loading weights/lingbot-world-v2-14b-causal-fast/Wan2.1_VAE.pth
[2026-10-06 00:04:16,144] INFO: Fused decoder (compile=max-autotune-no-cudagraphs)
[2026-10-06 00:04:16,144] INFO: Loading WanModelFast from weights/lingbot-world-v2-1.3b-causal-fast
[2026-10-06 00:04:16,144] INFO: config.json not found in weights/lingbot-world-v2-1.3b-causal-fast; building WanModelFast from the task config and loading safetensors weights.
There are modules in WanModelFast that should be kept in float32: []. Casting directly with `to()` can lead to inconsistent results; set `torch_dtype` in `from_pretrained()` instead to keep these modules in float32.
[2026-10-06 00:04:18,348] INFO: FP8 rowwise enabled on 420 of 420 Linear layers
[2026-10-06 00:04:18,349] INFO: Inductor: multi_kernel=1, coordinate_descent_tuning, realize_reads_threshold=8
[2026-10-06 00:04:19,574] INFO: torch.compile enabled (mode=1)
[2026-10-06 00:04:19,575] INFO: Generating video ...
  0%|          | 0/10 [00:00<?, ?it/s][2026-10-06 00:06:07,606] INFO: BENCH chunk=0 chunk_s=99.603 loop_s=99.603
 10%|█         | 1/10 [01:39<14:56, 99.60s/it][2026-10-06 00:06:38,691] INFO: BENCH chunk=1 chunk_s=31.086 loop_s=130.689
 20%|██        | 2/10 [02:10<07:54, 59.30s/it][2026-10-06 00:06:39,244] INFO: BENCH chunk=2 chunk_s=0.552 loop_s=131.241
 30%|███       | 3/10 [02:11<03:47, 32.47s/it][2026-10-06 00:06:39,876] INFO: BENCH chunk=3 chunk_s=0.633 loop_s=131.874
 40%|████      | 4/10 [02:11<01:59, 19.90s/it][2026-10-06 00:06:53,398] INFO: BENCH chunk=4 chunk_s=13.522 loop_s=145.396
 50%|█████     | 5/10 [02:25<01:28, 17.60s/it][2026-10-06 00:06:54,083] INFO: BENCH chunk=5 chunk_s=0.685 loop_s=146.081
 60%|██████    | 6/10 [02:26<00:47, 11.85s/it][2026-10-06 00:06:54,767] INFO: BENCH chunk=6 chunk_s=0.684 loop_s=146.765
 70%|███████   | 7/10 [02:26<00:24,  8.20s/it][2026-10-06 00:06:55,452] INFO: BENCH chunk=7 chunk_s=0.685 loop_s=147.450
 80%|████████  | 8/10 [02:27<00:11,  5.81s/it][2026-10-06 00:06:56,138] INFO: BENCH chunk=8 chunk_s=0.686 loop_s=148.135
 90%|█████████ | 9/10 [02:28<00:04,  4.21s/it][2026-10-06 00:06:56,824] INFO: BENCH chunk=9 chunk_s=0.686 loop_s=148.822
100%|██████████| 10/10 [02:28<00:00,  3.12s/it]100%|██████████| 10/10 [02:28<00:00, 14.88s/it]
[2026-10-06 00:07:17,699] INFO: BENCH vae_decode_s=3.519
[2026-10-06 00:07:17,702] INFO: Saving generated video to /workspace/runs/a2a8/qk2.mp4
BENCH preset=fast gpus=1 chunks=10 dit_s_per_chunk(first)=99.603 steady_median=0.685 -> denoise-loop FPS 23.4
BENCH vae_decode_s_per_chunk=0.352 -> as-played FPS 15.4 (real time = 16)
BENCH chunk_s=99.603 31.086 0.552 0.633 13.522 0.685 0.684 0.685 0.686 0.686
[2026-10-06 00:07:20,840] INFO: Finished.
