[2026-10-06 00:07:14,904] INFO: Generation job args: Namespace(preset='fast', bench=True, bench_e2e=False, trials=1, warmup=0, task='i2v-1.3B', size='480*832', frame_num=157, chunk_size=4, ckpt_dir='weights/lingbot-world-v2-1.3b-causal-fast', assets_dir='weights/lingbot-world-v2-14b-causal-fast', offload_model=False, t5_cpu=False, decoder_gpu=None, ulysses_size=1, dit_fsdp=False, t5_fsdp=False, save_file='/workspace/runs/a2a8/qkv1.mp4', save_dir='output', prompt='A serene lakeside scene with a lone tree standing in calm water, surrounded by distant snow-capped mountains under a bright blue sky with drifting white clouds — gentle ripples reflect the tree and sky, creating a tranquil, meditative atmosphere.', image='examples/03/image.jpg', action_path='examples/03', base_seed=42, sample_shift=5.0, local_attn_size=18, sink_size=6, max_attention_size=None)
[2026-10-06 00:07:15,562] INFO: loading weights/lingbot-world-v2-14b-causal-fast/Wan2.1_VAE.pth
[2026-10-06 00:07:16,614] INFO: Fused decoder (compile=max-autotune-no-cudagraphs)
[2026-10-06 00:07:16,614] INFO: Loading WanModelFast from weights/lingbot-world-v2-1.3b-causal-fast
[2026-10-06 00:07:16,614] INFO: config.json not found in weights/lingbot-world-v2-1.3b-causal-fast; building WanModelFast from the task config and loading safetensors weights.
There are modules in WanModelFast that should be kept in float32: []. Casting directly with `to()` can lead to inconsistent results; set `torch_dtype` in `from_pretrained()` instead to keep these modules in float32.
[2026-10-06 00:07:19,940] INFO: FP8 rowwise enabled on 420 of 420 Linear layers
[2026-10-06 00:07:19,941] INFO: Inductor: multi_kernel=1, coordinate_descent_tuning, realize_reads_threshold=8
[2026-10-06 00:07:21,321] INFO: torch.compile enabled (mode=1)
[2026-10-06 00:07:21,322] INFO: Generating video ...
  0%|          | 0/10 [00:00<?, ?it/s][2026-10-06 00:10:20,749] INFO: BENCH chunk=0 chunk_s=171.036 loop_s=171.036
 10%|█         | 1/10 [02:51<25:39, 171.03s/it][2026-10-06 00:11:14,286] INFO: BENCH chunk=1 chunk_s=53.536 loop_s=224.572
 20%|██        | 2/10 [03:44<13:35, 101.92s/it][2026-10-06 00:11:14,840] INFO: BENCH chunk=2 chunk_s=0.555 loop_s=225.127
 30%|███       | 3/10 [03:45<06:29, 55.63s/it] [2026-10-06 00:11:15,476] INFO: BENCH chunk=3 chunk_s=0.636 loop_s=225.763
 40%|████      | 4/10 [03:45<03:23, 33.92s/it][2026-10-06 00:11:59,817] INFO: BENCH chunk=4 chunk_s=44.341 loop_s=270.104
 50%|█████     | 5/10 [04:30<03:08, 37.68s/it][2026-10-06 00:12:00,503] INFO: BENCH chunk=5 chunk_s=0.686 loop_s=270.790
 60%|██████    | 6/10 [04:30<01:40, 25.10s/it][2026-10-06 00:12:01,190] INFO: BENCH chunk=6 chunk_s=0.687 loop_s=271.477
 70%|███████   | 7/10 [04:31<00:51, 17.12s/it][2026-10-06 00:12:01,878] INFO: BENCH chunk=7 chunk_s=0.687 loop_s=272.165
 80%|████████  | 8/10 [04:32<00:23, 11.89s/it][2026-10-06 00:12:02,566] INFO: BENCH chunk=8 chunk_s=0.688 loop_s=272.852
 90%|█████████ | 9/10 [04:32<00:08,  8.39s/it][2026-10-06 00:12:03,254] INFO: BENCH chunk=9 chunk_s=0.688 loop_s=273.541
100%|██████████| 10/10 [04:33<00:00,  6.01s/it]100%|██████████| 10/10 [04:33<00:00, 27.35s/it]
[2026-10-06 00:12:18,919] INFO: BENCH vae_decode_s=3.485
[2026-10-06 00:12:18,920] INFO: Saving generated video to /workspace/runs/a2a8/qkv1.mp4
BENCH preset=fast gpus=1 chunks=10 dit_s_per_chunk(first)=171.036 steady_median=0.687 -> denoise-loop FPS 23.3
BENCH vae_decode_s_per_chunk=0.349 -> as-played FPS 15.4 (real time = 16)
BENCH chunk_s=171.036 53.536 0.555 0.636 44.341 0.686 0.687 0.687 0.688 0.688
[2026-10-06 00:12:22,118] INFO: Finished.
